<!doctype html public "-//w3c//dtd html 4.0 transitional//en">
<html><head>
<title>Static Call Graph - [StemWin_Port_FreeRTOS\StemWin_Port_FreeRTOS.axf]</title></head>
<body><HR>
<H1>Static Call Graph for image StemWin_Port_FreeRTOS\StemWin_Port_FreeRTOS.axf</H1><HR>
<BR><P>#&#060CALLGRAPH&#062# ARM Linker, 5060422: Last Updated: Wed Nov 27 03:52:06 2024
<BR><P>
<H3>Maximum Stack Usage =        784 bytes + Unknown(Functions without stacksize, Cycles, Untraceable Function Pointers)</H3><H3>
Call chain for Maximum Stack Depth:</H3>
WebServer_Task &rArr; MX_LWIP_Init &rArr; netif_add &rArr; netif_set_addr &rArr; netif_do_set_ipaddr &rArr; netif_do_ip_addr_changed &rArr; tcp_netif_ip_addr_changed &rArr; tcp_netif_ip_addr_changed_pcblist &rArr; tcp_abort &rArr; tcp_abandon &rArr; tcp_pcb_remove &rArr; tcp_output &rArr; tcp_send_empty_ack &rArr; tcp_output_control_segment &rArr; ip4_output_if &rArr; ip4_output_if_src &rArr; ip4_frag &rArr; pbuf_alloc &rArr; pbuf_alloc_reference &rArr; memp_malloc &rArr; do_memp_malloc_pool &rArr; mem_malloc &rArr; sys_mutex_unlock &rArr; osMutexRelease &rArr; xQueueGenericSend &rArr; xTaskResumeAll &rArr; xTaskIncrementTick
<P>
<H3>
Functions with no stack information
</H3><UL>
 <LI><a href="#[82]">BUTTON_Callback</a>
 <LI><a href="#[f6]">BUTTON_CreateIndirect</a>
 <LI><a href="#[d]">BUTTON_DrawSkinFlex</a>
 <LI><a href="#[173]">BUTTON_SetBitmap</a>
 <LI><a href="#[175]">BUTTON__SetDrawObj</a>
 <LI><a href="#[176]">GL_DrawLine1Ex</a>
 <LI><a href="#[177]">GL_DrawPoint</a>
 <LI><a href="#[179]">GL_FillCircle</a>
 <LI><a href="#[1c3]">GL_FillPolygon</a>
 <LI><a href="#[17a]">GL_SetDefault</a>
 <LI><a href="#[105]">GUIMONO_DispChar</a>
 <LI><a href="#[106]">GUIMONO_GetCharDistX</a>
 <LI><a href="#[107]">GUIMONO_GetFontInfo</a>
 <LI><a href="#[108]">GUIMONO_IsInFont</a>
 <LI><a href="#[f0]">GUIPROP_DispChar</a>
 <LI><a href="#[f1]">GUIPROP_GetCharDistX</a>
 <LI><a href="#[f2]">GUIPROP_GetFontInfo</a>
 <LI><a href="#[f3]">GUIPROP_IsInFont</a>
 <LI><a href="#[182]">GUITASK_CopyContext</a>
 <LI><a href="#[184]">GUITASK_Init</a>
 <LI><a href="#[188]">GUI_ALLOC_AllocNoInit</a>
 <LI><a href="#[18a]">GUI_ALLOC_AllocZero</a>
 <LI><a href="#[2fe]">GUI_ALLOC_AssignMemory</a>
 <LI><a href="#[18b]">GUI_ALLOC_Free</a>
 <LI><a href="#[1ac]">GUI_ALLOC_FreeFixedBlock</a>
 <LI><a href="#[15a]">GUI_ALLOC_FreePtr</a>
 <LI><a href="#[15b]">GUI_ALLOC_FreePtrArray</a>
 <LI><a href="#[186]">GUI_ALLOC_GetFixedBlock</a>
 <LI><a href="#[18f]">GUI_ALLOC_GetMaxSize</a>
 <LI><a href="#[241]">GUI_ALLOC_GetSize</a>
 <LI><a href="#[1b0]">GUI_ALLOC_Lock</a>
 <LI><a href="#[157]">GUI_ALLOC_LockH</a>
 <LI><a href="#[190]">GUI_ALLOC_RequestSize</a>
 <LI><a href="#[1b2]">GUI_ALLOC_Unlock</a>
 <LI><a href="#[158]">GUI_ALLOC_UnlockH</a>
 <LI><a href="#[1a8]">GUI_ALLOC_h2p</a>
 <LI><a href="#[191]">GUI_BMP_Draw</a>
 <LI><a href="#[193]">GUI_BMP_GetXSize</a>
 <LI><a href="#[195]">GUI_BMP_GetYSize</a>
 <LI><a href="#[84]">GUI_BMP__GetData</a>
 <LI><a href="#[196]">GUI_BMP__Init</a>
 <LI><a href="#[198]">GUI_CURSOR_SetPositionEx</a>
 <LI><a href="#[2ad]">GUI_CalcColorDist</a>
 <LI><a href="#[19c]">GUI_Clear</a>
 <LI><a href="#[1a0]">GUI_CreateDialogBox</a>
 <LI><a href="#[1a9]">GUI_DEVICE_Create</a>
 <LI><a href="#[1aa]">GUI_DEVICE_CreateAndLink</a>
 <LI><a href="#[1ab]">GUI_DEVICE_Delete</a>
 <LI><a href="#[1e6]">GUI_DEVICE_Link</a>
 <LI><a href="#[1df]">GUI_DEVICE_LinkDevices</a>
 <LI><a href="#[252]">GUI_DEVICE_Unlink</a>
 <LI><a href="#[1de]">GUI_DEVICE_UnlinkTaskDevices</a>
 <LI><a href="#[1ec]">GUI_DEVICE__GetpDriver</a>
 <LI><a href="#[174]">GUI_DRAW_BITMAP_Create</a>
 <LI><a href="#[16d]">GUI_DRAW__Draw</a>
 <LI><a href="#[1ad]">GUI_Delay</a>
 <LI><a href="#[16b]">GUI_DispStringInRect</a>
 <LI><a href="#[1b6]">GUI_DispStringInRectWrap</a>
 <LI><a href="#[1bd]">GUI_DrawBitmap</a>
 <LI><a href="#[1bf]">GUI_DrawFocusRect</a>
 <LI><a href="#[1c1]">GUI_DrawGradientH</a>
 <LI><a href="#[166]">GUI_DrawGradientV</a>
 <LI><a href="#[170]">GUI_DrawHLine</a>
 <LI><a href="#[1c2]">GUI_DrawLine</a>
 <LI><a href="#[165]">GUI_DrawRect</a>
 <LI><a href="#[171]">GUI_DrawVLine</a>
 <LI><a href="#[1c4]">GUI_EndDialog</a>
 <LI><a href="#[1af]">GUI_Exec</a>
 <LI><a href="#[172]">GUI_FillRect</a>
 <LI><a href="#[219]">GUI_GetBitmapPixelIndex</a>
 <LI><a href="#[20c]">GUI_GetBitsPerPixelEx</a>
 <LI><a href="#[181]">GUI_GetBkColor</a>
 <LI><a href="#[1ca]">GUI_GetCharDistX</a>
 <LI><a href="#[1cb]">GUI_GetCharDistXEx</a>
 <LI><a href="#[168]">GUI_GetClientRect</a>
 <LI><a href="#[180]">GUI_GetColor</a>
 <LI><a href="#[199]">GUI_GetCursorLayer</a>
 <LI><a href="#[1b8]">GUI_GetFontDistY</a>
 <LI><a href="#[1ce]">GUI_GetLayerPosEx</a>
 <LI><a href="#[1d0]">GUI_GetOrg</a>
 <LI><a href="#[233]">GUI_GetVersionString</a>
 <LI><a href="#[20e]">GUI_GetpfColor2IndexEx</a>
 <LI><a href="#[20d]">GUI_GetpfIndex2ColorEx</a>
 <LI><a href="#[19d]">GUI_GotoXY</a>
 <LI><a href="#[1d1]">GUI_Init</a>
 <LI><a href="#[15e]">GUI_Lock</a>
 <LI><a href="#[1e0]">GUI_MEMDEV_Clear</a>
 <LI><a href="#[1e1]">GUI_MEMDEV_CopyToLCD</a>
 <LI><a href="#[1ea]">GUI_MEMDEV_Create</a>
 <LI><a href="#[1ed]">GUI_MEMDEV_CreateEx</a>
 <LI><a href="#[1ee]">GUI_MEMDEV_CreateFixed</a>
 <LI><a href="#[1ef]">GUI_MEMDEV_Delete</a>
 <LI><a href="#[1f1]">GUI_MEMDEV_Draw</a>
 <LI><a href="#[1fb]">GUI_MEMDEV_GetBitsPerPixel</a>
 <LI><a href="#[1fd]">GUI_MEMDEV_GetDataPtr</a>
 <LI><a href="#[1fe]">GUI_MEMDEV_GetXPos</a>
 <LI><a href="#[1ff]">GUI_MEMDEV_GetYPos</a>
 <LI><a href="#[1f4]">GUI_MEMDEV_GetYSize</a>
 <LI><a href="#[9b]">GUI_MEMDEV_Paint1Static</a>
 <LI><a href="#[1f6]">GUI_MEMDEV_ReduceYSize</a>
 <LI><a href="#[1f5]">GUI_MEMDEV_Select</a>
 <LI><a href="#[1f7]">GUI_MEMDEV_SetOrg</a>
 <LI><a href="#[202]">GUI_MEMDEV_Write</a>
 <LI><a href="#[207]">GUI_MEMDEV_WriteAt</a>
 <LI><a href="#[1eb]">GUI_MEMDEV__CreateFixed</a>
 <LI><a href="#[a0]">GUI_MEMDEV__WriteToActiveAlpha</a>
 <LI><a href="#[206]">GUI_MEMDEV__WriteToActiveAt</a>
 <LI><a href="#[9f]">GUI_MEMDEV__WriteToActiveOpaque</a>
 <LI><a href="#[29e]">GUI_MergeRect</a>
 <LI><a href="#[169]">GUI_MoveRect</a>
 <LI><a href="#[28b]">GUI_PID_GetState</a>
 <LI><a href="#[28a]">GUI_PID_IsEmpty</a>
 <LI><a href="#[211]">GUI_PID_StoreState</a>
 <LI><a href="#[213]">GUI_PollKeyMsg</a>
 <LI><a href="#[215]">GUI_ReadRectEx</a>
 <LI><a href="#[2a8]">GUI_RectsIntersect</a>
 <LI><a href="#[217]">GUI_RestoreContext</a>
 <LI><a href="#[19b]">GUI_SPRITE_SetPosition</a>
 <LI><a href="#[21c]">GUI_SaveContext_W</a>
 <LI><a href="#[1e9]">GUI_SelectLCD</a>
 <LI><a href="#[1e3]">GUI_SelectLayer</a>
 <LI><a href="#[21e]">GUI_SetBkColor</a>
 <LI><a href="#[164]">GUI_SetColor</a>
 <LI><a href="#[2ff]">GUI_SetDefaultFont</a>
 <LI><a href="#[1be]">GUI_SetDrawMode</a>
 <LI><a href="#[167]">GUI_SetFont</a>
 <LI><a href="#[19a]">GUI_SetLayerPosEx</a>
 <LI><a href="#[1db]">GUI_SetOrg</a>
 <LI><a href="#[16a]">GUI_SetTextMode</a>
 <LI><a href="#[212]">GUI_SignalEvent</a>
 <LI><a href="#[15d]">GUI_StoreKey</a>
 <LI><a href="#[220]">GUI_TIMER_Delete</a>
 <LI><a href="#[221]">GUI_TIMER_GetFlag</a>
 <LI><a href="#[222]">GUI_TIMER__GetFirstTimer</a>
 <LI><a href="#[223]">GUI_TIMER__GetNextTimerLin</a>
 <LI><a href="#[225]">GUI_TOUCH_CalcCoefficients</a>
 <LI><a href="#[224]">GUI_TOUCH_Calibrate</a>
 <LI><a href="#[22a]">GUI_TOUCH_CalibratePoint</a>
 <LI><a href="#[226]">GUI_TOUCH_Exec</a>
 <LI><a href="#[229]">GUI_TOUCH_GetLayer</a>
 <LI><a href="#[395]">GUI_TOUCH_GetState</a>
 <LI><a href="#[37b]">GUI_TOUCH_SetOrientation</a>
 <LI><a href="#[22b]">GUI_TOUCH_StoreStateEx</a>
 <LI><a href="#[22f]">GUI_UC_SetEncodeUTF8</a>
 <LI><a href="#[23f]">GUI_UC__GetCharCodeInc</a>
 <LI><a href="#[237]">GUI_UC__NumChars2NumBytes</a>
 <LI><a href="#[2b0]">GUI_USAGE_AddRect</a>
 <LI><a href="#[208]">GUI_USAGE_BM_Create</a>
 <LI><a href="#[1f0]">GUI_USAGE_DecUseCnt</a>
 <LI><a href="#[160]">GUI_Unlock</a>
 <LI><a href="#[209]">GUI__AllocAlphaBuffer</a>
 <LI><a href="#[200]">GUI__AlphaPreserveTrans</a>
 <LI><a href="#[20f]">GUI__CompactPixelIndices</a>
 <LI><a href="#[20b]">GUI__CompactPixelIndicesEx</a>
 <LI><a href="#[1d2]">GUI__Config</a>
 <LI><a href="#[1b9]">GUI__DispLine</a>
 <LI><a href="#[1b5]">GUI__DispStringInRect</a>
 <LI><a href="#[20a]">GUI__DoAlphaBlending</a>
 <LI><a href="#[23b]">GUI__DrawBitmap16bpp</a>
 <LI><a href="#[16f]">GUI__DrawTwinArc4</a>
 <LI><a href="#[23a]">GUI__ExpandPixelIndicesEx</a>
 <LI><a href="#[23c]">GUI__GetAlphaBuffer</a>
 <LI><a href="#[1bc]">GUI__GetLineDistX</a>
 <LI><a href="#[239]">GUI__GetLineNumChars</a>
 <LI><a href="#[238]">GUI__HandleEOLine</a>
 <LI><a href="#[281]">GUI__IntersectRect</a>
 <LI><a href="#[1b4]">GUI__IntersectRects</a>
 <LI><a href="#[240]">GUI__ManageCache</a>
 <LI><a href="#[1b]">GUI__MixColors</a>
 <LI><a href="#[1c]">GUI__MixColorsBulk</a>
 <LI><a href="#[197]">GUI__Read16</a>
 <LI><a href="#[194]">GUI__Read32</a>
 <LI><a href="#[1c0]">GUI__ReduceRect</a>
 <LI><a href="#[185]">GUI__RegisterExit</a>
 <LI><a href="#[162]">GUI__SetText</a>
 <LI><a href="#[1ba]">GUI__WrapGetNumBytesToNextLine</a>
 <LI><a href="#[1bb]">GUI__WrapGetNumCharsDisp</a>
 <LI><a href="#[2b1]">GUI__memset16</a>
 <LI><a href="#[23e]">GUI__sqrt32</a>
 <LI><a href="#[8b]">IMAGE_Callback</a>
 <LI><a href="#[f7]">IMAGE_CreateIndirect</a>
 <LI><a href="#[244]">IMAGE_SetBMP</a>
 <LI><a href="#[247]">IMAGE_SetBitmap</a>
 <LI><a href="#[245]">IMAGE__FreeAttached</a>
 <LI><a href="#[246]">IMAGE__SetWindowSize</a>
 <LI><a href="#[1f]">LCD_AA_MixColors16</a>
 <LI><a href="#[232]">LCD_AA_SetAndMask</a>
 <LI><a href="#[24d]">LCD_Color2Index</a>
 <LI><a href="#[17e]">LCD_DrawBitmap</a>
 <LI><a href="#[fd]">LCD_DrawHLine</a>
 <LI><a href="#[fe]">LCD_DrawPixel</a>
 <LI><a href="#[178]">LCD_DrawVLine</a>
 <LI><a href="#[17f]">LCD_FillRect</a>
 <LI><a href="#[248]">LCD_GetBitsPerPixelEx</a>
 <LI><a href="#[1c8]">LCD_GetBkColorIndex</a>
 <LI><a href="#[1cd]">LCD_GetColorIndex</a>
 <LI><a href="#[23d]">LCD_GetNextPixelAPI</a>
 <LI><a href="#[249]">LCD_GetNumColors</a>
 <LI><a href="#[24a]">LCD_GetNumColorsEx</a>
 <LI><a href="#[24b]">LCD_GetNumLayers</a>
 <LI><a href="#[24c]">LCD_GetPalette</a>
 <LI><a href="#[1cf]">LCD_GetPosEx</a>
 <LI><a href="#[1f9]">LCD_GetVXSizeEx</a>
 <LI><a href="#[231]">LCD_GetVXSizeMax</a>
 <LI><a href="#[1fa]">LCD_GetVYSizeEx</a>
 <LI><a href="#[203]">LCD_GetXSize</a>
 <LI><a href="#[1d6]">LCD_GetXSizeDisplay</a>
 <LI><a href="#[1f2]">LCD_GetXSizeEx</a>
 <LI><a href="#[1d8]">LCD_GetXSizeMax</a>
 <LI><a href="#[204]">LCD_GetYSize</a>
 <LI><a href="#[1d7]">LCD_GetYSizeDisplay</a>
 <LI><a href="#[1f3]">LCD_GetYSizeEx</a>
 <LI><a href="#[1d9]">LCD_GetYSizeMax</a>
 <LI><a href="#[b]">LCD_GetpPalConvTableBM</a>
 <LI><a href="#[24e]">LCD_GetpfColor2IndexEx</a>
 <LI><a href="#[1c9]">LCD_Index2Color</a>
 <LI><a href="#[9d]">LCD_Index2Color_565</a>
 <LI><a href="#[8a]">LCD_Index2Color_888</a>
 <LI><a href="#[85]">LCD_Index2Color_8888</a>
 <LI><a href="#[2af]">LCD_Index2Color_M555</a>
 <LI><a href="#[9e]">LCD_Index2Color_M565</a>
 <LI><a href="#[24f]">LCD_InitColors</a>
 <LI><a href="#[250]">LCD_InitLUT</a>
 <LI><a href="#[21d]">LCD_SelectLCD</a>
 <LI><a href="#[17b]">LCD_SetBkColor</a>
 <LI><a href="#[257]">LCD_SetBkColorIndex</a>
 <LI><a href="#[253]">LCD_SetClipRectEx</a>
 <LI><a href="#[1e8]">LCD_SetClipRectMax</a>
 <LI><a href="#[17c]">LCD_SetColor</a>
 <LI><a href="#[256]">LCD_SetColorIndex</a>
 <LI><a href="#[1da]">LCD_SetDisplaySize</a>
 <LI><a href="#[17d]">LCD_SetDrawMode</a>
 <LI><a href="#[251]">LCD_SetLUTEntryEx</a>
 <LI><a href="#[21f]">LCD_SetPosEx</a>
 <LI><a href="#[254]">LCD_SetSizeEx</a>
 <LI><a href="#[255]">LCD_SetVSizeEx</a>
 <LI><a href="#[1e7]">LCD_UpdateColorIndices</a>
 <LI><a href="#[210]">LCD__DrawBitmap_1bpp</a>
 <LI><a href="#[3ce]">LCD__GetBPP</a>
 <LI><a href="#[1fc]">LCD__GetBPPDevice</a>
 <LI><a href="#[93]">SLIDER_Callback</a>
 <LI><a href="#[f8]">SLIDER_CreateIndirect</a>
 <LI><a href="#[e]">SLIDER_DrawSkinFlex</a>
 <LI><a href="#[25c]">SLIDER_GetFlag</a>
 <LI><a href="#[25d]">SLIDER_GetValue</a>
 <LI><a href="#[25e]">SLIDER_SetFocusColor</a>
 <LI><a href="#[25f]">SLIDER_SetNumTicks</a>
 <LI><a href="#[260]">SLIDER_SetRange</a>
 <LI><a href="#[261]">SLIDER_SetValue</a>
 <LI><a href="#[94]">TEXT_Callback</a>
 <LI><a href="#[f5]">TEXT_CreateIndirect</a>
 <LI><a href="#[264]">TEXT_SetFont</a>
 <LI><a href="#[265]">TEXT_SetText</a>
 <LI><a href="#[266]">TEXT_SetTextAlign</a>
 <LI><a href="#[267]">TEXT_SetTextColor</a>
 <LI><a href="#[15c]">WIDGET_AndState</a>
 <LI><a href="#[154]">WIDGET_HandleActive</a>
 <LI><a href="#[156]">WIDGET_OrState</a>
 <LI><a href="#[258]">WIDGET__GetWindowSizeX</a>
 <LI><a href="#[161]">WIDGET__Init</a>
 <LI><a href="#[95]">WINDOW_Callback</a>
 <LI><a href="#[f4]">WINDOW_CreateIndirect</a>
 <LI><a href="#[272]">WINDOW_SetBkColor</a>
 <LI><a href="#[1e4]">WM_Activate</a>
 <LI><a href="#[273]">WM_BringToBottom</a>
 <LI><a href="#[26a]">WM_BringToTop</a>
 <LI><a href="#[15f]">WM_CreateWindowAsChild</a>
 <LI><a href="#[1e5]">WM_Deactivate</a>
 <LI><a href="#[155]">WM_DefaultProc</a>
 <LI><a href="#[1a3]">WM_DeleteWindow</a>
 <LI><a href="#[1c7]">WM_Exec</a>
 <LI><a href="#[278]">WM_ForEachDesc</a>
 <LI><a href="#[289]">WM_GetActiveWindow</a>
 <LI><a href="#[1cc]">WM_GetClientRect</a>
 <LI><a href="#[243]">WM_GetClientRectEx</a>
 <LI><a href="#[1a1]">WM_GetClientWindow</a>
 <LI><a href="#[1a4]">WM_GetDesktopWindow</a>
 <LI><a href="#[2a0]">WM_GetDesktopWindowEx</a>
 <LI><a href="#[284]">WM_GetDialogItem</a>
 <LI><a href="#[286]">WM_GetFirstChild</a>
 <LI><a href="#[1a6]">WM_GetFocusedWindow</a>
 <LI><a href="#[262]">WM_GetHasTrans</a>
 <LI><a href="#[287]">WM_GetId</a>
 <LI><a href="#[288]">WM_GetParent</a>
 <LI><a href="#[201]">WM_GetWindowOrgX</a>
 <LI><a href="#[26b]">WM_GetWindowSizeX</a>
 <LI><a href="#[26c]">WM_GetWindowSizeY</a>
 <LI><a href="#[86]">WM_HandlePID</a>
 <LI><a href="#[26f]">WM_HasFocus</a>
 <LI><a href="#[293]">WM_HideWindow</a>
 <LI><a href="#[1dc]">WM_Init</a>
 <LI><a href="#[163]">WM_InvalidateWindow</a>
 <LI><a href="#[296]">WM_InvalidateWindowAndDescs</a>
 <LI><a href="#[297]">WM_InvalidateWindowAndDescsEx</a>
 <LI><a href="#[259]">WM_IsFocusable</a>
 <LI><a href="#[26e]">WM_IsWindow</a>
 <LI><a href="#[299]">WM_MoveWindow</a>
 <LI><a href="#[159]">WM_NotifyParent</a>
 <LI><a href="#[214]">WM_OnKey</a>
 <LI><a href="#[28e]">WM_PID__SetPrevState</a>
 <LI><a href="#[292]">WM_ReleaseCapture</a>
 <LI><a href="#[29c]">WM_ResizeWindow</a>
 <LI><a href="#[290]">WM_Screen2hWin</a>
 <LI><a href="#[1c5]">WM_SendMessage</a>
 <LI><a href="#[1a5]">WM_SendMessageNoPara</a>
 <LI><a href="#[27c]">WM_SendToParent</a>
 <LI><a href="#[25a]">WM_SetCapture</a>
 <LI><a href="#[25b]">WM_SetFocus</a>
 <LI><a href="#[1a7]">WM_SetFocusOnNextChild</a>
 <LI><a href="#[26d]">WM_SetFocusOnPrevChild</a>
 <LI><a href="#[16e]">WM_SetHasTrans</a>
 <LI><a href="#[205]">WM_SetSize</a>
 <LI><a href="#[1b3]">WM_SetUserClipRect</a>
 <LI><a href="#[1a2]">WM_ShowWindow</a>
 <LI><a href="#[2a5]">WM_ValidateWindow</a>
 <LI><a href="#[2a6]">WM__ActivateClipRect</a>
 <LI><a href="#[28c]">WM__AddCriticalHandle</a>
 <LI><a href="#[27e]">WM__DeleteAssocTimer</a>
 <LI><a href="#[1c6]">WM__DeleteSecure</a>
 <LI><a href="#[283]">WM__ForEachDesc</a>
 <LI><a href="#[27b]">WM__GetClientRectEx</a>
 <LI><a href="#[269]">WM__GetClientRectWin</a>
 <LI><a href="#[2a2]">WM__GetFocusedChild</a>
 <LI><a href="#[2a4]">WM__GetLastSibling</a>
 <LI><a href="#[19f]">WM__GetNextIVR</a>
 <LI><a href="#[274]">WM__GetPrevSibling</a>
 <LI><a href="#[2a3]">WM__GetTopLevelLayer</a>
 <LI><a href="#[2b5]">WM__GetWindowSizeX</a>
 <LI><a href="#[2b6]">WM__GetWindowSizeY</a>
 <LI><a href="#[19e]">WM__InitIVRSearch</a>
 <LI><a href="#[277]">WM__InsertWindowIntoList</a>
 <LI><a href="#[295]">WM__InvalidateDrawAndDescs</a>
 <LI><a href="#[29b]">WM__InvalidateParent</a>
 <LI><a href="#[27f]">WM__InvalidateRect</a>
 <LI><a href="#[275]">WM__InvalidateRectEx</a>
 <LI><a href="#[271]">WM__IsAncestor</a>
 <LI><a href="#[270]">WM__IsAncestorOrSelf</a>
 <LI><a href="#[16c]">WM__IsEnabled</a>
 <LI><a href="#[298]">WM__IsWindow</a>
 <LI><a href="#[9a]">WM__Paint1</a>
 <LI><a href="#[28f]">WM__RemoveCriticalHandle</a>
 <LI><a href="#[276]">WM__RemoveWindowFromList</a>
 <LI><a href="#[279]">WM__SendMessage</a>
 <LI><a href="#[291]">WM__SendMessageIfEnabled</a>
 <LI><a href="#[1f8]">WM__SendMessageNoPara</a>
 <LI><a href="#[29f]">WM__SendMsgNoData</a>
 <LI><a href="#[28d]">WM__SendTouchMessage</a>
 <LI><a href="#[268]">WM__UpdateChildPositions</a>
 <LI><a href="#[1d5]">emWin_LCD_Init</a>
 <LI><a href="#[f9]">_Color2Index_M565</a>
 <LI><a href="#[fa]">_GetIndexMask_M565</a>
 <LI><a href="#[fb]">_Color2IndexBulk</a>
 <LI><a href="#[fc]">_Index2ColorBulk</a>
 <LI><a href="#[18c]">_AddFreeMemory</a>
 <LI><a href="#[18e]">_RemoveHoles</a>
 <LI><a href="#[18d]">_EnlargeBlocks</a>
 <LI><a href="#[189]">_Alloc</a>
 <LI><a href="#[1d4]">_InitContext</a>
 <LI><a href="#[89]">_OnExit</a>
 <LI><a href="#[100]">_DrawBitmap</a>
 <LI><a href="#[ff]">_DrawBitmapSwapRB</a>
 <LI><a href="#[101]">_GetCharCode</a>
 <LI><a href="#[102]">_GetCharSize</a>
 <LI><a href="#[103]">_CalcSizeOfChar</a>
 <LI><a href="#[104]">_Encode</a>
 <LI><a href="#[113]">_GetDevData</a>
 <LI><a href="#[111]">_GetDevFunc</a>
 <LI><a href="#[110]">_SetOrg</a>
 <LI><a href="#[114]">_GetRect</a>
 <LI><a href="#[109]">_DrawBitmap</a>
 <LI><a href="#[112]">_GetDevProp</a>
 <LI><a href="#[10d]">_GetPixelIndex</a>
 <LI><a href="#[10e]">_SetPixelIndex</a>
 <LI><a href="#[10f]">_XorPixel</a>
 <LI><a href="#[10c]">_FillRect</a>
 <LI><a href="#[10a]">_DrawHLine</a>
 <LI><a href="#[10b]">_DrawVLine</a>
 <LI><a href="#[98]">_OnExit</a>
 <LI><a href="#[2b3]">_Findy1</a>
 <LI><a href="#[2b2]">_Findx0</a>
 <LI><a href="#[2a9]">_Findx1</a>
 <LI><a href="#[2ac]">_Paint1Trans</a>
 <LI><a href="#[2ab]">_PaintTransChildren</a>
 <LI><a href="#[2a7]">_Findx0.constprop.10</a>
 <LI><a href="#[2aa]">_Findy1.constprop.11</a>
 <LI><a href="#[282]">WM__PaintWinAndOverlays</a>
 <LI><a href="#[97]">_cbPaintMemDev</a>
 <LI><a href="#[294]">_Invalidate1Abs</a>
 <LI><a href="#[27a]">WM_InvalidateRect.part.2</a>
 <LI><a href="#[99]">_cbBackWin</a>
 <LI><a href="#[27d]">WM_DeleteWindow.part.3</a>
 <LI><a href="#[280]">_Exec1Input</a>
 <LI><a href="#[29d]">WM_ResizeWindow.part.11</a>
 <LI><a href="#[2b4]">_GetDialogItem.part.4</a>
 <LI><a href="#[285]">_GetDialogItem</a>
 <LI><a href="#[c]">_OnTouchDefault</a>
 <LI><a href="#[8c]">_Paint</a>
 <LI><a href="#[8d]">_PaintTiled</a>
 <LI><a href="#[8e]">_GetImageSize</a>
 <LI><a href="#[8f]">_DrawImageAt</a>
 <LI><a href="#[90]">_GetImageSize</a>
 <LI><a href="#[91]">_DrawImageAt</a>
 <LI><a href="#[115]">_Color2Index_565</a>
 <LI><a href="#[116]">_GetIndexMask_565</a>
 <LI><a href="#[117]">_Color2IndexBulk</a>
 <LI><a href="#[118]">_Index2ColorBulk</a>
 <LI><a href="#[119]">_Color2Index_8888</a>
 <LI><a href="#[11a]">_GetIndexMask_8888</a>
 <LI><a href="#[11b]">_Color2IndexBulk</a>
 <LI><a href="#[11c]">_Index2ColorBulk</a>
 <LI><a href="#[2ae]">_GetClipParam</a>
 <LI><a href="#[9c]">_Index2ColorBitfields</a>
 <LI><a href="#[13]">_DrawLine_RGB</a>
 <LI><a href="#[10]">_NextPixel_SetPixel</a>
 <LI><a href="#[f]">_NextPixel_Start</a>
 <LI><a href="#[12]">_NextPixel_End</a>
 <LI><a href="#[11]">_NextPixel_NextLine</a>
 <LI><a href="#[192]">_Draw</a>
 <LI><a href="#[1b7]">GUI_DispStringInRectWrap.part.1</a>
 <LI><a href="#[87]">_OnExit</a>
 <LI><a href="#[83]">_OnExit</a>
 <LI><a href="#[11d]">_GetCharCode</a>
 <LI><a href="#[11e]">_GetCharSize</a>
 <LI><a href="#[11f]">_CalcSizeOfChar</a>
 <LI><a href="#[120]">_Encode</a>
 <LI><a href="#[122]">_SetBkColor</a>
 <LI><a href="#[121]">_SetColor</a>
 <LI><a href="#[123]">_SetDrawMode</a>
 <LI><a href="#[92]">_OnExit</a>
 <LI><a href="#[1e2]">GUI_MEMDEV_CopyToLCDAt.part.0</a>
 <LI><a href="#[12e]">_GetDevData</a>
 <LI><a href="#[12c]">_GetDevFunc</a>
 <LI><a href="#[12d]">_GetDevProp</a>
 <LI><a href="#[12b]">_SetOrg</a>
 <LI><a href="#[12f]">_GetRect</a>
 <LI><a href="#[124]">_DrawBitmap</a>
 <LI><a href="#[128]">_GetPixelIndex</a>
 <LI><a href="#[129]">_SetPixelIndex</a>
 <LI><a href="#[12a]">_XorPixel</a>
 <LI><a href="#[127]">_FillRect</a>
 <LI><a href="#[125]">_DrawHLine</a>
 <LI><a href="#[126]">_DrawVLine</a>
 <LI><a href="#[29a]">_MoveDescendents</a>
 <LI><a href="#[17]">_Create</a>
 <LI><a href="#[16]">_Paint</a>
 <LI><a href="#[132]">_GetYSize</a>
 <LI><a href="#[131]">_GetXSize</a>
 <LI><a href="#[130]">_DrawBitmap</a>
 <LI><a href="#[19]">_Create</a>
 <LI><a href="#[18]">_Paint</a>
 <LI><a href="#[135]">_GetIndexMask_0</a>
 <LI><a href="#[134]">_Index2Color_0</a>
 <LI><a href="#[133]">_Color2Index_0</a>
 <LI><a href="#[1a]">_Log2VisBuffered</a>
 <LI><a href="#[236]">_DispLine</a>
 <LI><a href="#[88]">_OnExit</a>
 <LI><a href="#[1d]">_GetWordWrap</a>
 <LI><a href="#[1e]">_GetCharWrap</a>
 <LI><a href="#[21]">_NextPixel_SetPixel</a>
 <LI><a href="#[20]">_NextPixel_Start</a>
 <LI><a href="#[22]">_NextPixel_NextLine</a>
 <LI><a href="#[23]">_NextPixel_End</a>
 <LI><a href="#[136]">GUI_USAGE_BM_AddPixel</a>
 <LI><a href="#[13a]">GUI_USAGE_BM_GetNextDirty</a>
 <LI><a href="#[139]">_GUI_USAGE_BM_Delete</a>
 <LI><a href="#[138]">GUI_USAGE_BM_Clear</a>
 <LI><a href="#[137]">GUI_USAGE_BM_AddHLine</a>
 <LI><a href="#[96]">_cbInvalidateOne</a>
 <LI><a href="#[2a1]">_Screen2hWin</a>
 <LI><a href="#[13e]">_DrawDownRect</a>
 <LI><a href="#[13b]">_DrawUp</a>
 <LI><a href="#[13c]">_DrawUpRect</a>
 <LI><a href="#[13d]">_DrawDown</a>
 <LI><a href="#[218]">_CreateBuffer.isra.4</a>
 <LI><a href="#[21a]">_SetBkIndexBuffered</a>
 <LI><a href="#[21b]">_ReleaseBuffer.isra.7</a>
 <LI><a href="#[216]">LCD_ReadRectEx</a>
</UL>
</UL>
<P>
<H3>
Mutually Recursive functions
</H3> <LI><a href="#[40]">ADC_IRQHandler</a>&nbsp;&nbsp;&nbsp;&rArr;&nbsp;&nbsp;&nbsp;<a href="#[40]">ADC_IRQHandler</a><BR>
 <LI><a href="#[279]">WM__SendMessage</a>&nbsp;&nbsp;&nbsp;&rArr;&nbsp;&nbsp;&nbsp;<a href="#[155]">WM_DefaultProc</a><BR>
 <LI><a href="#[27f]">WM__InvalidateRect</a>&nbsp;&nbsp;&nbsp;&rArr;&nbsp;&nbsp;&nbsp;<a href="#[27f]">WM__InvalidateRect</a><BR>
 <LI><a href="#[297]">WM_InvalidateWindowAndDescsEx</a>&nbsp;&nbsp;&nbsp;&rArr;&nbsp;&nbsp;&nbsp;<a href="#[297]">WM_InvalidateWindowAndDescsEx</a><BR>
 <LI><a href="#[295]">WM__InvalidateDrawAndDescs</a>&nbsp;&nbsp;&nbsp;&rArr;&nbsp;&nbsp;&nbsp;<a href="#[295]">WM__InvalidateDrawAndDescs</a><BR>
 <LI><a href="#[283]">WM__ForEachDesc</a>&nbsp;&nbsp;&nbsp;&rArr;&nbsp;&nbsp;&nbsp;<a href="#[283]">WM__ForEachDesc</a><BR>
 <LI><a href="#[29d]">WM_ResizeWindow.part.11</a>&nbsp;&nbsp;&nbsp;&rArr;&nbsp;&nbsp;&nbsp;<a href="#[268]">WM__UpdateChildPositions</a><BR>
 <LI><a href="#[29a]">_MoveDescendents</a>&nbsp;&nbsp;&nbsp;&rArr;&nbsp;&nbsp;&nbsp;<a href="#[29a]">_MoveDescendents</a><BR>
 <LI><a href="#[18d]">_EnlargeBlocks</a>&nbsp;&nbsp;&nbsp;&rArr;&nbsp;&nbsp;&nbsp;<a href="#[189]">_Alloc</a><BR>
 <LI><a href="#[2b3]">_Findy1</a>&nbsp;&nbsp;&nbsp;&rArr;&nbsp;&nbsp;&nbsp;<a href="#[2b3]">_Findy1</a><BR>
 <LI><a href="#[2b2]">_Findx0</a>&nbsp;&nbsp;&nbsp;&rArr;&nbsp;&nbsp;&nbsp;<a href="#[2b2]">_Findx0</a><BR>
 <LI><a href="#[2a9]">_Findx1</a>&nbsp;&nbsp;&nbsp;&rArr;&nbsp;&nbsp;&nbsp;<a href="#[2a9]">_Findx1</a><BR>
 <LI><a href="#[2a1]">_Screen2hWin</a>&nbsp;&nbsp;&nbsp;&rArr;&nbsp;&nbsp;&nbsp;<a href="#[2a1]">_Screen2hWin</a><BR>
 <LI><a href="#[28]">BusFault_Handler</a>&nbsp;&nbsp;&nbsp;&rArr;&nbsp;&nbsp;&nbsp;<a href="#[28]">BusFault_Handler</a><BR>
 <LI><a href="#[296]">WM_InvalidateWindowAndDescs</a>&nbsp;&nbsp;&nbsp;&rArr;&nbsp;&nbsp;&nbsp;<a href="#[296]">WM_InvalidateWindowAndDescs</a><BR>
 <LI><a href="#[27d]">WM_DeleteWindow.part.3</a>&nbsp;&nbsp;&nbsp;&rArr;&nbsp;&nbsp;&nbsp;<a href="#[27d]">WM_DeleteWindow.part.3</a><BR>
 <LI><a href="#[2ab]">_PaintTransChildren</a>&nbsp;&nbsp;&nbsp;&rArr;&nbsp;&nbsp;&nbsp;<a href="#[2ab]">_PaintTransChildren</a><BR>
 <LI><a href="#[26]">HardFault_Handler</a>&nbsp;&nbsp;&nbsp;&rArr;&nbsp;&nbsp;&nbsp;<a href="#[26]">HardFault_Handler</a><BR>
 <LI><a href="#[27]">MemManage_Handler</a>&nbsp;&nbsp;&nbsp;&rArr;&nbsp;&nbsp;&nbsp;<a href="#[27]">MemManage_Handler</a><BR>
 <LI><a href="#[29]">UsageFault_Handler</a>&nbsp;&nbsp;&nbsp;&rArr;&nbsp;&nbsp;&nbsp;<a href="#[29]">UsageFault_Handler</a><BR>
 <LI><a href="#[2b4]">_GetDialogItem.part.4</a>&nbsp;&nbsp;&nbsp;&rArr;&nbsp;&nbsp;&nbsp;<a href="#[2b4]">_GetDialogItem.part.4</a><BR>
</UL>
<P>
<H3>
Function Pointers
</H3><UL>
 <LI><a href="#[40]">ADC_IRQHandler</a> from startup_stm32f407xx.o(.text) referenced from startup_stm32f407xx.o(RESET)
 <LI><a href="#[82]">BUTTON_Callback</a> from BUTTON.o(.text.BUTTON_Callback) referenced from BUTTON.o(.text.BUTTON_CreateIndirect)
 <LI><a href="#[f6]">BUTTON_CreateIndirect</a> from BUTTON.o(.text.BUTTON_CreateIndirect) referenced 25 times from alarmdlg.o(.constdata)
 <LI><a href="#[d]">BUTTON_DrawSkinFlex</a> from BUTTON_SkinFlex.o(.text.BUTTON_DrawSkinFlex) referenced 2 times from BUTTON.o(.data)
 <LI><a href="#[28]">BusFault_Handler</a> from stm32f4xx_it.o(i.BusFault_Handler) referenced from startup_stm32f407xx.o(RESET)
 <LI><a href="#[42]">CAN1_RX0_IRQHandler</a> from startup_stm32f407xx.o(.text) referenced from startup_stm32f407xx.o(RESET)
 <LI><a href="#[43]">CAN1_RX1_IRQHandler</a> from startup_stm32f407xx.o(.text) referenced from startup_stm32f407xx.o(RESET)
 <LI><a href="#[44]">CAN1_SCE_IRQHandler</a> from startup_stm32f407xx.o(.text) referenced from startup_stm32f407xx.o(RESET)
 <LI><a href="#[41]">CAN1_TX_IRQHandler</a> from startup_stm32f407xx.o(.text) referenced from startup_stm32f407xx.o(RESET)
 <LI><a href="#[6e]">CAN2_RX0_IRQHandler</a> from startup_stm32f407xx.o(.text) referenced from startup_stm32f407xx.o(RESET)
 <LI><a href="#[6f]">CAN2_RX1_IRQHandler</a> from startup_stm32f407xx.o(.text) referenced from startup_stm32f407xx.o(RESET)
 <LI><a href="#[70]">CAN2_SCE_IRQHandler</a> from startup_stm32f407xx.o(.text) referenced from startup_stm32f407xx.o(RESET)
 <LI><a href="#[6d]">CAN2_TX_IRQHandler</a> from startup_stm32f407xx.o(.text) referenced from startup_stm32f407xx.o(RESET)
 <LI><a href="#[7c]">DCMI_IRQHandler</a> from startup_stm32f407xx.o(.text) referenced from startup_stm32f407xx.o(RESET)
 <LI><a href="#[39]">DMA1_Stream0_IRQHandler</a> from startup_stm32f407xx.o(.text) referenced from startup_stm32f407xx.o(RESET)
 <LI><a href="#[3a]">DMA1_Stream1_IRQHandler</a> from startup_stm32f407xx.o(.text) referenced from startup_stm32f407xx.o(RESET)
 <LI><a href="#[3b]">DMA1_Stream2_IRQHandler</a> from startup_stm32f407xx.o(.text) referenced from startup_stm32f407xx.o(RESET)
 <LI><a href="#[3c]">DMA1_Stream3_IRQHandler</a> from startup_stm32f407xx.o(.text) referenced from startup_stm32f407xx.o(RESET)
 <LI><a href="#[3d]">DMA1_Stream4_IRQHandler</a> from startup_stm32f407xx.o(.text) referenced from startup_stm32f407xx.o(RESET)
 <LI><a href="#[3e]">DMA1_Stream5_IRQHandler</a> from startup_stm32f407xx.o(.text) referenced from startup_stm32f407xx.o(RESET)
 <LI><a href="#[3f]">DMA1_Stream6_IRQHandler</a> from startup_stm32f407xx.o(.text) referenced from startup_stm32f407xx.o(RESET)
 <LI><a href="#[5d]">DMA1_Stream7_IRQHandler</a> from startup_stm32f407xx.o(.text) referenced from startup_stm32f407xx.o(RESET)
 <LI><a href="#[66]">DMA2_Stream0_IRQHandler</a> from startup_stm32f407xx.o(.text) referenced from startup_stm32f407xx.o(RESET)
 <LI><a href="#[67]">DMA2_Stream1_IRQHandler</a> from startup_stm32f407xx.o(.text) referenced from startup_stm32f407xx.o(RESET)
 <LI><a href="#[68]">DMA2_Stream2_IRQHandler</a> from startup_stm32f407xx.o(.text) referenced from startup_stm32f407xx.o(RESET)
 <LI><a href="#[69]">DMA2_Stream3_IRQHandler</a> from stm32f4xx_it.o(i.DMA2_Stream3_IRQHandler) referenced from startup_stm32f407xx.o(RESET)
 <LI><a href="#[6a]">DMA2_Stream4_IRQHandler</a> from startup_stm32f407xx.o(.text) referenced from startup_stm32f407xx.o(RESET)
 <LI><a href="#[72]">DMA2_Stream5_IRQHandler</a> from startup_stm32f407xx.o(.text) referenced from startup_stm32f407xx.o(RESET)
 <LI><a href="#[73]">DMA2_Stream6_IRQHandler</a> from stm32f4xx_it.o(i.DMA2_Stream6_IRQHandler) referenced from startup_stm32f407xx.o(RESET)
 <LI><a href="#[74]">DMA2_Stream7_IRQHandler</a> from startup_stm32f407xx.o(.text) referenced from startup_stm32f407xx.o(RESET)
 <LI><a href="#[2b]">DebugMon_Handler</a> from stm32f4xx_it.o(i.DebugMon_Handler) referenced from startup_stm32f407xx.o(RESET)
 <LI><a href="#[6b]">ETH_IRQHandler</a> from stm32f4xx_it.o(i.ETH_IRQHandler) referenced from startup_stm32f407xx.o(RESET)
 <LI><a href="#[6c]">ETH_WKUP_IRQHandler</a> from startup_stm32f407xx.o(.text) referenced from startup_stm32f407xx.o(RESET)
 <LI><a href="#[34]">EXTI0_IRQHandler</a> from startup_stm32f407xx.o(.text) referenced from startup_stm32f407xx.o(RESET)
 <LI><a href="#[56]">EXTI15_10_IRQHandler</a> from startup_stm32f407xx.o(.text) referenced from startup_stm32f407xx.o(RESET)
 <LI><a href="#[35]">EXTI1_IRQHandler</a> from startup_stm32f407xx.o(.text) referenced from startup_stm32f407xx.o(RESET)
 <LI><a href="#[36]">EXTI2_IRQHandler</a> from startup_stm32f407xx.o(.text) referenced from startup_stm32f407xx.o(RESET)
 <LI><a href="#[37]">EXTI3_IRQHandler</a> from startup_stm32f407xx.o(.text) referenced from startup_stm32f407xx.o(RESET)
 <LI><a href="#[38]">EXTI4_IRQHandler</a> from startup_stm32f407xx.o(.text) referenced from startup_stm32f407xx.o(RESET)
 <LI><a href="#[45]">EXTI9_5_IRQHandler</a> from startup_stm32f407xx.o(.text) referenced from startup_stm32f407xx.o(RESET)
 <LI><a href="#[32]">FLASH_IRQHandler</a> from startup_stm32f407xx.o(.text) referenced from startup_stm32f407xx.o(RESET)
 <LI><a href="#[5e]">FMC_IRQHandler</a> from startup_stm32f407xx.o(.text) referenced from startup_stm32f407xx.o(RESET)
 <LI><a href="#[7e]">FPU_IRQHandler</a> from startup_stm32f407xx.o(.text) referenced from startup_stm32f407xx.o(RESET)
 <LI><a href="#[105]">GUIMONO_DispChar</a> from GUI_CharM.o(.text.GUIMONO_DispChar) referenced 2 times from F6x8.o(.rodata)
 <LI><a href="#[106]">GUIMONO_GetCharDistX</a> from GUI_CharM.o(.text.GUIMONO_GetCharDistX) referenced 2 times from F6x8.o(.rodata)
 <LI><a href="#[107]">GUIMONO_GetFontInfo</a> from GUI_CharM.o(.text.GUIMONO_GetFontInfo) referenced 2 times from F6x8.o(.rodata)
 <LI><a href="#[108]">GUIMONO_IsInFont</a> from GUI_CharM.o(.text.GUIMONO_IsInFont) referenced 2 times from F6x8.o(.rodata)
 <LI><a href="#[f0]">GUIPROP_DispChar</a> from GUI_CharP.o(.text.GUIPROP_DispChar) referenced from font.o(.constdata)
 <LI><a href="#[f0]">GUIPROP_DispChar</a> from GUI_CharP.o(.text.GUIPROP_DispChar) referenced 4 times from F20_ASCII.o(.rodata)
 <LI><a href="#[f1]">GUIPROP_GetCharDistX</a> from GUI_CharP.o(.text.GUIPROP_GetCharDistX) referenced from font.o(.constdata)
 <LI><a href="#[f1]">GUIPROP_GetCharDistX</a> from GUI_CharP.o(.text.GUIPROP_GetCharDistX) referenced 4 times from F20_ASCII.o(.rodata)
 <LI><a href="#[f2]">GUIPROP_GetFontInfo</a> from GUI_CharP.o(.text.GUIPROP_GetFontInfo) referenced from font.o(.constdata)
 <LI><a href="#[f2]">GUIPROP_GetFontInfo</a> from GUI_CharP.o(.text.GUIPROP_GetFontInfo) referenced 4 times from F20_ASCII.o(.rodata)
 <LI><a href="#[f3]">GUIPROP_IsInFont</a> from GUI_CharP.o(.text.GUIPROP_IsInFont) referenced from font.o(.constdata)
 <LI><a href="#[f3]">GUIPROP_IsInFont</a> from GUI_CharP.o(.text.GUIPROP_IsInFont) referenced 4 times from F20_ASCII.o(.rodata)
 <LI><a href="#[84]">GUI_BMP__GetData</a> from GUI_BMP.o(.text.GUI_BMP__GetData) referenced from GUI_BMP.o(.text.GUI_BMP_Draw)
 <LI><a href="#[9b]">GUI_MEMDEV_Paint1Static</a> from GUIDEV_StaticDevices.o(.text.GUI_MEMDEV_Paint1Static) referenced from WM.o(.text.WM__PaintWinAndOverlays)
 <LI><a href="#[9b]">GUI_MEMDEV_Paint1Static</a> from GUIDEV_StaticDevices.o(.text.GUI_MEMDEV_Paint1Static) referenced from WM.o(.text._Paint1Trans)
 <LI><a href="#[a0]">GUI_MEMDEV__WriteToActiveAlpha</a> from GUIDEV_WriteToActiveAlpha.o(.text.GUI_MEMDEV__WriteToActiveAlpha) referenced from GUIDEV_32.o(.text._GetDevFunc)
 <LI><a href="#[9f]">GUI_MEMDEV__WriteToActiveOpaque</a> from GUIDEV_WriteToActiveOpaque.o(.text.GUI_MEMDEV__WriteToActiveOpaque) referenced from GUIDEV_16.o(.text._GetDevFunc)
 <LI><a href="#[de]">GUI_Task</a> from freertos.o(i.GUI_Task) referenced from freertos.o(.constdata)
 <LI><a href="#[137]">GUI_USAGE_BM_AddHLine</a> from GUIDEV_UsageBM.o(.text.GUI_USAGE_BM_AddHLine) referenced from GUIDEV_UsageBM.o(.rodata)
 <LI><a href="#[136]">GUI_USAGE_BM_AddPixel</a> from GUIDEV_UsageBM.o(.text.GUI_USAGE_BM_AddPixel) referenced from GUIDEV_UsageBM.o(.rodata)
 <LI><a href="#[138]">GUI_USAGE_BM_Clear</a> from GUIDEV_UsageBM.o(.text.GUI_USAGE_BM_Clear) referenced from GUIDEV_UsageBM.o(.rodata)
 <LI><a href="#[13a]">GUI_USAGE_BM_GetNextDirty</a> from GUIDEV_UsageBM.o(.text.GUI_USAGE_BM_GetNextDirty) referenced from GUIDEV_UsageBM.o(.rodata)
 <LI><a href="#[1b]">GUI__MixColors</a> from GUI__Alpha.o(.text.GUI__MixColors) referenced 2 times from GUI__Alpha.o(.data)
 <LI><a href="#[1c]">GUI__MixColorsBulk</a> from GUI__Alpha.o(.text.GUI__MixColorsBulk) referenced 2 times from GUI__Alpha.o(.data)
 <LI><a href="#[7d]">HASH_RNG_IRQHandler</a> from startup_stm32f407xx.o(.text) referenced from startup_stm32f407xx.o(RESET)
 <LI><a href="#[26]">HardFault_Handler</a> from stm32f4xx_it.o(i.HardFault_Handler) referenced from startup_stm32f407xx.o(RESET)
 <LI><a href="#[4e]">I2C1_ER_IRQHandler</a> from startup_stm32f407xx.o(.text) referenced from startup_stm32f407xx.o(RESET)
 <LI><a href="#[4d]">I2C1_EV_IRQHandler</a> from startup_stm32f407xx.o(.text) referenced from startup_stm32f407xx.o(RESET)
 <LI><a href="#[50]">I2C2_ER_IRQHandler</a> from startup_stm32f407xx.o(.text) referenced from startup_stm32f407xx.o(RESET)
 <LI><a href="#[4f]">I2C2_EV_IRQHandler</a> from startup_stm32f407xx.o(.text) referenced from startup_stm32f407xx.o(RESET)
 <LI><a href="#[77]">I2C3_ER_IRQHandler</a> from startup_stm32f407xx.o(.text) referenced from startup_stm32f407xx.o(RESET)
 <LI><a href="#[76]">I2C3_EV_IRQHandler</a> from startup_stm32f407xx.o(.text) referenced from startup_stm32f407xx.o(RESET)
 <LI><a href="#[8b]">IMAGE_Callback</a> from IMAGE.o(.text.IMAGE_Callback) referenced from IMAGE.o(.text.IMAGE_CreateIndirect)
 <LI><a href="#[f7]">IMAGE_CreateIndirect</a> from IMAGE.o(.text.IMAGE_CreateIndirect) referenced 3 times from brightnesssdlg.o(.constdata)
 <LI><a href="#[dd]">IOT_Task</a> from freertos.o(i.IOT_Task) referenced from freertos.o(.constdata)
 <LI><a href="#[1f]">LCD_AA_MixColors16</a> from LCD_AA.o(.text.LCD_AA_MixColors16) referenced 2 times from LCD_AA.o(.data)
 <LI><a href="#[fd]">LCD_DrawHLine</a> from LCD.o(.text.LCD_DrawHLine) referenced from GUI_Core.o(.rodata)
 <LI><a href="#[fe]">LCD_DrawPixel</a> from LCD.o(.text.LCD_DrawPixel) referenced from GUI_Core.o(.rodata)
 <LI><a href="#[b]">LCD_GetpPalConvTableBM</a> from LCD_Color.o(.text.LCD_GetpPalConvTableBM) referenced 2 times from GUI_Core.o(.data)
 <LI><a href="#[9d]">LCD_Index2Color_565</a> from GUICC_565.o(.text.LCD_Index2Color_565) referenced 2 times from GUI_DrawBitmap_565.o(.rodata)
 <LI><a href="#[9d]">LCD_Index2Color_565</a> from GUICC_565.o(.text.LCD_Index2Color_565) referenced from GUI_DrawBitmap_565.o(.text._DrawBitmap)
 <LI><a href="#[8a]">LCD_Index2Color_888</a> from GUICC_888_Index2Color.o(.text.LCD_Index2Color_888) referenced from GUI__Alpha.o(.text.GUI__DoAlphaBlending)
 <LI><a href="#[85]">LCD_Index2Color_8888</a> from GUICC_8888_Index2Color.o(.text.LCD_Index2Color_8888) referenced from GUICC_8888.o(.rodata)
 <LI><a href="#[85]">LCD_Index2Color_8888</a> from GUICC_8888_Index2Color.o(.text.LCD_Index2Color_8888) referenced from GUIDEV_WriteToActiveAlpha.o(.text.GUI_MEMDEV__WriteToActiveAlpha)
 <LI><a href="#[85]">LCD_Index2Color_8888</a> from GUICC_8888_Index2Color.o(.text.LCD_Index2Color_8888) referenced from GUI__Alpha.o(.text.GUI__DoAlphaBlending)
 <LI><a href="#[9e]">LCD_Index2Color_M565</a> from GUICC_M565.o(.text.LCD_Index2Color_M565) referenced 2 times from GUICC_M565.o(.rodata)
 <LI><a href="#[9e]">LCD_Index2Color_M565</a> from GUICC_M565.o(.text.LCD_Index2Color_M565) referenced from GUI_DrawBitmap_565.o(.text._DrawBitmapSwapRB)
 <LI><a href="#[27]">MemManage_Handler</a> from stm32f4xx_it.o(i.MemManage_Handler) referenced from startup_stm32f407xx.o(RESET)
 <LI><a href="#[25]">NMI_Handler</a> from stm32f4xx_it.o(i.NMI_Handler) referenced from startup_stm32f407xx.o(RESET)
 <LI><a href="#[71]">OTG_FS_IRQHandler</a> from startup_stm32f407xx.o(.text) referenced from startup_stm32f407xx.o(RESET)
 <LI><a href="#[58]">OTG_FS_WKUP_IRQHandler</a> from startup_stm32f407xx.o(.text) referenced from startup_stm32f407xx.o(RESET)
 <LI><a href="#[79]">OTG_HS_EP1_IN_IRQHandler</a> from startup_stm32f407xx.o(.text) referenced from startup_stm32f407xx.o(RESET)
 <LI><a href="#[78]">OTG_HS_EP1_OUT_IRQHandler</a> from startup_stm32f407xx.o(.text) referenced from startup_stm32f407xx.o(RESET)
 <LI><a href="#[7b]">OTG_HS_IRQHandler</a> from startup_stm32f407xx.o(.text) referenced from startup_stm32f407xx.o(RESET)
 <LI><a href="#[7a]">OTG_HS_WKUP_IRQHandler</a> from startup_stm32f407xx.o(.text) referenced from startup_stm32f407xx.o(RESET)
 <LI><a href="#[2f]">PVD_IRQHandler</a> from startup_stm32f407xx.o(.text) referenced from startup_stm32f407xx.o(RESET)
 <LI><a href="#[2c]">PendSV_Handler</a> from port.o(.emb_text) referenced from startup_stm32f407xx.o(RESET)
 <LI><a href="#[33]">RCC_IRQHandler</a> from startup_stm32f407xx.o(.text) referenced from startup_stm32f407xx.o(RESET)
 <LI><a href="#[57]">RTC_Alarm_IRQHandler</a> from startup_stm32f407xx.o(.text) referenced from startup_stm32f407xx.o(RESET)
 <LI><a href="#[31]">RTC_WKUP_IRQHandler</a> from startup_stm32f407xx.o(.text) referenced from startup_stm32f407xx.o(RESET)
 <LI><a href="#[b6]">ReadTouchScreenTask</a> from maintask.o(i.ReadTouchScreenTask) referenced from maintask.o(i.MainTask)
 <LI><a href="#[24]">Reset_Handler</a> from startup_stm32f407xx.o(.text) referenced from startup_stm32f407xx.o(RESET)
 <LI><a href="#[5f]">SDIO_IRQHandler</a> from stm32f4xx_it.o(i.SDIO_IRQHandler) referenced from startup_stm32f407xx.o(RESET)
 <LI><a href="#[af]">SD_DMAError</a> from stm32f4xx_hal_sd.o(i.SD_DMAError) referenced from stm32f4xx_hal_sd.o(i.HAL_SD_ReadBlocks_DMA)
 <LI><a href="#[af]">SD_DMAError</a> from stm32f4xx_hal_sd.o(i.SD_DMAError) referenced from stm32f4xx_hal_sd.o(i.HAL_SD_WriteBlocks_DMA)
 <LI><a href="#[ae]">SD_DMAReceiveCplt</a> from stm32f4xx_hal_sd.o(i.SD_DMAReceiveCplt) referenced from stm32f4xx_hal_sd.o(i.HAL_SD_ReadBlocks_DMA)
 <LI><a href="#[ad]">SD_DMARxAbort</a> from stm32f4xx_hal_sd.o(i.SD_DMARxAbort) referenced from stm32f4xx_hal_sd.o(i.HAL_SD_IRQHandler)
 <LI><a href="#[b0]">SD_DMATransmitCplt</a> from stm32f4xx_hal_sd.o(i.SD_DMATransmitCplt) referenced from stm32f4xx_hal_sd.o(i.HAL_SD_WriteBlocks_DMA)
 <LI><a href="#[ac]">SD_DMATxAbort</a> from stm32f4xx_hal_sd.o(i.SD_DMATxAbort) referenced from stm32f4xx_hal_sd.o(i.HAL_SD_IRQHandler)
 <LI><a href="#[d6]">SD_initialize</a> from sd_diskio.o(i.SD_initialize) referenced from sd_diskio.o(.constdata)
 <LI><a href="#[da]">SD_ioctl</a> from sd_diskio.o(i.SD_ioctl) referenced from sd_diskio.o(.constdata)
 <LI><a href="#[d8]">SD_read</a> from sd_diskio.o(i.SD_read) referenced from sd_diskio.o(.constdata)
 <LI><a href="#[d7]">SD_status</a> from sd_diskio.o(i.SD_status) referenced from sd_diskio.o(.constdata)
 <LI><a href="#[d9]">SD_write</a> from sd_diskio.o(i.SD_write) referenced from sd_diskio.o(.constdata)
 <LI><a href="#[93]">SLIDER_Callback</a> from SLIDER.o(.text.SLIDER_Callback) referenced from SLIDER.o(.text.SLIDER_CreateIndirect)
 <LI><a href="#[f8]">SLIDER_CreateIndirect</a> from SLIDER.o(.text.SLIDER_CreateIndirect) referenced 7 times from lightingmasterdlg.o(.constdata)
 <LI><a href="#[e]">SLIDER_DrawSkinFlex</a> from SLIDER_SkinFlex.o(.text.SLIDER_DrawSkinFlex) referenced 2 times from SLIDER.o(.data)
 <LI><a href="#[51]">SPI1_IRQHandler</a> from startup_stm32f407xx.o(.text) referenced from startup_stm32f407xx.o(RESET)
 <LI><a href="#[52]">SPI2_IRQHandler</a> from startup_stm32f407xx.o(.text) referenced from startup_stm32f407xx.o(RESET)
 <LI><a href="#[61]">SPI3_IRQHandler</a> from startup_stm32f407xx.o(.text) referenced from startup_stm32f407xx.o(RESET)
 <LI><a href="#[2a]">SVC_Handler</a> from port.o(.emb_text) referenced from startup_stm32f407xx.o(RESET)
 <LI><a href="#[2d]">SysTick_Handler</a> from port.o(i.SysTick_Handler) referenced from startup_stm32f407xx.o(RESET)
 <LI><a href="#[80]">SystemInit</a> from system_stm32f4xx.o(i.SystemInit) referenced from startup_stm32f407xx.o(.text)
 <LI><a href="#[30]">TAMP_STAMP_IRQHandler</a> from startup_stm32f407xx.o(.text) referenced from startup_stm32f407xx.o(RESET)
 <LI><a href="#[94]">TEXT_Callback</a> from TEXT.o(.text.TEXT_Callback) referenced from TEXT.o(.text.TEXT_CreateIndirect)
 <LI><a href="#[f5]">TEXT_CreateIndirect</a> from TEXT.o(.text.TEXT_CreateIndirect) referenced 32 times from alarmdlg.o(.constdata)
 <LI><a href="#[46]">TIM1_BRK_TIM9_IRQHandler</a> from startup_stm32f407xx.o(.text) referenced from startup_stm32f407xx.o(RESET)
 <LI><a href="#[49]">TIM1_CC_IRQHandler</a> from startup_stm32f407xx.o(.text) referenced from startup_stm32f407xx.o(RESET)
 <LI><a href="#[48]">TIM1_TRG_COM_TIM11_IRQHandler</a> from startup_stm32f407xx.o(.text) referenced from startup_stm32f407xx.o(RESET)
 <LI><a href="#[47]">TIM1_UP_TIM10_IRQHandler</a> from stm32f4xx_it.o(i.TIM1_UP_TIM10_IRQHandler) referenced from startup_stm32f407xx.o(RESET)
 <LI><a href="#[4a]">TIM2_IRQHandler</a> from startup_stm32f407xx.o(.text) referenced from startup_stm32f407xx.o(RESET)
 <LI><a href="#[4b]">TIM3_IRQHandler</a> from startup_stm32f407xx.o(.text) referenced from startup_stm32f407xx.o(RESET)
 <LI><a href="#[4c]">TIM4_IRQHandler</a> from startup_stm32f407xx.o(.text) referenced from startup_stm32f407xx.o(RESET)
 <LI><a href="#[60]">TIM5_IRQHandler</a> from startup_stm32f407xx.o(.text) referenced from startup_stm32f407xx.o(RESET)
 <LI><a href="#[64]">TIM6_DAC_IRQHandler</a> from startup_stm32f407xx.o(.text) referenced from startup_stm32f407xx.o(RESET)
 <LI><a href="#[65]">TIM7_IRQHandler</a> from startup_stm32f407xx.o(.text) referenced from startup_stm32f407xx.o(RESET)
 <LI><a href="#[59]">TIM8_BRK_TIM12_IRQHandler</a> from startup_stm32f407xx.o(.text) referenced from startup_stm32f407xx.o(RESET)
 <LI><a href="#[5c]">TIM8_CC_IRQHandler</a> from startup_stm32f407xx.o(.text) referenced from startup_stm32f407xx.o(RESET)
 <LI><a href="#[5b]">TIM8_TRG_COM_TIM14_IRQHandler</a> from startup_stm32f407xx.o(.text) referenced from startup_stm32f407xx.o(RESET)
 <LI><a href="#[5a]">TIM8_UP_TIM13_IRQHandler</a> from startup_stm32f407xx.o(.text) referenced from startup_stm32f407xx.o(RESET)
 <LI><a href="#[dc]">Touch_Task</a> from freertos.o(i.Touch_Task) referenced from freertos.o(.constdata)
 <LI><a href="#[62]">UART4_IRQHandler</a> from startup_stm32f407xx.o(.text) referenced from startup_stm32f407xx.o(RESET)
 <LI><a href="#[63]">UART5_IRQHandler</a> from startup_stm32f407xx.o(.text) referenced from startup_stm32f407xx.o(RESET)
 <LI><a href="#[b2]">UART_DMAAbortOnError</a> from stm32f4xx_hal_uart.o(i.UART_DMAAbortOnError) referenced from stm32f4xx_hal_uart.o(i.HAL_UART_IRQHandler)
 <LI><a href="#[b1]">UART_DMARxOnlyAbortCallback</a> from stm32f4xx_hal_uart.o(i.UART_DMARxOnlyAbortCallback) referenced from stm32f4xx_hal_uart.o(i.HAL_UART_AbortReceive_IT)
 <LI><a href="#[53]">USART1_IRQHandler</a> from startup_stm32f407xx.o(.text) referenced from startup_stm32f407xx.o(RESET)
 <LI><a href="#[54]">USART2_IRQHandler</a> from startup_stm32f407xx.o(.text) referenced from startup_stm32f407xx.o(RESET)
 <LI><a href="#[55]">USART3_IRQHandler</a> from stm32f4xx_it.o(i.USART3_IRQHandler) referenced from startup_stm32f407xx.o(RESET)
 <LI><a href="#[75]">USART6_IRQHandler</a> from startup_stm32f407xx.o(.text) referenced from startup_stm32f407xx.o(RESET)
 <LI><a href="#[6]">USER_initialize</a> from user_diskio.o(i.USER_initialize) referenced 2 times from user_diskio.o(.data)
 <LI><a href="#[a]">USER_ioctl</a> from user_diskio.o(i.USER_ioctl) referenced 2 times from user_diskio.o(.data)
 <LI><a href="#[8]">USER_read</a> from user_diskio.o(i.USER_read) referenced 2 times from user_diskio.o(.data)
 <LI><a href="#[7]">USER_status</a> from user_diskio.o(i.USER_status) referenced 2 times from user_diskio.o(.data)
 <LI><a href="#[9]">USER_write</a> from user_diskio.o(i.USER_write) referenced 2 times from user_diskio.o(.data)
 <LI><a href="#[c6]">UpdateBitmapTask</a> from magnetismlock.o(i.UpdateBitmapTask) referenced from magnetismlock.o(i._cbDialog)
 <LI><a href="#[c1]">UpdateTextTask</a> from brightnesssdlg.o(i.UpdateTextTask) referenced 5 times from brightnesssdlg.o(i._cbDialog)
 <LI><a href="#[29]">UsageFault_Handler</a> from stm32f4xx_it.o(i.UsageFault_Handler) referenced from startup_stm32f407xx.o(RESET)
 <LI><a href="#[95]">WINDOW_Callback</a> from WINDOW.o(.text.WINDOW_Callback) referenced from WINDOW.o(.text.WINDOW_CreateIndirect)
 <LI><a href="#[f4]">WINDOW_CreateIndirect</a> from WINDOW.o(.text.WINDOW_CreateIndirect) referenced 11 times from alarmdlg.o(.constdata)
 <LI><a href="#[86]">WM_HandlePID</a> from WM_Touch.o(.text.WM_HandlePID) referenced from GUI_PID.o(.text.GUI_PID_StoreState)
 <LI><a href="#[9a]">WM__Paint1</a> from WM.o(.text.WM__Paint1) referenced from WM.o(.text.WM__PaintWinAndOverlays)
 <LI><a href="#[9a]">WM__Paint1</a> from WM.o(.text.WM__Paint1) referenced from WM.o(.text._Paint1Trans)
 <LI><a href="#[2e]">WWDG_IRQHandler</a> from startup_stm32f407xx.o(.text) referenced from startup_stm32f407xx.o(RESET)
 <LI><a href="#[db]">WebServer_Task</a> from freertos.o(i.WebServer_Task) referenced from freertos.o(.constdata)
 <LI><a href="#[103]">_CalcSizeOfChar</a> from GUI_UC_EncodeUTF8.o(.text._CalcSizeOfChar) referenced 2 times from GUI_UC_EncodeUTF8.o(.rodata)
 <LI><a href="#[fb]">_Color2IndexBulk</a> from GUICC_M565.o(.text._Color2IndexBulk) referenced 3 times from GUICC_M565.o(.rodata)
 <LI><a href="#[133]">_Color2Index_0</a> from GUICC_0.o(.text._Color2Index_0) referenced from GUICC_0.o(.rodata)
 <LI><a href="#[115]">_Color2Index_565</a> from GUICC_565.o(.text._Color2Index_565) referenced from GUICC_565.o(.rodata)
 <LI><a href="#[119]">_Color2Index_8888</a> from GUICC_8888.o(.text._Color2Index_8888) referenced from GUICC_8888.o(.rodata)
 <LI><a href="#[f9]">_Color2Index_M565</a> from GUICC_M565.o(.text._Color2Index_M565) referenced from GUICC_M565.o(.rodata)
 <LI><a href="#[17]">_Create</a> from BUTTON_Skin.o(.text._Create) referenced 4 times from BUTTON_Skin.o(.data)
 <LI><a href="#[e4]">_DrawBitmap</a> from guidrv_template.o(i._DrawBitmap) referenced from guidrv_template.o(.constdata)
 <LI><a href="#[100]">_DrawBitmap</a> from GUI_DrawBitmap_565.o(.text._DrawBitmap) referenced 4 times from GUI_DrawBitmap_565.o(.rodata)
 <LI><a href="#[ff]">_DrawBitmapSwapRB</a> from GUI_DrawBitmap_565.o(.text._DrawBitmapSwapRB) referenced from GUI_DrawBitmap_565.o(.rodata)
 <LI><a href="#[13d]">_DrawDown</a> from WIDGET_Effect_Simple.o(.text._DrawDown) referenced from WIDGET_Effect_Simple.o(.rodata)
 <LI><a href="#[13e]">_DrawDownRect</a> from WIDGET_Effect_Simple.o(.text._DrawDownRect) referenced from WIDGET_Effect_Simple.o(.rodata)
 <LI><a href="#[e5]">_DrawHLine</a> from guidrv_template.o(i._DrawHLine) referenced from guidrv_template.o(.constdata)
 <LI><a href="#[10a]">_DrawHLine</a> from GUIDEV_16.o(.text._DrawHLine) referenced 2 times from GUIDEV_16.o(.rodata)
 <LI><a href="#[8f]">_DrawImageAt</a> from IMAGE_BMP.o(.text._DrawImageAt) referenced from IMAGE_BMP.o(.text.IMAGE_SetBMP)
 <LI><a href="#[91]">_DrawImageAt</a> from IMAGE_Bitmap.o(.text._DrawImageAt) referenced from IMAGE_Bitmap.o(.text.IMAGE_SetBitmap)
 <LI><a href="#[13]">_DrawLine_RGB</a> from GUI_BMP.o(.text._DrawLine_RGB) referenced 2 times from GUI_BMP.o(.data)
 <LI><a href="#[13]">_DrawLine_RGB</a> from GUI_BMP.o(.text._DrawLine_RGB) referenced 2 times from GUI_BMP.o(.text._Draw)
 <LI><a href="#[13b]">_DrawUp</a> from WIDGET_Effect_Simple.o(.text._DrawUp) referenced from WIDGET_Effect_Simple.o(.rodata)
 <LI><a href="#[13c]">_DrawUpRect</a> from WIDGET_Effect_Simple.o(.text._DrawUpRect) referenced from WIDGET_Effect_Simple.o(.rodata)
 <LI><a href="#[e6]">_DrawVLine</a> from guidrv_template.o(i._DrawVLine) referenced from guidrv_template.o(.constdata)
 <LI><a href="#[10b]">_DrawVLine</a> from GUIDEV_16.o(.text._DrawVLine) referenced 2 times from GUIDEV_16.o(.rodata)
 <LI><a href="#[104]">_Encode</a> from GUI_UC_EncodeUTF8.o(.text._Encode) referenced 2 times from GUI_UC_EncodeUTF8.o(.rodata)
 <LI><a href="#[e7]">_FillRect</a> from guidrv_template.o(i._FillRect) referenced from guidrv_template.o(.constdata)
 <LI><a href="#[10c]">_FillRect</a> from GUIDEV_16.o(.text._FillRect) referenced 2 times from GUIDEV_16.o(.rodata)
 <LI><a href="#[139]">_GUI_USAGE_BM_Delete</a> from GUIDEV_UsageBM.o(.text._GUI_USAGE_BM_Delete) referenced from GUIDEV_UsageBM.o(.rodata)
 <LI><a href="#[101]">_GetCharCode</a> from GUI_UC_EncodeUTF8.o(.text._GetCharCode) referenced 2 times from GUI_UC_EncodeUTF8.o(.rodata)
 <LI><a href="#[102]">_GetCharSize</a> from GUI_UC_EncodeUTF8.o(.text._GetCharSize) referenced 2 times from GUI_UC_EncodeUTF8.o(.rodata)
 <LI><a href="#[1e]">_GetCharWrap</a> from GUI__Wrap.o(.text._GetCharWrap) referenced 2 times from GUI__Wrap.o(.data)
 <LI><a href="#[ee]">_GetDevData</a> from guidrv_template.o(i._GetDevData) referenced from guidrv_template.o(.constdata)
 <LI><a href="#[113]">_GetDevData</a> from GUIDEV_16.o(.text._GetDevData) referenced 2 times from GUIDEV_16.o(.rodata)
 <LI><a href="#[ec]">_GetDevFunc</a> from guidrv_template.o(i._GetDevFunc) referenced from guidrv_template.o(.constdata)
 <LI><a href="#[111]">_GetDevFunc</a> from GUIDEV_16.o(.text._GetDevFunc) referenced 2 times from GUIDEV_16.o(.rodata)
 <LI><a href="#[ed]">_GetDevProp</a> from guidrv_template.o(i._GetDevProp) referenced from guidrv_template.o(.constdata)
 <LI><a href="#[112]">_GetDevProp</a> from GUIDEV_16.o(.text._GetDevProp) referenced 2 times from GUIDEV_16.o(.rodata)
 <LI><a href="#[8e]">_GetImageSize</a> from IMAGE_BMP.o(.text._GetImageSize) referenced from IMAGE_BMP.o(.text.IMAGE_SetBMP)
 <LI><a href="#[90]">_GetImageSize</a> from IMAGE_Bitmap.o(.text._GetImageSize) referenced from IMAGE_Bitmap.o(.text.IMAGE_SetBitmap)
 <LI><a href="#[135]">_GetIndexMask_0</a> from GUICC_0.o(.text._GetIndexMask_0) referenced from GUICC_0.o(.rodata)
 <LI><a href="#[116]">_GetIndexMask_565</a> from GUICC_565.o(.text._GetIndexMask_565) referenced from GUICC_565.o(.rodata)
 <LI><a href="#[11a]">_GetIndexMask_8888</a> from GUICC_8888.o(.text._GetIndexMask_8888) referenced from GUICC_8888.o(.rodata)
 <LI><a href="#[fa]">_GetIndexMask_M565</a> from GUICC_M565.o(.text._GetIndexMask_M565) referenced from GUICC_M565.o(.rodata)
 <LI><a href="#[e8]">_GetPixelIndex</a> from guidrv_template.o(i._GetPixelIndex) referenced from guidrv_template.o(.constdata)
 <LI><a href="#[10d]">_GetPixelIndex</a> from GUIDEV_16.o(.text._GetPixelIndex) referenced 2 times from GUIDEV_16.o(.rodata)
 <LI><a href="#[ef]">_GetRect</a> from guidrv_template.o(i._GetRect) referenced from guidrv_template.o(.constdata)
 <LI><a href="#[114]">_GetRect</a> from GUIDEV_16.o(.text._GetRect) referenced 2 times from GUIDEV_16.o(.rodata)
 <LI><a href="#[1d]">_GetWordWrap</a> from GUI__Wrap.o(.text._GetWordWrap) referenced 2 times from GUI__Wrap.o(.data)
 <LI><a href="#[131]">_GetXSize</a> from GUI_DRAW_BITMAP.o(.text._GetXSize) referenced from GUI_DRAW_BITMAP.o(.rodata)
 <LI><a href="#[132]">_GetYSize</a> from GUI_DRAW_BITMAP.o(.text._GetYSize) referenced from GUI_DRAW_BITMAP.o(.rodata)
 <LI><a href="#[9c]">_Index2ColorBitfields</a> from GUI_BMP.o(.text._Index2ColorBitfields) referenced from GUI_BMP.o(.text._Draw)
 <LI><a href="#[fc]">_Index2ColorBulk</a> from GUICC_M565.o(.text._Index2ColorBulk) referenced 3 times from GUICC_M565.o(.rodata)
 <LI><a href="#[134]">_Index2Color_0</a> from GUICC_0.o(.text._Index2Color_0) referenced from GUICC_0.o(.rodata)
 <LI><a href="#[ba]">_Init</a> from guidrv_template.o(i._Init) referenced from guidrv_template.o(i._GetDevFunc)
 <LI><a href="#[1a]">_Log2VisBuffered</a> from GUI_CharLine.o(.text._Log2VisBuffered) referenced 2 times from GUI_CharLine.o(.data)
 <LI><a href="#[12]">_NextPixel_End</a> from GUI_BMP.o(.text._NextPixel_End) referenced 4 times from GUI_BMP.o(.data)
 <LI><a href="#[11]">_NextPixel_NextLine</a> from GUI_BMP.o(.text._NextPixel_NextLine) referenced 4 times from GUI_BMP.o(.data)
 <LI><a href="#[10]">_NextPixel_SetPixel</a> from GUI_BMP.o(.text._NextPixel_SetPixel) referenced 4 times from GUI_BMP.o(.data)
 <LI><a href="#[f]">_NextPixel_Start</a> from GUI_BMP.o(.text._NextPixel_Start) referenced 4 times from GUI_BMP.o(.data)
 <LI><a href="#[bc]">_Off</a> from guidrv_template.o(i._Off) referenced from guidrv_template.o(i._GetDevFunc)
 <LI><a href="#[bb]">_On</a> from guidrv_template.o(i._On) referenced from guidrv_template.o(i._GetDevFunc)
 <LI><a href="#[83]">_OnExit</a> from GUI_Task.o(.text._OnExit) referenced from GUI_Task.o(.text.GUITASK_Init)
 <LI><a href="#[87]">_OnExit</a> from GUI_PID.o(.text._OnExit) referenced from GUI_PID.o(.text.GUI_PID_StoreState)
 <LI><a href="#[88]">_OnExit</a> from GUI__Alpha.o(.text._OnExit) referenced from GUI__Alpha.o(.text.GUI__AllocAlphaBuffer)
 <LI><a href="#[89]">_OnExit</a> from GUI_Core.o(.text._OnExit) referenced from GUI_Core.o(.text.GUI__Config)
 <LI><a href="#[88]">_OnExit</a> from GUI__Alpha.o(.text._OnExit) referenced from GUI__Alpha.o(.text.GUI__DoAlphaBlending)
 <LI><a href="#[88]">_OnExit</a> from GUI__Alpha.o(.text._OnExit) referenced from GUI__Alpha.o(.text.GUI__GetAlphaBuffer)
 <LI><a href="#[92]">_OnExit</a> from LCD_Color.o(.text._OnExit) referenced from LCD_Color.o(.text.LCD_InitColors)
 <LI><a href="#[98]">_OnExit</a> from WM.o(.text._OnExit) referenced from WM.o(.text.WM_Init)
 <LI><a href="#[c]">_OnTouchDefault</a> from BUTTON.o(.text._OnTouchDefault) referenced 2 times from BUTTON.o(.data)
 <LI><a href="#[16]">_Paint</a> from BUTTON_Skin.o(.text._Paint) referenced 4 times from BUTTON_Skin.o(.data)
 <LI><a href="#[8c]">_Paint</a> from IMAGE.o(.text._Paint) referenced from IMAGE.o(.text.IMAGE_CreateIndirect)
 <LI><a href="#[8d]">_PaintTiled</a> from IMAGE.o(.text._PaintTiled) referenced from IMAGE.o(.text.IMAGE_CreateIndirect)
 <LI><a href="#[122]">_SetBkColor</a> from LCD.o(.text._SetBkColor) referenced from LCD.o(.rodata)
 <LI><a href="#[121]">_SetColor</a> from LCD.o(.text._SetColor) referenced from LCD.o(.rodata)
 <LI><a href="#[123]">_SetDrawMode</a> from LCD.o(.text._SetDrawMode) referenced from LCD.o(.rodata)
 <LI><a href="#[bd]">_SetLUTEntry</a> from guidrv_template.o(i._SetLUTEntry) referenced from guidrv_template.o(i._GetDevFunc)
 <LI><a href="#[eb]">_SetOrg</a> from guidrv_template.o(i._SetOrg) referenced from guidrv_template.o(.constdata)
 <LI><a href="#[110]">_SetOrg</a> from GUIDEV_16.o(.text._SetOrg) referenced 2 times from GUIDEV_16.o(.rodata)
 <LI><a href="#[e9]">_SetPixelIndex</a> from guidrv_template.o(i._SetPixelIndex) referenced from guidrv_template.o(.constdata)
 <LI><a href="#[10e]">_SetPixelIndex</a> from GUIDEV_16.o(.text._SetPixelIndex) referenced 2 times from GUIDEV_16.o(.rodata)
 <LI><a href="#[b9]">_SetSize</a> from guidrv_template.o(i._SetSize) referenced from guidrv_template.o(i._GetDevFunc)
 <LI><a href="#[b7]">_SetVRAMAddr</a> from guidrv_template.o(i._SetVRAMAddr) referenced from guidrv_template.o(i._GetDevFunc)
 <LI><a href="#[b8]">_SetVSize</a> from guidrv_template.o(i._SetVSize) referenced from guidrv_template.o(i._GetDevFunc)
 <LI><a href="#[ea]">_XorPixel</a> from guidrv_template.o(i._XorPixel) referenced from guidrv_template.o(.constdata)
 <LI><a href="#[10f]">_XorPixel</a> from GUIDEV_16.o(.text._XorPixel) referenced 2 times from GUIDEV_16.o(.rodata)
 <LI><a href="#[81]">__main</a> from entry.o(.ARM.Collect$$$$00000000) referenced from startup_stm32f407xx.o(.text)
 <LI><a href="#[99]">_cbBackWin</a> from WM.o(.text._cbBackWin) referenced from WM.o(.text.WM_Init)
 <LI><a href="#[a1]">_cbDialog</a> from alarmdlg.o(i._cbDialog) referenced from alarmdlg.o(i.CreateAlarm)
 <LI><a href="#[a2]">_cbDialog</a> from brightnesssdlg.o(i._cbDialog) referenced from brightnesssdlg.o(i.CreateBrightnesss)
 <LI><a href="#[a3]">_cbDialog</a> from fandlg.o(i._cbDialog) referenced from fandlg.o(i.CreateFan)
 <LI><a href="#[a4]">_cbDialog</a> from humiditydlg.o(i._cbDialog) referenced from humiditydlg.o(i.CreateHumidity)
 <LI><a href="#[a5]">_cbDialog</a> from lightingmasterdlg.o(i._cbDialog) referenced from lightingmasterdlg.o(i.CreateLightingMaster)
 <LI><a href="#[a6]">_cbDialog</a> from magnetismlock.o(i._cbDialog) referenced from magnetismlock.o(i.CreateMagnetismLock)
 <LI><a href="#[a7]">_cbDialog</a> from spotlightdlg.o(i._cbDialog) referenced from spotlightdlg.o(i.CreateSpotlight)
 <LI><a href="#[a8]">_cbDialog</a> from temperaturedlg.o(i._cbDialog) referenced from temperaturedlg.o(i.CreateTemperature)
 <LI><a href="#[a9]">_cbDialog</a> from turnoffdlg.o(i._cbDialog) referenced from turnoffdlg.o(i.CreateTurnOff)
 <LI><a href="#[aa]">_cbDialog</a> from window0dlg.o(i._cbDialog) referenced from window0dlg.o(i.CreateWindow0Main)
 <LI><a href="#[ab]">_cbDialog</a> from window1dlg.o(i._cbDialog) referenced from window1dlg.o(i.CreateWindow1Main)
 <LI><a href="#[96]">_cbInvalidateOne</a> from WM_BringToTop.o(.text._cbInvalidateOne) referenced from WM_BringToTop.o(.text.WM_BringToTop)
 <LI><a href="#[97]">_cbPaintMemDev</a> from WM.o(.text._cbPaintMemDev) referenced from WM.o(.text.WM_Exec)
 <LI><a href="#[bf]">_snputc</a> from printfa.o(i._snputc) referenced from printfa.o(i.__0snprintf)
 <LI><a href="#[c0]">_sputc</a> from printfa.o(i._sputc) referenced from printfa.o(i.__0sprintf)
 <LI><a href="#[c7]">etharp_output</a> from etharp.o(i.etharp_output) referenced from ethernetif.o(i.ethernetif_init)
 <LI><a href="#[e3]">etharp_tmr</a> from etharp.o(i.etharp_tmr) referenced from timeouts.o(.constdata)
 <LI><a href="#[d1]">ethernet_input</a> from ethernet.o(i.ethernet_input) referenced from tcpip.o(i.tcpip_input)
 <LI><a href="#[b4]">ethernetif_init</a> from ethernetif.o(i.ethernetif_init) referenced from lwip.o(i.MX_LWIP_Init)
 <LI><a href="#[e0]">ethernetif_input</a> from ethernetif.o(i.ethernetif_input) referenced from ethernetif.o(.constdata)
 <LI><a href="#[df]">ethernetif_set_link</a> from ethernetif.o(i.ethernetif_set_link) referenced from lwip.o(.constdata)
 <LI><a href="#[b5]">ethernetif_update_config</a> from ethernetif.o(i.ethernetif_update_config) referenced from lwip.o(i.MX_LWIP_Init)
 <LI><a href="#[be]">fputc</a> from usart.o(i.fputc) referenced from printfa.o(i.__0printf)
 <LI><a href="#[d4]">ft5206_scan</a> from ft5206.o(i.ft5206_scan) referenced from touch.o(i.tp_init)
 <LI><a href="#[d3]">gt9xxx_scan</a> from gt9xxx.o(i.gt9xxx_scan) referenced from touch.o(i.tp_init)
 <LI><a href="#[d2]">ip4_input</a> from ip4.o(i.ip4_input) referenced from tcpip.o(i.tcpip_input)
 <LI><a href="#[e2]">ip_reass_tmr</a> from ip4_frag.o(i.ip_reass_tmr) referenced from timeouts.o(.constdata)
 <LI><a href="#[c9]">ipfrag_free_pbuf_custom</a> from ip4_frag.o(i.ipfrag_free_pbuf_custom) referenced from ip4_frag.o(i.ip4_frag)
 <LI><a href="#[c8]">low_level_output</a> from ethernetif.o(i.low_level_output) referenced from ethernetif.o(i.ethernetif_init)
 <LI><a href="#[ca]">lwip_cyclic_timer</a> from timeouts.o(i.lwip_cyclic_timer) referenced from timeouts.o(i.lwip_cyclic_timer)
 <LI><a href="#[ca]">lwip_cyclic_timer</a> from timeouts.o(i.lwip_cyclic_timer) referenced from timeouts.o(i.sys_timeouts_init)
 <LI><a href="#[7f]">main</a> from main.o(i.main) referenced from entry9a.o(.ARM.Collect$$$$0000000B)
 <LI><a href="#[14]">memcpy</a> from memmove.o(.text) referenced 2 times from GUI__Private.o(.data)
 <LI><a href="#[15]">memset</a> from memseta.o(.text) referenced 2 times from GUI__Private.o(.data)
 <LI><a href="#[1]">my_mem_init</a> from mymalloc.o(i.my_mem_init) referenced 2 times from mymalloc.o(.data)
 <LI><a href="#[2]">my_mem_perused</a> from mymalloc.o(i.my_mem_perused) referenced 2 times from mymalloc.o(.data)
 <LI><a href="#[cb]">netif_null_output_ip4</a> from netif.o(i.netif_null_output_ip4) referenced from netif.o(i.netif_add)
 <LI><a href="#[cc]">pbuf_free_ooseq_callback</a> from pbuf.o(i.pbuf_free_ooseq_callback) referenced from pbuf.o(i.pbuf_alloc)
 <LI><a href="#[d5]">prvIdleTask</a> from tasks.o(i.prvIdleTask) referenced from tasks.o(i.vTaskStartScheduler)
 <LI><a href="#[cd]">prvTaskExitError</a> from port.o(i.prvTaskExitError) referenced from port.o(i.pxPortInitialiseStack)
 <LI><a href="#[ce]">tcp_recv_null</a> from tcp.o(i.tcp_recv_null) referenced from tcp.o(i.tcp_alloc)
 <LI><a href="#[e1]">tcp_tmr</a> from tcp.o(i.tcp_tmr) referenced from timeouts.o(.constdata)
 <LI><a href="#[b3]">tcpip_input</a> from tcpip.o(i.tcpip_input) referenced from lwip.o(i.MX_LWIP_Init)
 <LI><a href="#[cf]">tcpip_tcp_timer</a> from timeouts.o(i.tcpip_tcp_timer) referenced from timeouts.o(i.tcp_timer_needed)
 <LI><a href="#[cf]">tcpip_tcp_timer</a> from timeouts.o(i.tcpip_tcp_timer) referenced from timeouts.o(i.tcpip_tcp_timer)
 <LI><a href="#[d0]">tcpip_thread</a> from tcpip.o(i.tcpip_thread) referenced from tcpip.o(i.tcpip_init)
 <LI><a href="#[5]">tp_adjust</a> from touch.o(i.tp_adjust) referenced 2 times from touch.o(.data)
 <LI><a href="#[3]">tp_init</a> from touch.o(i.tp_init) referenced 2 times from touch.o(.data)
 <LI><a href="#[4]">tp_scan</a> from touch.o(i.tp_scan) referenced 2 times from touch.o(.data)
</UL>
<P>
<H3>
Global Symbols
</H3>
<P><STRONG><a name="[81]"></a>__main</STRONG> (Thumb, 0 bytes, Stack size unknown bytes, entry.o(.ARM.Collect$$$$00000000))
<BR>[Address Reference Count : 1]<UL><LI> startup_stm32f407xx.o(.text)
</UL>
<P><STRONG><a name="[536]"></a>_main_stk</STRONG> (Thumb, 0 bytes, Stack size unknown bytes, entry2.o(.ARM.Collect$$$$00000001))

<P><STRONG><a name="[13f]"></a>_main_scatterload</STRONG> (Thumb, 0 bytes, Stack size unknown bytes, entry5.o(.ARM.Collect$$$$00000004))
<BR><BR>[Calls]<UL><LI><a href="#[140]">&gt;&gt;</a>&nbsp;&nbsp;&nbsp;__scatterload
</UL>

<P><STRONG><a name="[153]"></a>__main_after_scatterload</STRONG> (Thumb, 0 bytes, Stack size unknown bytes, entry5.o(.ARM.Collect$$$$00000004))
<BR><BR>[Called By]<UL><LI><a href="#[140]">&gt;&gt;</a>&nbsp;&nbsp;&nbsp;__scatterload
</UL>

<P><STRONG><a name="[537]"></a>_main_clock</STRONG> (Thumb, 0 bytes, Stack size unknown bytes, entry7b.o(.ARM.Collect$$$$00000008))

<P><STRONG><a name="[538]"></a>_main_cpp_init</STRONG> (Thumb, 0 bytes, Stack size unknown bytes, entry8b.o(.ARM.Collect$$$$0000000A))

<P><STRONG><a name="[539]"></a>_main_init</STRONG> (Thumb, 0 bytes, Stack size unknown bytes, entry9a.o(.ARM.Collect$$$$0000000B))

<P><STRONG><a name="[53a]"></a>__rt_final_cpp</STRONG> (Thumb, 0 bytes, Stack size unknown bytes, entry10a.o(.ARM.Collect$$$$0000000D))

<P><STRONG><a name="[53b]"></a>__rt_final_exit</STRONG> (Thumb, 0 bytes, Stack size unknown bytes, entry11a.o(.ARM.Collect$$$$0000000F))

<P><STRONG><a name="[2a]"></a>SVC_Handler</STRONG> (Thumb, 28 bytes, Stack size 0 bytes, port.o(.emb_text))
<BR>[Address Reference Count : 1]<UL><LI> startup_stm32f407xx.o(RESET)
</UL>
<P><STRONG><a name="[530]"></a>__asm___6_port_c_39a90d8d__prvStartFirstTask</STRONG> (Thumb, 36 bytes, Stack size 0 bytes, port.o(.emb_text))
<BR><BR>[Called By]<UL><LI><a href="#[52d]">&gt;&gt;</a>&nbsp;&nbsp;&nbsp;xPortStartScheduler
</UL>

<P><STRONG><a name="[52f]"></a>__asm___6_port_c_39a90d8d__prvEnableVFP</STRONG> (Thumb, 16 bytes, Stack size 0 bytes, port.o(.emb_text))
<BR><BR>[Called By]<UL><LI><a href="#[52d]">&gt;&gt;</a>&nbsp;&nbsp;&nbsp;xPortStartScheduler
</UL>

<P><STRONG><a name="[2c]"></a>PendSV_Handler</STRONG> (Thumb, 88 bytes, Stack size 0 bytes, port.o(.emb_text))
<BR><BR>[Calls]<UL><LI><a href="#[141]">&gt;&gt;</a>&nbsp;&nbsp;&nbsp;vTaskSwitchContext
</UL>
<BR>[Address Reference Count : 1]<UL><LI> startup_stm32f407xx.o(RESET)
</UL>
<P><STRONG><a name="[528]"></a>vPortGetIPSR</STRONG> (Thumb, 6 bytes, Stack size 0 bytes, port.o(.emb_text))
<BR><BR>[Called By]<UL><LI><a href="#[527]">&gt;&gt;</a>&nbsp;&nbsp;&nbsp;vPortValidateInterruptPriority
</UL>

<P><STRONG><a name="[24]"></a>Reset_Handler</STRONG> (Thumb, 8 bytes, Stack size 0 bytes, startup_stm32f407xx.o(.text))
<BR>[Address Reference Count : 1]<UL><LI> startup_stm32f407xx.o(RESET)
</UL>
<P><STRONG><a name="[40]"></a>ADC_IRQHandler</STRONG> (Thumb, 0 bytes, Stack size 0 bytes, startup_stm32f407xx.o(.text))
<BR><BR>[Calls]<UL><LI><a href="#[40]">&gt;&gt;</a>&nbsp;&nbsp;&nbsp;ADC_IRQHandler
</UL>
<BR>[Called By]<UL><LI><a href="#[40]">&gt;&gt;</a>&nbsp;&nbsp;&nbsp;ADC_IRQHandler
</UL>
<BR>[Address Reference Count : 1]<UL><LI> startup_stm32f407xx.o(RESET)
</UL>
<P><STRONG><a name="[42]"></a>CAN1_RX0_IRQHandler</STRONG> (Thumb, 0 bytes, Stack size 0 bytes, startup_stm32f407xx.o(.text))
<BR>[Address Reference Count : 1]<UL><LI> startup_stm32f407xx.o(RESET)
</UL>
<P><STRONG><a name="[43]"></a>CAN1_RX1_IRQHandler</STRONG> (Thumb, 0 bytes, Stack size 0 bytes, startup_stm32f407xx.o(.text))
<BR>[Address Reference Count : 1]<UL><LI> startup_stm32f407xx.o(RESET)
</UL>
<P><STRONG><a name="[44]"></a>CAN1_SCE_IRQHandler</STRONG> (Thumb, 0 bytes, Stack size 0 bytes, startup_stm32f407xx.o(.text))
<BR>[Address Reference Count : 1]<UL><LI> startup_stm32f407xx.o(RESET)
</UL>
<P><STRONG><a name="[41]"></a>CAN1_TX_IRQHandler</STRONG> (Thumb, 0 bytes, Stack size 0 bytes, startup_stm32f407xx.o(.text))
<BR>[Address Reference Count : 1]<UL><LI> startup_stm32f407xx.o(RESET)
</UL>
<P><STRONG><a name="[6e]"></a>CAN2_RX0_IRQHandler</STRONG> (Thumb, 0 bytes, Stack size 0 bytes, startup_stm32f407xx.o(.text))
<BR>[Address Reference Count : 1]<UL><LI> startup_stm32f407xx.o(RESET)
</UL>
<P><STRONG><a name="[6f]"></a>CAN2_RX1_IRQHandler</STRONG> (Thumb, 0 bytes, Stack size 0 bytes, startup_stm32f407xx.o(.text))
<BR>[Address Reference Count : 1]<UL><LI> startup_stm32f407xx.o(RESET)
</UL>
<P><STRONG><a name="[70]"></a>CAN2_SCE_IRQHandler</STRONG> (Thumb, 0 bytes, Stack size 0 bytes, startup_stm32f407xx.o(.text))
<BR>[Address Reference Count : 1]<UL><LI> startup_stm32f407xx.o(RESET)
</UL>
<P><STRONG><a name="[6d]"></a>CAN2_TX_IRQHandler</STRONG> (Thumb, 0 bytes, Stack size 0 bytes, startup_stm32f407xx.o(.text))
<BR>[Address Reference Count : 1]<UL><LI> startup_stm32f407xx.o(RESET)
</UL>
<P><STRONG><a name="[7c]"></a>DCMI_IRQHandler</STRONG> (Thumb, 0 bytes, Stack size 0 bytes, startup_stm32f407xx.o(.text))
<BR>[Address Reference Count : 1]<UL><LI> startup_stm32f407xx.o(RESET)
</UL>
<P><STRONG><a name="[39]"></a>DMA1_Stream0_IRQHandler</STRONG> (Thumb, 0 bytes, Stack size 0 bytes, startup_stm32f407xx.o(.text))
<BR>[Address Reference Count : 1]<UL><LI> startup_stm32f407xx.o(RESET)
</UL>
<P><STRONG><a name="[3a]"></a>DMA1_Stream1_IRQHandler</STRONG> (Thumb, 0 bytes, Stack size 0 bytes, startup_stm32f407xx.o(.text))
<BR>[Address Reference Count : 1]<UL><LI> startup_stm32f407xx.o(RESET)
</UL>
<P><STRONG><a name="[3b]"></a>DMA1_Stream2_IRQHandler</STRONG> (Thumb, 0 bytes, Stack size 0 bytes, startup_stm32f407xx.o(.text))
<BR>[Address Reference Count : 1]<UL><LI> startup_stm32f407xx.o(RESET)
</UL>
<P><STRONG><a name="[3c]"></a>DMA1_Stream3_IRQHandler</STRONG> (Thumb, 0 bytes, Stack size 0 bytes, startup_stm32f407xx.o(.text))
<BR>[Address Reference Count : 1]<UL><LI> startup_stm32f407xx.o(RESET)
</UL>
<P><STRONG><a name="[3d]"></a>DMA1_Stream4_IRQHandler</STRONG> (Thumb, 0 bytes, Stack size 0 bytes, startup_stm32f407xx.o(.text))
<BR>[Address Reference Count : 1]<UL><LI> startup_stm32f407xx.o(RESET)
</UL>
<P><STRONG><a name="[3e]"></a>DMA1_Stream5_IRQHandler</STRONG> (Thumb, 0 bytes, Stack size 0 bytes, startup_stm32f407xx.o(.text))
<BR>[Address Reference Count : 1]<UL><LI> startup_stm32f407xx.o(RESET)
</UL>
<P><STRONG><a name="[3f]"></a>DMA1_Stream6_IRQHandler</STRONG> (Thumb, 0 bytes, Stack size 0 bytes, startup_stm32f407xx.o(.text))
<BR>[Address Reference Count : 1]<UL><LI> startup_stm32f407xx.o(RESET)
</UL>
<P><STRONG><a name="[5d]"></a>DMA1_Stream7_IRQHandler</STRONG> (Thumb, 0 bytes, Stack size 0 bytes, startup_stm32f407xx.o(.text))
<BR>[Address Reference Count : 1]<UL><LI> startup_stm32f407xx.o(RESET)
</UL>
<P><STRONG><a name="[66]"></a>DMA2_Stream0_IRQHandler</STRONG> (Thumb, 0 bytes, Stack size 0 bytes, startup_stm32f407xx.o(.text))
<BR>[Address Reference Count : 1]<UL><LI> startup_stm32f407xx.o(RESET)
</UL>
<P><STRONG><a name="[67]"></a>DMA2_Stream1_IRQHandler</STRONG> (Thumb, 0 bytes, Stack size 0 bytes, startup_stm32f407xx.o(.text))
<BR>[Address Reference Count : 1]<UL><LI> startup_stm32f407xx.o(RESET)
</UL>
<P><STRONG><a name="[68]"></a>DMA2_Stream2_IRQHandler</STRONG> (Thumb, 0 bytes, Stack size 0 bytes, startup_stm32f407xx.o(.text))
<BR>[Address Reference Count : 1]<UL><LI> startup_stm32f407xx.o(RESET)
</UL>
<P><STRONG><a name="[6a]"></a>DMA2_Stream4_IRQHandler</STRONG> (Thumb, 0 bytes, Stack size 0 bytes, startup_stm32f407xx.o(.text))
<BR>[Address Reference Count : 1]<UL><LI> startup_stm32f407xx.o(RESET)
</UL>
<P><STRONG><a name="[72]"></a>DMA2_Stream5_IRQHandler</STRONG> (Thumb, 0 bytes, Stack size 0 bytes, startup_stm32f407xx.o(.text))
<BR>[Address Reference Count : 1]<UL><LI> startup_stm32f407xx.o(RESET)
</UL>
<P><STRONG><a name="[74]"></a>DMA2_Stream7_IRQHandler</STRONG> (Thumb, 0 bytes, Stack size 0 bytes, startup_stm32f407xx.o(.text))
<BR>[Address Reference Count : 1]<UL><LI> startup_stm32f407xx.o(RESET)
</UL>
<P><STRONG><a name="[6c]"></a>ETH_WKUP_IRQHandler</STRONG> (Thumb, 0 bytes, Stack size 0 bytes, startup_stm32f407xx.o(.text))
<BR>[Address Reference Count : 1]<UL><LI> startup_stm32f407xx.o(RESET)
</UL>
<P><STRONG><a name="[34]"></a>EXTI0_IRQHandler</STRONG> (Thumb, 0 bytes, Stack size 0 bytes, startup_stm32f407xx.o(.text))
<BR>[Address Reference Count : 1]<UL><LI> startup_stm32f407xx.o(RESET)
</UL>
<P><STRONG><a name="[56]"></a>EXTI15_10_IRQHandler</STRONG> (Thumb, 0 bytes, Stack size 0 bytes, startup_stm32f407xx.o(.text))
<BR>[Address Reference Count : 1]<UL><LI> startup_stm32f407xx.o(RESET)
</UL>
<P><STRONG><a name="[35]"></a>EXTI1_IRQHandler</STRONG> (Thumb, 0 bytes, Stack size 0 bytes, startup_stm32f407xx.o(.text))
<BR>[Address Reference Count : 1]<UL><LI> startup_stm32f407xx.o(RESET)
</UL>
<P><STRONG><a name="[36]"></a>EXTI2_IRQHandler</STRONG> (Thumb, 0 bytes, Stack size 0 bytes, startup_stm32f407xx.o(.text))
<BR>[Address Reference Count : 1]<UL><LI> startup_stm32f407xx.o(RESET)
</UL>
<P><STRONG><a name="[37]"></a>EXTI3_IRQHandler</STRONG> (Thumb, 0 bytes, Stack size 0 bytes, startup_stm32f407xx.o(.text))
<BR>[Address Reference Count : 1]<UL><LI> startup_stm32f407xx.o(RESET)
</UL>
<P><STRONG><a name="[38]"></a>EXTI4_IRQHandler</STRONG> (Thumb, 0 bytes, Stack size 0 bytes, startup_stm32f407xx.o(.text))
<BR>[Address Reference Count : 1]<UL><LI> startup_stm32f407xx.o(RESET)
</UL>
<P><STRONG><a name="[45]"></a>EXTI9_5_IRQHandler</STRONG> (Thumb, 0 bytes, Stack size 0 bytes, startup_stm32f407xx.o(.text))
<BR>[Address Reference Count : 1]<UL><LI> startup_stm32f407xx.o(RESET)
</UL>
<P><STRONG><a name="[32]"></a>FLASH_IRQHandler</STRONG> (Thumb, 0 bytes, Stack size 0 bytes, startup_stm32f407xx.o(.text))
<BR>[Address Reference Count : 1]<UL><LI> startup_stm32f407xx.o(RESET)
</UL>
<P><STRONG><a name="[5e]"></a>FMC_IRQHandler</STRONG> (Thumb, 0 bytes, Stack size 0 bytes, startup_stm32f407xx.o(.text))
<BR>[Address Reference Count : 1]<UL><LI> startup_stm32f407xx.o(RESET)
</UL>
<P><STRONG><a name="[7e]"></a>FPU_IRQHandler</STRONG> (Thumb, 0 bytes, Stack size 0 bytes, startup_stm32f407xx.o(.text))
<BR>[Address Reference Count : 1]<UL><LI> startup_stm32f407xx.o(RESET)
</UL>
<P><STRONG><a name="[7d]"></a>HASH_RNG_IRQHandler</STRONG> (Thumb, 0 bytes, Stack size 0 bytes, startup_stm32f407xx.o(.text))
<BR>[Address Reference Count : 1]<UL><LI> startup_stm32f407xx.o(RESET)
</UL>
<P><STRONG><a name="[4e]"></a>I2C1_ER_IRQHandler</STRONG> (Thumb, 0 bytes, Stack size 0 bytes, startup_stm32f407xx.o(.text))
<BR>[Address Reference Count : 1]<UL><LI> startup_stm32f407xx.o(RESET)
</UL>
<P><STRONG><a name="[4d]"></a>I2C1_EV_IRQHandler</STRONG> (Thumb, 0 bytes, Stack size 0 bytes, startup_stm32f407xx.o(.text))
<BR>[Address Reference Count : 1]<UL><LI> startup_stm32f407xx.o(RESET)
</UL>
<P><STRONG><a name="[50]"></a>I2C2_ER_IRQHandler</STRONG> (Thumb, 0 bytes, Stack size 0 bytes, startup_stm32f407xx.o(.text))
<BR>[Address Reference Count : 1]<UL><LI> startup_stm32f407xx.o(RESET)
</UL>
<P><STRONG><a name="[4f]"></a>I2C2_EV_IRQHandler</STRONG> (Thumb, 0 bytes, Stack size 0 bytes, startup_stm32f407xx.o(.text))
<BR>[Address Reference Count : 1]<UL><LI> startup_stm32f407xx.o(RESET)
</UL>
<P><STRONG><a name="[77]"></a>I2C3_ER_IRQHandler</STRONG> (Thumb, 0 bytes, Stack size 0 bytes, startup_stm32f407xx.o(.text))
<BR>[Address Reference Count : 1]<UL><LI> startup_stm32f407xx.o(RESET)
</UL>
<P><STRONG><a name="[76]"></a>I2C3_EV_IRQHandler</STRONG> (Thumb, 0 bytes, Stack size 0 bytes, startup_stm32f407xx.o(.text))
<BR>[Address Reference Count : 1]<UL><LI> startup_stm32f407xx.o(RESET)
</UL>
<P><STRONG><a name="[71]"></a>OTG_FS_IRQHandler</STRONG> (Thumb, 0 bytes, Stack size 0 bytes, startup_stm32f407xx.o(.text))
<BR>[Address Reference Count : 1]<UL><LI> startup_stm32f407xx.o(RESET)
</UL>
<P><STRONG><a name="[58]"></a>OTG_FS_WKUP_IRQHandler</STRONG> (Thumb, 0 bytes, Stack size 0 bytes, startup_stm32f407xx.o(.text))
<BR>[Address Reference Count : 1]<UL><LI> startup_stm32f407xx.o(RESET)
</UL>
<P><STRONG><a name="[79]"></a>OTG_HS_EP1_IN_IRQHandler</STRONG> (Thumb, 0 bytes, Stack size 0 bytes, startup_stm32f407xx.o(.text))
<BR>[Address Reference Count : 1]<UL><LI> startup_stm32f407xx.o(RESET)
</UL>
<P><STRONG><a name="[78]"></a>OTG_HS_EP1_OUT_IRQHandler</STRONG> (Thumb, 0 bytes, Stack size 0 bytes, startup_stm32f407xx.o(.text))
<BR>[Address Reference Count : 1]<UL><LI> startup_stm32f407xx.o(RESET)
</UL>
<P><STRONG><a name="[7b]"></a>OTG_HS_IRQHandler</STRONG> (Thumb, 0 bytes, Stack size 0 bytes, startup_stm32f407xx.o(.text))
<BR>[Address Reference Count : 1]<UL><LI> startup_stm32f407xx.o(RESET)
</UL>
<P><STRONG><a name="[7a]"></a>OTG_HS_WKUP_IRQHandler</STRONG> (Thumb, 0 bytes, Stack size 0 bytes, startup_stm32f407xx.o(.text))
<BR>[Address Reference Count : 1]<UL><LI> startup_stm32f407xx.o(RESET)
</UL>
<P><STRONG><a name="[2f]"></a>PVD_IRQHandler</STRONG> (Thumb, 0 bytes, Stack size 0 bytes, startup_stm32f407xx.o(.text))
<BR>[Address Reference Count : 1]<UL><LI> startup_stm32f407xx.o(RESET)
</UL>
<P><STRONG><a name="[33]"></a>RCC_IRQHandler</STRONG> (Thumb, 0 bytes, Stack size 0 bytes, startup_stm32f407xx.o(.text))
<BR>[Address Reference Count : 1]<UL><LI> startup_stm32f407xx.o(RESET)
</UL>
<P><STRONG><a name="[57]"></a>RTC_Alarm_IRQHandler</STRONG> (Thumb, 0 bytes, Stack size 0 bytes, startup_stm32f407xx.o(.text))
<BR>[Address Reference Count : 1]<UL><LI> startup_stm32f407xx.o(RESET)
</UL>
<P><STRONG><a name="[31]"></a>RTC_WKUP_IRQHandler</STRONG> (Thumb, 0 bytes, Stack size 0 bytes, startup_stm32f407xx.o(.text))
<BR>[Address Reference Count : 1]<UL><LI> startup_stm32f407xx.o(RESET)
</UL>
<P><STRONG><a name="[51]"></a>SPI1_IRQHandler</STRONG> (Thumb, 0 bytes, Stack size 0 bytes, startup_stm32f407xx.o(.text))
<BR>[Address Reference Count : 1]<UL><LI> startup_stm32f407xx.o(RESET)
</UL>
<P><STRONG><a name="[52]"></a>SPI2_IRQHandler</STRONG> (Thumb, 0 bytes, Stack size 0 bytes, startup_stm32f407xx.o(.text))
<BR>[Address Reference Count : 1]<UL><LI> startup_stm32f407xx.o(RESET)
</UL>
<P><STRONG><a name="[61]"></a>SPI3_IRQHandler</STRONG> (Thumb, 0 bytes, Stack size 0 bytes, startup_stm32f407xx.o(.text))
<BR>[Address Reference Count : 1]<UL><LI> startup_stm32f407xx.o(RESET)
</UL>
<P><STRONG><a name="[30]"></a>TAMP_STAMP_IRQHandler</STRONG> (Thumb, 0 bytes, Stack size 0 bytes, startup_stm32f407xx.o(.text))
<BR>[Address Reference Count : 1]<UL><LI> startup_stm32f407xx.o(RESET)
</UL>
<P><STRONG><a name="[46]"></a>TIM1_BRK_TIM9_IRQHandler</STRONG> (Thumb, 0 bytes, Stack size 0 bytes, startup_stm32f407xx.o(.text))
<BR>[Address Reference Count : 1]<UL><LI> startup_stm32f407xx.o(RESET)
</UL>
<P><STRONG><a name="[49]"></a>TIM1_CC_IRQHandler</STRONG> (Thumb, 0 bytes, Stack size 0 bytes, startup_stm32f407xx.o(.text))
<BR>[Address Reference Count : 1]<UL><LI> startup_stm32f407xx.o(RESET)
</UL>
<P><STRONG><a name="[48]"></a>TIM1_TRG_COM_TIM11_IRQHandler</STRONG> (Thumb, 0 bytes, Stack size 0 bytes, startup_stm32f407xx.o(.text))
<BR>[Address Reference Count : 1]<UL><LI> startup_stm32f407xx.o(RESET)
</UL>
<P><STRONG><a name="[4a]"></a>TIM2_IRQHandler</STRONG> (Thumb, 0 bytes, Stack size 0 bytes, startup_stm32f407xx.o(.text))
<BR>[Address Reference Count : 1]<UL><LI> startup_stm32f407xx.o(RESET)
</UL>
<P><STRONG><a name="[4b]"></a>TIM3_IRQHandler</STRONG> (Thumb, 0 bytes, Stack size 0 bytes, startup_stm32f407xx.o(.text))
<BR>[Address Reference Count : 1]<UL><LI> startup_stm32f407xx.o(RESET)
</UL>
<P><STRONG><a name="[4c]"></a>TIM4_IRQHandler</STRONG> (Thumb, 0 bytes, Stack size 0 bytes, startup_stm32f407xx.o(.text))
<BR>[Address Reference Count : 1]<UL><LI> startup_stm32f407xx.o(RESET)
</UL>
<P><STRONG><a name="[60]"></a>TIM5_IRQHandler</STRONG> (Thumb, 0 bytes, Stack size 0 bytes, startup_stm32f407xx.o(.text))
<BR>[Address Reference Count : 1]<UL><LI> startup_stm32f407xx.o(RESET)
</UL>
<P><STRONG><a name="[64]"></a>TIM6_DAC_IRQHandler</STRONG> (Thumb, 0 bytes, Stack size 0 bytes, startup_stm32f407xx.o(.text))
<BR>[Address Reference Count : 1]<UL><LI> startup_stm32f407xx.o(RESET)
</UL>
<P><STRONG><a name="[65]"></a>TIM7_IRQHandler</STRONG> (Thumb, 0 bytes, Stack size 0 bytes, startup_stm32f407xx.o(.text))
<BR>[Address Reference Count : 1]<UL><LI> startup_stm32f407xx.o(RESET)
</UL>
<P><STRONG><a name="[59]"></a>TIM8_BRK_TIM12_IRQHandler</STRONG> (Thumb, 0 bytes, Stack size 0 bytes, startup_stm32f407xx.o(.text))
<BR>[Address Reference Count : 1]<UL><LI> startup_stm32f407xx.o(RESET)
</UL>
<P><STRONG><a name="[5c]"></a>TIM8_CC_IRQHandler</STRONG> (Thumb, 0 bytes, Stack size 0 bytes, startup_stm32f407xx.o(.text))
<BR>[Address Reference Count : 1]<UL><LI> startup_stm32f407xx.o(RESET)
</UL>
<P><STRONG><a name="[5b]"></a>TIM8_TRG_COM_TIM14_IRQHandler</STRONG> (Thumb, 0 bytes, Stack size 0 bytes, startup_stm32f407xx.o(.text))
<BR>[Address Reference Count : 1]<UL><LI> startup_stm32f407xx.o(RESET)
</UL>
<P><STRONG><a name="[5a]"></a>TIM8_UP_TIM13_IRQHandler</STRONG> (Thumb, 0 bytes, Stack size 0 bytes, startup_stm32f407xx.o(.text))
<BR>[Address Reference Count : 1]<UL><LI> startup_stm32f407xx.o(RESET)
</UL>
<P><STRONG><a name="[62]"></a>UART4_IRQHandler</STRONG> (Thumb, 0 bytes, Stack size 0 bytes, startup_stm32f407xx.o(.text))
<BR>[Address Reference Count : 1]<UL><LI> startup_stm32f407xx.o(RESET)
[...]
<BR>[Called By]<UL><LI><a href="#[29a]">&gt;&gt;</a>&nbsp;&nbsp;&nbsp;_MoveDescendents
<LI><a href="#[299]">&gt;&gt;</a>&nbsp;&nbsp;&nbsp;WM_MoveWindow
</UL>

<P><STRONG><a name="[17]"></a>_Create</STRONG> (Thumb, 54 bytes, Stack size unknown bytes, BUTTON_Skin.o(.text._Create))
<BR><BR>[Stack]<UL><LI>Max Depth = 8 + Unknown Stack Size
<LI>Call Chain = _Create &rArr; memset
</UL>
<BR>[Calls]<UL><LI><a href="#[15]">&gt;&gt;</a>&nbsp;&nbsp;&nbsp;memset
<LI><a href="#[158]">&gt;&gt;</a>&nbsp;&nbsp;&nbsp;GUI_ALLOC_UnlockH
<LI><a href="#[157]">&gt;&gt;</a>&nbsp;&nbsp;&nbsp;GUI_ALLOC_LockH
</UL>
<BR>[Address Reference Count : 1]<UL><LI> BUTTON_Skin.o(.data)
</UL>
<P><STRONG><a name="[16]"></a>_Paint</STRONG> (Thumb, 134 bytes, Stack size unknown bytes, BUTTON_Skin.o(.text._Paint))
<BR><BR>[Stack]<UL><LI>Max Depth = 128 + Unknown Stack Size
<LI>Call Chain = _Paint &rArr; WM_GetWindowSizeY &rArr; GUI_Unlock &rArr; GUI_X_Unlock &rArr; osMutexRelease &rArr; xQueueGenericSend &rArr; xTaskResumeAll &rArr; xTaskIncrementTick
</UL>
<BR>[Calls]<UL><LI><a href="#[26c]">&gt;&gt;</a>&nbsp;&nbsp;&nbsp;WM_GetWindowSizeY
<LI><a href="#[158]">&gt;&gt;</a>&nbsp;&nbsp;&nbsp;GUI_ALLOC_UnlockH
<LI><a href="#[157]">&gt;&gt;</a>&nbsp;&nbsp;&nbsp;GUI_ALLOC_LockH
<LI><a href="#[26b]">&gt;&gt;</a>&nbsp;&nbsp;&nbsp;WM_GetWindowSizeX
</UL>
<BR>[Address Reference Count : 1]<UL><LI> BUTTON_Skin.o(.data)
</UL>
<P><STRONG><a name="[132]"></a>_GetYSize</STRONG> (Thumb, 28 bytes, Stack size unknown bytes, GUI_DRAW_BITMAP.o(.text._GetYSize))
<BR><BR>[Calls]<UL><LI><a href="#[158]">&gt;&gt;</a>&nbsp;&nbsp;&nbsp;GUI_ALLOC_UnlockH
<LI><a href="#[157]">&gt;&gt;</a>&nbsp;&nbsp;&nbsp;GUI_ALLOC_LockH
</UL>
<BR>[Address Reference Count : 1]<UL><LI> GUI_DRAW_BITMAP.o(.rodata)
</UL>
<P><STRONG><a name="[131]"></a>_GetXSize</STRONG> (Thumb, 28 bytes, Stack size unknown bytes, GUI_DRAW_BITMAP.o(.text._GetXSize))
<BR><BR>[Calls]<UL><LI><a href="#[158]">&gt;&gt;</a>&nbsp;&nbsp;&nbsp;GUI_ALLOC_UnlockH
<LI><a href="#[157]">&gt;&gt;</a>&nbsp;&nbsp;&nbsp;GUI_ALLOC_LockH
</UL>
<BR>[Address Reference Count : 1]<UL><LI> GUI_DRAW_BITMAP.o(.rodata)
</UL>
<P><STRONG><a name="[130]"></a>_DrawBitmap</STRONG> (Thumb, 54 bytes, Stack size unknown bytes, GUI_DRAW_BITMAP.o(.text._DrawBitmap))
<BR><BR>[Stack]<UL><LI>Max Depth = 128 + Unknown Stack Size
<LI>Call Chain = _DrawBitmap &rArr; GUI_DrawBitmap &rArr; GUI_Unlock &rArr; GUI_X_Unlock &rArr; osMutexRelease &rArr; xQueueGenericSend &rArr; xTaskResumeAll &rArr; xTaskIncrementTick
</UL>
<BR>[Calls]<UL><LI><a href="#[158]">&gt;&gt;</a>&nbsp;&nbsp;&nbsp;GUI_ALLOC_UnlockH
<LI><a href="#[157]">&gt;&gt;</a>&nbsp;&nbsp;&nbsp;GUI_ALLOC_LockH
<LI><a href="#[1bd]">&gt;&gt;</a>&nbsp;&nbsp;&nbsp;GUI_DrawBitmap
</UL>
<BR>[Address Reference Count : 1]<UL><LI> GUI_DRAW_BITMAP.o(.rodata)
</UL>
<P><STRONG><a name="[19]"></a>_Create</STRONG> (Thumb, 40 bytes, Stack size unknown bytes, SLIDER_Skin.o(.text._Create))
<BR><BR>[Calls]<UL><LI><a href="#[158]">&gt;&gt;</a>&nbsp;&nbsp;&nbsp;GUI_ALLOC_UnlockH
<LI><a href="#[157]">&gt;&gt;</a>&nbsp;&nbsp;&nbsp;GUI_ALLOC_LockH
</UL>
<BR>[Address Reference Count : 1]<UL><LI> SLIDER_Skin.o(.data)
</UL>
<P><STRONG><a name="[18]"></a>_Paint</STRONG> (Thumb, 572 bytes, Stack size unknown bytes, SLIDER_Skin.o(.text._Paint))
<BR><BR>[Stack]<UL><LI>Max Depth = 128 + Unknown Stack Size
<LI>Call Chain = _Paint &rArr; WM_SetUserClipRect &rArr; GUI_Unlock &rArr; GUI_X_Unlock &rArr; osMutexRelease &rArr; xQueueGenericSend &rArr; xTaskResumeAll &rArr; xTaskIncrementTick
</UL>
<BR>[Calls]<UL><LI><a href="#[158]">&gt;&gt;</a>&nbsp;&nbsp;&nbsp;GUI_ALLOC_UnlockH
<LI><a href="#[157]">&gt;&gt;</a>&nbsp;&nbsp;&nbsp;GUI_ALLOC_LockH
<LI><a href="#[1b3]">&gt;&gt;</a>&nbsp;&nbsp;&nbsp;WM_SetUserClipRect
<LI><a href="#[243]">&gt;&gt;</a>&nbsp;&nbsp;&nbsp;WM_GetClientRectEx
</UL>
<BR>[Address Reference Count : 1]<UL><LI> SLIDER_Skin.o(.data)
</UL>
<P><STRONG><a name="[135]"></a>_GetIndexMask_0</STRONG> (Thumb, 74 bytes, Stack size unknown bytes, GUICC_0.o(.text._GetIndexMask_0))
<BR><BR>[Calls]<UL><LI><a href="#[249]">&gt;&gt;</a>&nbsp;&nbsp;&nbsp;LCD_GetNumColors
</UL>
<BR>[Address Reference Count : 1]<UL><LI> GUICC_0.o(.rodata)
</UL>
<P><STRONG><a name="[134]"></a>_Index2Color_0</STRONG> (Thumb, 30 bytes, Stack size unknown bytes, GUICC_0.o(.text._Index2Color_0))
<BR><BR>[Calls]<UL><LI><a href="#[24c]">&gt;&gt;</a>&nbsp;&nbsp;&nbsp;LCD_GetPalette
<LI><a href="#[249]">&gt;&gt;</a>&nbsp;&nbsp;&nbsp;LCD_GetNumColors
</UL>
<BR>[Address Reference Count : 1]<UL><LI> GUICC_0.o(.rodata)
</UL>
<P><STRONG><a name="[133]"></a>_Color2Index_0</STRONG> (Thumb, 88 bytes, Stack size unknown bytes, GUICC_0.o(.text._Color2Index_0))
<BR><BR>[Calls]<UL><LI><a href="#[24c]">&gt;&gt;</a>&nbsp;&nbsp;&nbsp;LCD_GetPalette
<LI><a href="#[249]">&gt;&gt;</a>&nbsp;&nbsp;&nbsp;LCD_GetNumColors
<LI><a href="#[2ad]">&gt;&gt;</a>&nbsp;&nbsp;&nbsp;GUI_CalcColorDist
</UL>
<BR>[Address Reference Count : 1]<UL><LI> GUICC_0.o(.rodata)
</UL>
<P><STRONG><a name="[1a]"></a>_Log2VisBuffered</STRONG> (Thumb, 2 bytes, Stack size unknown bytes, GUI_CharLine.o(.text._Log2VisBuffered))
<BR>[Address Reference Count : 1]<UL><LI> GUI_CharLine.o(.data)
</UL>
<P><STRONG><a name="[236]"></a>_DispLine</STRONG> (Thumb, 156 bytes, Stack size unknown bytes, GUI_CharLine.o(.text._DispLine))
<BR><BR>[Calls]<UL><LI><a href="#[240]">&gt;&gt;</a>&nbsp;&nbsp;&nbsp;GUI__ManageCache
<LI><a href="#[2a8]">&gt;&gt;</a>&nbsp;&nbsp;&nbsp;GUI_RectsIntersect
<LI><a href="#[23f]">&gt;&gt;</a>&nbsp;&nbsp;&nbsp;GUI_UC__GetCharCodeInc
</UL>
<BR>[Called By]<UL><LI><a href="#[1b9]">&gt;&gt;</a>&nbsp;&nbsp;&nbsp;GUI__DispLine
</UL>

<P><STRONG><a name="[88]"></a>_OnExit</STRONG> (Thumb, 40 bytes, Stack size unknown bytes, GUI__Alpha.o(.text._OnExit))
<BR><BR>[Calls]<UL><LI><a href="#[1ac]">&gt;&gt;</a>&nbsp;&nbsp;&nbsp;GUI_ALLOC_FreeFixedBlock
</UL>
<BR>[Address Reference Count : 3]<UL><LI> GUI__Alpha.o(.text.GUI__DoAlphaBlending)
<LI> GUI__Alpha.o(.text.GUI__GetAlphaBuffer)
<LI> GUI__Alpha.o(.text.GUI__AllocAlphaBuffer)
</UL>
<P><STRONG><a name="[1d]"></a>_GetWordWrap</STRONG> (Thumb, 240 bytes, Stack size unknown bytes, GUI__Wrap.o(.text._GetWordWrap))
<BR><BR>[Stack]<UL><LI>Max Depth = 128 + Unknown Stack Size
<LI>Call Chain = _GetWordWrap &rArr; GUI_GetCharDistX &rArr; GUI_Unlock &rArr; GUI_X_Unlock &rArr; osMutexRelease &rArr; xQueueGenericSend &rArr; xTaskResumeAll &rArr; xTaskIncrementTick
</UL>
<BR>[Calls]<UL><LI><a href="#[23f]">&gt;&gt;</a>&nbsp;&nbsp;&nbsp;GUI_UC__GetCharCodeInc
<LI><a href="#[1ca]">&gt;&gt;</a>&nbsp;&nbsp;&nbsp;GUI_GetCharDistX
</UL>
<BR>[Address Reference Count : 1]<UL><LI> GUI__Wrap.o(.data)
</UL>
<P><STRONG><a name="[1e]"></a>_GetCharWrap</STRONG> (Thumb, 58 bytes, Stack size unknown bytes, GUI__Wrap.o(.text._GetCharWrap))
<BR><BR>[Stack]<UL><LI>Max Depth = 128 + Unknown Stack Size
<LI>Call Chain = _GetCharWrap &rArr; GUI_GetCharDistX &rArr; GUI_Unlock &rArr; GUI_X_Unlock &rArr; osMutexRelease &rArr; xQueueGenericSend &rArr; xTaskResumeAll &rArr; xTaskIncrementTick
</UL>
<BR>[Calls]<UL><LI><a href="#[23f]">&gt;&gt;</a>&nbsp;&nbsp;&nbsp;GUI_UC__GetCharCodeInc
<LI><a href="#[1ca]">&gt;&gt;</a>&nbsp;&nbsp;&nbsp;GUI_GetCharDistX
</UL>
<BR>[Address Reference Count : 1]<UL><LI> GUI__Wrap.o(.data)
</UL>
<P><STRONG><a name="[21]"></a>_NextPixel_SetPixel</STRONG> (Thumb, 360 bytes, Stack size unknown bytes, LCD_NextPixelAPI.o(.text._NextPixel_SetPixel))
<BR>[Address Reference Count : 1]<UL><LI> LCD_NextPixelAPI.o(.data)
</UL>
<P><STRONG><a name="[20]"></a>_NextPixel_Start</STRONG> (Thumb, 184 bytes, Stack size unknown bytes, LCD_NextPixelAPI.o(.text._NextPixel_Start))
<BR><BR>[Stack]<UL><LI>Max Depth = 128 + Unknown Stack Size
<LI>Call Chain = _NextPixel_Start &rArr; GUI_ALLOC_GetMaxSize &rArr; _EnlargeBlocks &rArr;  _Alloc (Cycle)
</UL>
<BR>[Calls]<UL><LI><a href="#[18f]">&gt;&gt;</a>&nbsp;&nbsp;&nbsp;GUI_ALLOC_GetMaxSize
<LI><a href="#[157]">&gt;&gt;</a>&nbsp;&nbsp;&nbsp;GUI_ALLOC_LockH
<LI><a href="#[188]">&gt;&gt;</a>&nbsp;&nbsp;&nbsp;GUI_ALLOC_AllocNoInit
<LI><a href="#[20c]">&gt;&gt;</a>&nbsp;&nbsp;&nbsp;GUI_GetBitsPerPixelEx
</UL>
<BR>[Address Reference Count : 1]<UL><LI> LCD_NextPixelAPI.o(.data)
</UL>
<P><STRONG><a name="[22]"></a>_NextPixel_NextLine</STRONG> (Thumb, 84 bytes, Stack size unknown bytes, LCD_NextPixelAPI.o(.text._NextPixel_NextLine))
<BR>[Address Reference Count : 1]<UL><LI> LCD_NextPixelAPI.o(.data)
</UL>
<P><STRONG><a name="[23]"></a>_NextPixel_End</STRONG> (Thumb, 100 bytes, Stack size unknown bytes, LCD_NextPixelAPI.o(.text._NextPixel_End))
<BR><BR>[Stack]<UL><LI>Max Depth = 128 + Unknown Stack Size
<LI>Call Chain = _NextPixel_End &rArr; GUI_ALLOC_Free &rArr; GUI_Unlock &rArr; GUI_X_Unlock &rArr; osMutexRelease &rArr; xQueueGenericSend &rArr; xTaskResumeAll &rArr; xTaskIncrementTick
</UL>
<BR>[Calls]<UL><LI><a href="#[18b]">&gt;&gt;</a>&nbsp;&nbsp;&nbsp;GUI_ALLOC_Free
<LI><a href="#[158]">&gt;&gt;</a>&nbsp;&nbsp;&nbsp;GUI_ALLOC_UnlockH
</UL>
<BR>[Address Reference Count : 1]<UL><LI> LCD_NextPixelAPI.o(.data)
</UL>
<P><STRONG><a name="[136]"></a>GUI_USAGE_BM_AddPixel</STRONG> (Thumb, 46 bytes, Stack size unknown bytes, GUIDEV_UsageBM.o(.text.GUI_USAGE_BM_AddPixel))
<BR>[Address Reference Count : 1]<UL><LI> GUIDEV_UsageBM.o(.rodata)
</UL>
<P><STRONG><a name="[13a]"></a>GUI_USAGE_BM_GetNextDirty</STRONG> (Thumb, 196 bytes, Stack size unknown bytes, GUIDEV_UsageBM.o(.text.GUI_USAGE_BM_GetNextDirty))
<BR>[Address Reference Count : 1]<UL><LI> GUIDEV_UsageBM.o(.rodata)
</UL>
<P><STRONG><a name="[139]"></a>_GUI_USAGE_BM_Delete</STRONG> (Thumb, 4 bytes, Stack size unknown bytes, GUIDEV_UsageBM.o(.text._GUI_USAGE_BM_Delete))
<BR><BR>[Stack]<UL><LI>Max Depth = 128 + Unknown Stack Size
<LI>Call Chain = _GUI_USAGE_BM_Delete &rArr; GUI_ALLOC_Free &rArr; GUI_Unlock &rArr; GUI_X_Unlock &rArr; osMutexRelease &rArr; xQueueGenericSend &rArr; xTaskResumeAll &rArr; xTaskIncrementTick
</UL>
<BR>[Calls]<UL><LI><a href="#[18b]">&gt;&gt;</a>&nbsp;&nbsp;&nbsp;GUI_ALLOC_Free
</UL>
<BR>[Address Reference Count : 1]<UL><LI> GUIDEV_UsageBM.o(.rodata)
</UL>
<P><STRONG><a name="[138]"></a>GUI_USAGE_BM_Clear</STRONG> (Thumb, 20 bytes, Stack size unknown bytes, GUIDEV_UsageBM.o(.text.GUI_USAGE_BM_Clear))
<BR><BR>[Stack]<UL><LI>Max Depth = 8 + Unknown Stack Size
<LI>Call Chain = GUI_USAGE_BM_Clear &rArr; memset
</UL>
<BR>[Calls]<UL><LI><a href="#[15]">&gt;&gt;</a>&nbsp;&nbsp;&nbsp;memset
</UL>
<BR>[Address Reference Count : 1]<UL><LI> GUIDEV_UsageBM.o(.rodata)
</UL>
<P><STRONG><a name="[137]"></a>GUI_USAGE_BM_AddHLine</STRONG> (Thumb, 114 bytes, Stack size unknown bytes, GUIDEV_UsageBM.o(.text.GUI_USAGE_BM_AddHLine))
<BR><BR>[Stack]<UL><LI>Max Depth = 8 + Unknown Stack Size
<LI>Call Chain = GUI_USAGE_BM_AddHLine &rArr; memset
</UL>
<BR>[Calls]<UL><LI><a href="#[15]">&gt;&gt;</a>&nbsp;&nbsp;&nbsp;memset
</UL>
<BR>[Address Reference Count : 1]<UL><LI> GUIDEV_UsageBM.o(.rodata)
</UL>
<P><STRONG><a name="[96]"></a>_cbInvalidateOne</STRONG> (Thumb, 4 bytes, Stack size unknown bytes, WM_BringToTop.o(.text._cbInvalidateOne))
<BR><BR>[Stack]<UL><LI>Max Depth = 128 + Unknown Stack Size
<LI>Call Chain = _cbInvalidateOne &rArr; WM_InvalidateWindow &rArr; GUI_Unlock &rArr; GUI_X_Unlock &rArr; osMutexRelease &rArr; xQueueGenericSend &rArr; xTaskResumeAll &rArr; xTaskIncrementTick
</UL>
<BR>[Calls]<UL><LI><a href="#[163]">&gt;&gt;</a>&nbsp;&nbsp;&nbsp;WM_InvalidateWindow
</UL>
<BR>[Address Reference Count : 1]<UL><LI> WM_BringToTop.o(.text.WM_BringToTop)
</UL>
<P><STRONG><a name="[2a1]"></a>_Screen2hWin</STRONG> (Thumb, 1136 bytes, Stack size unknown bytes, WM_Screen2Win.o(.text._Screen2hWin))
<BR><BR>[Calls]<UL><LI><a href="#[2a1]">&gt;&gt;</a>&nbsp;&nbsp;&nbsp;_Screen2hWin
<LI><a href="#[158]">&gt;&gt;</a>&nbsp;&nbsp;&nbsp;GUI_ALLOC_UnlockH
<LI><a href="#[157]">&gt;&gt;</a>&nbsp;&nbsp;&nbsp;GUI_ALLOC_LockH
<LI><a href="#[1a8]">&gt;&gt;</a>&nbsp;&nbsp;&nbsp;GUI_ALLOC_h2p
</UL>
<BR>[Called By]<UL><LI><a href="#[290]">&gt;&gt;</a>&nbsp;&nbsp;&nbsp;WM_Screen2hWin
<LI><a href="#[2a1]">&gt;&gt;</a>&nbsp;&nbsp;&nbsp;_Screen2hWin
</UL>

<P><STRONG><a name="[13e]"></a>_DrawDownRect</STRONG> (Thumb, 56 bytes, Stack size unknown bytes, WIDGET_Effect_Simple.o(.text._DrawDownRect))
<BR><BR>[Stack]<UL><LI>Max Depth = 128 + Unknown Stack Size
<LI>Call Chain = _DrawDownRect &rArr; GUI_DrawRect &rArr; GUI_Unlock &rArr; GUI_X_Unlock &rArr; osMutexRelease &rArr; xQueueGenericSend &rArr; xTaskResumeAll &rArr; xTaskIncrementTick
</UL>
<BR>[Calls]<UL><LI><a href="#[165]">&gt;&gt;</a>&nbsp;&nbsp;&nbsp;GUI_DrawRect
<LI><a href="#[217]">&gt;&gt;</a>&nbsp;&nbsp;&nbsp;GUI_RestoreContext
<LI><a href="#[21c]">&gt;&gt;</a>&nbsp;&nbsp;&nbsp;GUI_SaveContext_W
<LI><a href="#[17c]">&gt;&gt;</a>&nbsp;&nbsp;&nbsp;LCD_SetColor
</UL>
<BR>[Address Reference Count : 1]<UL><LI> WIDGET_Effect_Simple.o(.rodata)
</UL>
<P><STRONG><a name="[13b]"></a>_DrawUp</STRONG> (Thumb, 60 bytes, Stack size unknown bytes, WIDGET_Effect_Simple.o(.text._DrawUp))
<BR><BR>[Stack]<UL><LI>Max Depth = 128 + Unknown Stack Size
<LI>Call Chain = _DrawUp &rArr; GUI_DrawRect &rArr; GUI_Unlock &rArr; GUI_X_Unlock &rArr; osMutexRelease &rArr; xQueueGenericSend &rArr; xTaskResumeAll &rArr; xTaskIncrementTick
</UL>
<BR>[Calls]<UL><LI><a href="#[165]">&gt;&gt;</a>&nbsp;&nbsp;&nbsp;GUI_DrawRect
<LI><a href="#[1cc]">&gt;&gt;</a>&nbsp;&nbsp;&nbsp;WM_GetClientRect
<LI><a href="#[217]">&gt;&gt;</a>&nbsp;&nbsp;&nbsp;GUI_RestoreContext
<LI><a href="#[21c]">&gt;&gt;</a>&nbsp;&nbsp;&nbsp;GUI_SaveContext_W
<LI><a href="#[17c]">&gt;&gt;</a>&nbsp;&nbsp;&nbsp;LCD_SetColor
</UL>
<BR>[Address Reference Count : 1]<UL><LI> WIDGET_Effect_Simple.o(.rodata)
</UL>
<P><STRONG><a name="[13c]"></a>_DrawUpRect</STRONG> (Thumb, 56 bytes, Stack size unknown bytes, WIDGET_Effect_Simple.o(.text._DrawUpRect))
<BR><BR>[Stack]<UL><LI>Max Depth = 128 + Unknown Stack Size
<LI>Call Chain = _DrawUpRect &rArr; GUI_DrawRect &rArr; GUI_Unlock &rArr; GUI_X_Unlock &rArr; osMutexRelease &rArr; xQueueGenericSend &rArr; xTaskResumeAll &rArr; xTaskIncrementTick
</UL>
<BR>[Calls]<UL><LI><a href="#[165]">&gt;&gt;</a>&nbsp;&nbsp;&nbsp;GUI_DrawRect
<LI><a href="#[217]">&gt;&gt;</a>&nbsp;&nbsp;&nbsp;GUI_RestoreContext
<LI><a href="#[21c]">&gt;&gt;</a>&nbsp;&nbsp;&nbsp;GUI_SaveContext_W
<LI><a href="#[17c]">&gt;&gt;</a>&nbsp;&nbsp;&nbsp;LCD_SetColor
</UL>
<BR>[Address Reference Count : 1]<UL><LI> WIDGET_Effect_Simple.o(.rodata)
</UL>
<P><STRONG><a name="[13d]"></a>_DrawDown</STRONG> (Thumb, 60 bytes, Stack size unknown bytes, WIDGET_Effect_Simple.o(.text._DrawDown))
<BR><BR>[Stack]<UL><LI>Max Depth = 128 + Unknown Stack Size
<LI>Call Chain = _DrawDown &rArr; GUI_DrawRect &rArr; GUI_Unlock &rArr; GUI_X_Unlock &rArr; osMutexRelease &rArr; xQueueGenericSend &rArr; xTaskResumeAll &rArr; xTaskIncrementTick
</UL>
<BR>[Calls]<UL><LI><a href="#[165]">&gt;&gt;</a>&nbsp;&nbsp;&nbsp;GUI_DrawRect
<LI><a href="#[1cc]">&gt;&gt;</a>&nbsp;&nbsp;&nbsp;WM_GetClientRect
<LI><a href="#[217]">&gt;&gt;</a>&nbsp;&nbsp;&nbsp;GUI_RestoreContext
<LI><a href="#[21c]">&gt;&gt;</a>&nbsp;&nbsp;&nbsp;GUI_SaveContext_W
<LI><a href="#[17c]">&gt;&gt;</a>&nbsp;&nbsp;&nbsp;LCD_SetColor
</UL>
<BR>[Address Reference Count : 1]<UL><LI> WIDGET_Effect_Simple.o(.rodata)
</UL>
<P><STRONG><a name="[218]"></a>_CreateBuffer.isra.4</STRONG> (Thumb, 180 bytes, Stack size unknown bytes, GUI_SPRITE.o(.text._CreateBuffer.isra.4))
<BR><BR>[Stack]<UL><LI>Max Depth = 128 + Unknown Stack Size
<LI>Call Chain = _CreateBuffer.isra.4 &rArr; GUI_ALLOC_GetMaxSize &rArr; _EnlargeBlocks &rArr;  _Alloc (Cycle)
</UL>
<BR>[Calls]<UL><LI><a href="#[18f]">&gt;&gt;</a>&nbsp;&nbsp;&nbsp;GUI_ALLOC_GetMaxSize
<LI><a href="#[157]">&gt;&gt;</a>&nbsp;&nbsp;&nbsp;GUI_ALLOC_LockH
<LI><a href="#[188]">&gt;&gt;</a>&nbsp;&nbsp;&nbsp;GUI_ALLOC_AllocNoInit
<LI><a href="#[1ec]">&gt;&gt;</a>&nbsp;&nbsp;&nbsp;GUI_DEVICE__GetpDriver
</UL>
<BR>[Called By]<UL><LI><a href="#[19b]">&gt;&gt;</a>&nbsp;&nbsp;&nbsp;GUI_SPRITE_SetPosition
</UL>

<P><STRONG><a name="[21a]"></a>_SetBkIndexBuffered</STRONG> (Thumb, 198 bytes, Stack size unknown bytes, GUI_SPRITE.o(.text._SetBkIndexBuffered))
<BR><BR>[Calls]<UL><LI><a href="#[20f]">&gt;&gt;</a>&nbsp;&nbsp;&nbsp;GUI__CompactPixelIndices
</UL>
<BR>[Called By]<UL><LI><a href="#[19b]">&gt;&gt;</a>&nbsp;&nbsp;&nbsp;GUI_SPRITE_SetPosition
</UL>

<P><STRONG><a name="[21b]"></a>_ReleaseBuffer.isra.7</STRONG> (Thumb, 140 bytes, Stack size unknown bytes, GUI_SPRITE.o(.text._ReleaseBuffer.isra.7))
<BR><BR>[Stack]<UL><LI>Max Depth = 128 + Unknown Stack Size
<LI>Call Chain = _ReleaseBuffer.isra.7 &rArr; GUI_ALLOC_Free &rArr; GUI_Unlock &rArr; GUI_X_Unlock &rArr; osMutexRelease &rArr; xQueueGenericSend &rArr; xTaskResumeAll &rArr; xTaskIncrementTick
</UL>
<BR>[Calls]<UL><LI><a href="#[20f]">&gt;&gt;</a>&nbsp;&nbsp;&nbsp;GUI__CompactPixelIndices
<LI><a href="#[18b]">&gt;&gt;</a>&nbsp;&nbsp;&nbsp;GUI_ALLOC_Free
<LI><a href="#[158]">&gt;&gt;</a>&nbsp;&nbsp;&nbsp;GUI_ALLOC_UnlockH
</UL>
<BR>[Called By]<UL><LI><a href="#[19b]">&gt;&gt;</a>&nbsp;&nbsp;&nbsp;GUI_SPRITE_SetPosition
</UL>

<P><STRONG><a name="[216]"></a>LCD_ReadRectEx</STRONG> (Thumb, 500 bytes, Stack size unknown bytes, LCD_ReadRect.o(.text.LCD_ReadRectEx))
<BR><BR>[Calls]<UL><LI><a href="#[20c]">&gt;&gt;</a>&nbsp;&nbsp;&nbsp;GUI_GetBitsPerPixelEx
</UL>
<BR>[Called By]<UL><LI><a href="#[215]">&gt;&gt;</a>&nbsp;&nbsp;&nbsp;GUI_ReadRectEx
</UL>

<P><STRONG><a name="[3d6]"></a>_fp_digits</STRONG> (Thumb, 366 bytes, Stack size 64 bytes, printfa.o(i._fp_digits), UNUSED)
<BR><BR>[Calls]<UL><LI><a href="#[14d]">&gt;&gt;</a>&nbsp;&nbsp;&nbsp;__aeabi_dmul
<LI><a href="#[14e]">&gt;&gt;</a>&nbsp;&nbsp;&nbsp;__aeabi_ddiv
<LI><a href="#[3d7]">&gt;&gt;</a>&nbsp;&nbsp;&nbsp;__aeabi_cdrcmple
<LI><a href="#[142]">&gt;&gt;</a>&nbsp;&nbsp;&nbsp;__aeabi_uldivmod
<LI><a href="#[147]">&gt;&gt;</a>&nbsp;&nbsp;&nbsp;__aeabi_dadd
<LI><a href="#[152]">&gt;&gt;</a>&nbsp;&nbsp;&nbsp;__aeabi_d2ulz
</UL>
<BR>[Called By]<UL><LI><a href="#[3d1]">&gt;&gt;</a>&nbsp;&nbsp;&nbsp;_printf_core
</UL>

<P><STRONG><a name="[3d1]"></a>_printf_core</STRONG> (Thumb, 1744 bytes, Stack size 136 bytes, printfa.o(i._printf_core), UNUSED)
<BR><BR>[Calls]<UL><LI><a href="#[142]">&gt;&gt;</a>&nbsp;&nbsp;&nbsp;__aeabi_uldivmod
<LI><a href="#[3da]">&gt;&gt;</a>&nbsp;&nbsp;&nbsp;__aeabi_uidivmod
<LI><a href="#[3d8]">&gt;&gt;</a>&nbsp;&nbsp;&nbsp;_printf_pre_padding
<LI><a href="#[3d9]">&gt;&gt;</a>&nbsp;&nbsp;&nbsp;_printf_post_padding
<LI><a href="#[3d6]">&gt;&gt;</a>&nbsp;&nbsp;&nbsp;_fp_digits
</UL>
<BR>[Called By]<UL><LI><a href="#[3d3]">&gt;&gt;</a>&nbsp;&nbsp;&nbsp;__0sprintf
<LI><a href="#[3d2]">&gt;&gt;</a>&nbsp;&nbsp;&nbsp;__0snprintf
<LI><a href="#[3d0]">&gt;&gt;</a>&nbsp;&nbsp;&nbsp;__0printf
</UL>

<P><STRONG><a name="[3d9]"></a>_printf_post_padding</STRONG> (Thumb, 36 bytes, Stack size 24 bytes, printfa.o(i._printf_post_padding), UNUSED)
<BR><BR>[Called By]<UL><LI><a href="#[3d1]">&gt;&gt;</a>&nbsp;&nbsp;&nbsp;_printf_core
</UL>

<P><STRONG><a name="[3d8]"></a>_printf_pre_padding</STRONG> (Thumb, 46 bytes, Stack size 24 bytes, printfa.o(i._printf_pre_padding), UNUSED)
<BR><BR>[Called By]<UL><LI><a href="#[3d1]">&gt;&gt;</a>&nbsp;&nbsp;&nbsp;_printf_core
</UL>

<P><STRONG><a name="[bf]"></a>_snputc</STRONG> (Thumb, 22 bytes, Stack size 0 bytes, printfa.o(i._snputc))
<BR>[Address Reference Count : 1]<UL><LI> printfa.o(i.__0snprintf)
</UL>
<P><STRONG><a name="[c0]"></a>_sputc</STRONG> (Thumb, 10 bytes, Stack size 0 bytes, printfa.o(i._sputc))
<BR><BR>[Called By]<UL><LI><a href="#[3d3]">&gt;&gt;</a>&nbsp;&nbsp;&nbsp;__0sprintf
</UL>
<BR>[Address Reference Count : 1]<UL><LI> printfa.o(i.__0sprintf)
</UL><P>
<H3>
Undefined Global Symbols
</H3><HR></body></html>
