Component: ARM Compiler 5.06 update 4 (build 422) Tool: armlink [4d35d2]

==============================================================================

Section Cross References

    startup_stm32f407xx.o(RESET) refers to startup_stm32f407xx.o(STACK) for __initial_sp
    startup_stm32f407xx.o(RESET) refers to startup_stm32f407xx.o(.text) for Reset_Handler
    startup_stm32f407xx.o(RESET) refers to stm32f4xx_it.o(i.NMI_Handler) for NMI_Handler
    startup_stm32f407xx.o(RESET) refers to stm32f4xx_it.o(i.HardFault_Handler) for HardFault_Handler
    startup_stm32f407xx.o(RESET) refers to stm32f4xx_it.o(i.MemManage_Handler) for MemManage_Handler
    startup_stm32f407xx.o(RESET) refers to stm32f4xx_it.o(i.BusFault_Handler) for BusFault_Handler
    startup_stm32f407xx.o(RESET) refers to stm32f4xx_it.o(i.UsageFault_Handler) for UsageFault_Handler
    startup_stm32f407xx.o(RESET) refers to stm32f4xx_it.o(i.SVC_Handler) for SVC_Handler
    startup_stm32f407xx.o(RESET) refers to stm32f4xx_it.o(i.DebugMon_Handler) for DebugMon_Handler
    startup_stm32f407xx.o(RESET) refers to stm32f4xx_it.o(i.PendSV_Handler) for PendSV_Handler
    startup_stm32f407xx.o(RESET) refers to stm32f4xx_it.o(i.SysTick_Handler) for SysTick_Handler
    startup_stm32f407xx.o(RESET) refers to stm32f4xx_it.o(i.EXTI2_IRQHandler) for EXTI2_IRQHandler
    startup_stm32f407xx.o(RESET) refers to stm32f4xx_it.o(i.EXTI3_IRQHandler) for EXTI3_IRQHandler
    startup_stm32f407xx.o(RESET) refers to stm32f4xx_it.o(i.EXTI4_IRQHandler) for EXTI4_IRQHandler
    startup_stm32f407xx.o(RESET) refers to stm32f4xx_it.o(i.TIM4_IRQHandler) for TIM4_IRQHandler
    startup_stm32f407xx.o(RESET) refers to stm32f4xx_it.o(i.USART1_IRQHandler) for USART1_IRQHandler
    startup_stm32f407xx.o(RESET) refers to stm32f4xx_it.o(i.SDIO_IRQHandler) for SDIO_IRQHandler
    startup_stm32f407xx.o(RESET) refers to stm32f4xx_it.o(i.DMA2_Stream3_IRQHandler) for DMA2_Stream3_IRQHandler
    startup_stm32f407xx.o(RESET) refers to stm32f4xx_it.o(i.DMA2_Stream6_IRQHandler) for DMA2_Stream6_IRQHandler
    startup_stm32f407xx.o(.text) refers to system_stm32f4xx.o(i.SystemInit) for SystemInit
    startup_stm32f407xx.o(.text) refers to entry.o(.ARM.Collect$$$$00000000) for __main
    lcd.o(i.lcd_clear) refers to lcd.o(i.lcd_set_cursor) for lcd_set_cursor
    lcd.o(i.lcd_clear) refers to lcd.o(i.lcd_write_ram_prepare) for lcd_write_ram_prepare
    lcd.o(i.lcd_clear) refers to lcd.o(.bss) for .bss
    lcd.o(i.lcd_color_fill) refers to lcd.o(i.lcd_set_cursor) for lcd_set_cursor
    lcd.o(i.lcd_color_fill) refers to lcd.o(i.lcd_write_ram_prepare) for lcd_write_ram_prepare
    lcd.o(i.lcd_display_dir) refers to lcd.o(i.lcd_scan_dir) for lcd_scan_dir
    lcd.o(i.lcd_display_dir) refers to lcd.o(.bss) for .bss
    lcd.o(i.lcd_display_off) refers to lcd.o(i.lcd_wr_regno) for lcd_wr_regno
    lcd.o(i.lcd_display_off) refers to lcd.o(.bss) for .bss
    lcd.o(i.lcd_display_on) refers to lcd.o(i.lcd_wr_regno) for lcd_wr_regno
    lcd.o(i.lcd_display_on) refers to lcd.o(.bss) for .bss
    lcd.o(i.lcd_draw_circle) refers to lcd.o(i.lcd_draw_point) for lcd_draw_point
    lcd.o(i.lcd_draw_hline) refers to lcd.o(i.lcd_fill) for lcd_fill
    lcd.o(i.lcd_draw_hline) refers to lcd.o(.bss) for .bss
    lcd.o(i.lcd_draw_line) refers to lcd.o(i.lcd_draw_point) for lcd_draw_point
    lcd.o(i.lcd_draw_point) refers to lcd.o(i.lcd_set_cursor) for lcd_set_cursor
    lcd.o(i.lcd_draw_point) refers to lcd.o(i.lcd_write_ram_prepare) for lcd_write_ram_prepare
    lcd.o(i.lcd_draw_rectangle) refers to lcd.o(i.lcd_draw_line) for lcd_draw_line
    lcd.o(i.lcd_ex_ili9341_reginit) refers to lcd.o(i.lcd_wr_regno) for lcd_wr_regno
    lcd.o(i.lcd_ex_ili9341_reginit) refers to lcd.o(i.lcd_wr_data) for lcd_wr_data
    lcd.o(i.lcd_ex_ili9341_reginit) refers to delay.o(i.delay_ms) for delay_ms
    lcd.o(i.lcd_ex_ili9806_reginit) refers to lcd.o(i.lcd_wr_regno) for lcd_wr_regno
    lcd.o(i.lcd_ex_ili9806_reginit) refers to lcd.o(i.lcd_wr_data) for lcd_wr_data
    lcd.o(i.lcd_ex_ili9806_reginit) refers to delay.o(i.delay_ms) for delay_ms
    lcd.o(i.lcd_ex_nt35310_reginit) refers to lcd.o(i.lcd_wr_regno) for lcd_wr_regno
    lcd.o(i.lcd_ex_nt35310_reginit) refers to lcd.o(i.lcd_wr_data) for lcd_wr_data
    lcd.o(i.lcd_ex_nt35310_reginit) refers to delay.o(i.delay_ms) for delay_ms
    lcd.o(i.lcd_ex_nt35510_reginit) refers to lcd.o(i.lcd_write_reg) for lcd_write_reg
    lcd.o(i.lcd_ex_nt35510_reginit) refers to lcd.o(i.lcd_wr_regno) for lcd_wr_regno
    lcd.o(i.lcd_ex_nt35510_reginit) refers to delay.o(i.delay_ms) for delay_ms
    lcd.o(i.lcd_ex_ssd1963_reginit) refers to lcd.o(i.lcd_wr_regno) for lcd_wr_regno
    lcd.o(i.lcd_ex_ssd1963_reginit) refers to lcd.o(i.lcd_wr_data) for lcd_wr_data
    lcd.o(i.lcd_ex_ssd1963_reginit) refers to delay.o(i.delay_ms) for delay_ms
    lcd.o(i.lcd_ex_st7789_reginit) refers to lcd.o(i.lcd_wr_regno) for lcd_wr_regno
[...]
    FatFs                                    0x20000418   Data           8  ff.o(.data)
    .data                                    0x20000420   Section        8  exfuns.o(.data)
    .data                                    0x20000428   Section        4  stdout.o(.data)
    .bss                                     0x2000042c   Section       14  lcd.o(.bss)
    .bss                                     0x2000043a   Section     4096  norflash.o(.bss)
    .bss                                     0x20001440   Section    102400  mymalloc.o(.bss)
    mem1base                                 0x20001440   Data       102400  mymalloc.o(.bss)
    .bss                                     0x2001a440   Section     6400  mymalloc.o(.bss)
    mem1mapbase                              0x2001a440   Data        6400  mymalloc.o(.bss)
    .bss                                     0x2001bd40   Section      652  main.o(.bss)
    .bss                                     0x2001bfcc   Section       32  main.o(.bss)
    .bss                                     0x2001bfec   Section      160  fsmc.o(.bss)
    .bss                                     0x2001c08c   Section      324  sdio.o(.bss)
    .bss                                     0x2001c1d0   Section       88  spi.o(.bss)
    .bss                                     0x2001c228   Section       72  tim.o(.bss)
    .bss                                     0x2001c270   Section      268  usart.o(.bss)
    .bss                                     0x2001c380   Section      384  fattester.o(.bss)
    STACK                                    0x2001c500   Section     1024  startup_stm32f407xx.o(STACK)
    .ARM.__AT_0x68000000                     0x68000000   Section    986112  mymalloc.o(.ARM.__AT_0x68000000)
    mem3base                                 0x68000000   Data       986112  mymalloc.o(.ARM.__AT_0x68000000)
    .ARM.__AT_0x680F0C00                     0x680f0c00   Section    61632  mymalloc.o(.ARM.__AT_0x680F0C00)
    mem3mapbase                              0x680f0c00   Data       61632  mymalloc.o(.ARM.__AT_0x680F0C00)

    Global Symbols

    Symbol Name                              Value     Ov Type        Size  Object(Section)

    BuildAttributes$$THM_ISAv4$E$P$D$K$B$S$7EM$VFPi3$EXTD16$VFPS$VFMA$PE$A:L22UL41UL21$X:L11$S22US41US21$IEEE1$IW$USESV6$~STKCKD$USESV7$~SHL$OSPACE$ROPI$EBA8$MICROLIB$REQ8$PRES8$EABIv2 0x00000000   Number         0  anon$$obj.o ABSOLUTE
    __ARM_use_no_argv                        0x00000000   Number         0  main.o ABSOLUTE
    _printf_a                                0x00000000   Number         0  stubs.o ABSOLUTE
    _printf_c                                0x00000000   Number         0  stubs.o ABSOLUTE
    _printf_charcount                        0x00000000   Number         0  stubs.o ABSOLUTE
    _printf_d                                0x00000000   Number         0  stubs.o ABSOLUTE
    _printf_e                                0x00000000   Number         0  stubs.o ABSOLUTE
    _printf_f                                0x00000000   Number         0  stubs.o ABSOLUTE
    _printf_flags                            0x00000000   Number         0  stubs.o ABSOLUTE
    _printf_fp_dec                           0x00000000   Number         0  stubs.o ABSOLUTE
    _printf_fp_hex                           0x00000000   Number         0  stubs.o ABSOLUTE
    _printf_g                                0x00000000   Number         0  stubs.o ABSOLUTE
    _printf_i                                0x00000000   Number         0  stubs.o ABSOLUTE
    _printf_int_dec                          0x00000000   Number         0  stubs.o ABSOLUTE
    _printf_l                                0x00000000   Number         0  stubs.o ABSOLUTE
    _printf_lc                               0x00000000   Number         0  stubs.o ABSOLUTE
    _printf_ll                               0x00000000   Number         0  stubs.o ABSOLUTE
    _printf_lld                              0x00000000   Number         0  stubs.o ABSOLUTE
    _printf_lli                              0x00000000   Number         0  stubs.o ABSOLUTE
    _printf_llo                              0x00000000   Number         0  stubs.o ABSOLUTE
    _printf_llu                              0x00000000   Number         0  stubs.o ABSOLUTE
    _printf_llx                              0x00000000   Number         0  stubs.o ABSOLUTE
    _printf_longlong_dec                     0x00000000   Number         0  stubs.o ABSOLUTE
    _printf_longlong_hex                     0x00000000   Number         0  stubs.o ABSOLUTE
    _printf_longlong_oct                     0x00000000   Number         0  stubs.o ABSOLUTE
    _printf_ls                               0x00000000   Number         0  stubs.o ABSOLUTE
    _printf_mbtowc                           0x00000000   Number         0  stubs.o ABSOLUTE
    _printf_n                                0x00000000   Number         0  stubs.o ABSOLUTE
    _printf_o                                0x00000000   Number         0  stubs.o ABSOLUTE
    _printf_p                                0x00000000   Number         0  stubs.o ABSOLUTE
    _printf_percent                          0x00000000   Number         0  stubs.o ABSOLUTE
    _printf_pre_padding                      0x00000000   Number         0  stubs.o ABSOLUTE
    _printf_return_value                     0x00000000   Number         0  stubs.o ABSOLUTE
    _printf_s                                0x00000000   Number         0  stubs.o ABSOLUTE
    _printf_sizespec                         0x00000000   Number         0  stubs.o ABSOLUTE
    _printf_str                              0x00000000   Number         0  stubs.o ABSOLUTE
    _printf_truncate_signed                  0x00000000   Number         0  stubs.o ABSOLUTE
    _printf_truncate_unsigned                0x00000000   Number         0  stubs.o ABSOLUTE
    _printf_u                                0x00000000   Number         0  stubs.o ABSOLUTE
    _printf_wc                               0x00000000   Number         0  stubs.o ABSOLUTE
    _printf_wctomb                           0x00000000   Number         0  stubs.o ABSOLUTE
    _printf_widthprec                        0x00000000   Number         0  stubs.o ABSOLUTE
    _printf_x                                0x00000000   Number         0  stubs.o ABSOLUTE
    __cpp_initialize__aeabi_                  - Undefined Weak Reference
    __cxa_finalize                            - Undefined Weak Reference
    _clock_init                               - Undefined Weak Reference
    _microlib_exit                            - Undefined Weak Reference
    __Vectors_Size                           0x00000188   Number         0  startup_stm32f407xx.o ABSOLUTE
    __Vectors                                0x08000000   Data           4  startup_stm32f407xx.o(RESET)
    __Vectors_End                            0x08000188   Data           0  startup_stm32f407xx.o(RESET)
    __main                                   0x08000189   Thumb Code     0  entry.o(.ARM.Collect$$$$00000000)
    _main_stk                                0x08000189   Thumb Code     0  entry2.o(.ARM.Collect$$$$00000001)
    _main_scatterload                        0x0800018d   Thumb Code     0  entry5.o(.ARM.Collect$$$$00000004)
    __main_after_scatterload                 0x08000191   Thumb Code     0  entry5.o(.ARM.Collect$$$$00000004)
    _main_clock                              0x08000191   Thumb Code     0  entry7b.o(.ARM.Collect$$$$00000008)
    _main_cpp_init                           0x08000191   Thumb Code     0  entry8b.o(.ARM.Collect$$$$0000000A)
    _main_init                               0x08000191   Thumb Code     0  entry9a.o(.ARM.Collect$$$$0000000B)
    __rt_final_cpp                           0x08000199   Thumb Code     0  entry10a.o(.ARM.Collect$$$$0000000D)
    __rt_final_exit                          0x08000199   Thumb Code     0  entry11a.o(.ARM.Collect$$$$0000000F)
    Reset_Handler                            0x0800019d   Thumb Code     8  startup_stm32f407xx.o(.text)
    ADC_IRQHandler                           0x080001b7   Thumb Code     0  startup_stm32f407xx.o(.text)
    CAN1_RX0_IRQHandler                      0x080001b7   Thumb Code     0  startup_stm32f407xx.o(.text)
    CAN1_RX1_IRQHandler                      0x080001b7   Thumb Code     0  startup_stm32f407xx.o(.text)
    CAN1_SCE_IRQHandler                      0x080001b7   Thumb Code     0  startup_stm32f407xx.o(.text)
    CAN1_TX_IRQHandler                       0x080001b7   Thumb Code     0  startup_stm32f407xx.o(.text)
    CAN2_RX0_IRQHandler                      0x080001b7   Thumb Code     0  startup_stm32f407xx.o(.text)
    CAN2_RX1_IRQHandler                      0x080001b7   Thumb Code     0  startup_stm32f407xx.o(.text)
    CAN2_SCE_IRQHandler                      0x080001b7   Thumb Code     0  startup_stm32f407xx.o(.text)
    CAN2_TX_IRQHandler                       0x080001b7   Thumb Code     0  startup_stm32f407xx.o(.text)
    DCMI_IRQHandler                          0x080001b7   Thumb Code     0  startup_stm32f407xx.o(.text)
    DMA1_Stream0_IRQHandler                  0x080001b7   Thumb Code     0  startup_stm32f407xx.o(.text)
    DMA1_Stream1_IRQHandler                  0x080001b7   Thumb Code     0  startup_stm32f407xx.o(.text)
    DMA1_Stream2_IRQHandler                  0x080001b7   Thumb Code     0  startup_stm32f407xx.o(.text)
    DMA1_Stream3_IRQHandler                  0x080001b7   Thumb Code     0  startup_stm32f407xx.o(.text)
    DMA1_Stream4_IRQHandler                  0x080001b7   Thumb Code     0  startup_stm32f407xx.o(.text)
    DMA1_Stream5_IRQHandler                  0x080001b7   Thumb Code     0  startup_stm32f407xx.o(.text)
    DMA1_Stream6_IRQHandler                  0x080001b7   Thumb Code     0  startup_stm32f407xx.o(.text)
    DMA1_Stream7_IRQHandler                  0x080001b7   Thumb Code     0  startup_stm32f407xx.o(.text)
    DMA2_Stream0_IRQHandler                  0x080001b7   Thumb Code     0  startup_stm32f407xx.o(.text)
    DMA2_Stream1_IRQHandler                  0x080001b7   Thumb Code     0  startup_stm32f407xx.o(.text)
    DMA2_Stream2_IRQHandler                  0x080001b7   Thumb Code     0  startup_stm32f407xx.o(.text)
    DMA2_Stream4_IRQHandler                  0x080001b7   Thumb Code     0  startup_stm32f407xx.o(.text)
    DMA2_Stream5_IRQHandler                  0x080001b7   Thumb Code     0  startup_stm32f407xx.o(.text)
    DMA2_Stream7_IRQHandler                  0x080001b7   Thumb Code     0  startup_stm32f407xx.o(.text)
    ETH_IRQHandler                           0x080001b7   Thumb Code     0  startup_stm32f407xx.o(.text)
    ETH_WKUP_IRQHandler                      0x080001b7   Thumb Code     0  startup_stm32f407xx.o(.text)
    EXTI0_IRQHandler                         0x080001b7   Thumb Code     0  startup_stm32f407xx.o(.text)
    EXTI15_10_IRQHandler                     0x080001b7   Thumb Code     0  startup_stm32f407xx.o(.text)
    EXTI1_IRQHandler                         0x080001b7   Thumb Code     0  startup_stm32f407xx.o(.text)
    EXTI9_5_IRQHandler                       0x080001b7   Thumb Code     0  startup_stm32f407xx.o(.text)
    FLASH_IRQHandler                         0x080001b7   Thumb Code     0  startup_stm32f407xx.o(.text)
    FMC_IRQHandler                           0x080001b7   Thumb Code     0  startup_stm32f407xx.o(.text)
    FPU_IRQHandler                           0x080001b7   Thumb Code     0  startup_stm32f407xx.o(.text)
    HASH_RNG_IRQHandler                      0x080001b7   Thumb Code     0  startup_stm32f407xx.o(.text)
    I2C1_ER_IRQHandler                       0x080001b7   Thumb Code     0  startup_stm32f407xx.o(.text)
    I2C1_EV_IRQHandler                       0x080001b7   Thumb Code     0  startup_stm32f407xx.o(.text)
    I2C2_ER_IRQHandler                       0x080001b7   Thumb Code     0  startup_stm32f407xx.o(.text)
    I2C2_EV_IRQHandler                       0x080001b7   Thumb Code     0  startup_stm32f407xx.o(.text)
    I2C3_ER_IRQHandler                       0x080001b7   Thumb Code     0  startup_stm32f407xx.o(.text)
    I2C3_EV_IRQHandler                       0x080001b7   Thumb Code     0  startup_stm32f407xx.o(.text)
    OTG_FS_IRQHandler                        0x080001b7   Thumb Code     0  startup_stm32f407xx.o(.text)
    OTG_FS_WKUP_IRQHandler                   0x080001b7   Thumb Code     0  startup_stm32f407xx.o(.text)
    OTG_HS_EP1_IN_IRQHandler                 0x080001b7   Thumb Code     0  startup_stm32f407xx.o(.text)
    OTG_HS_EP1_OUT_IRQHandler                0x080001b7   Thumb Code     0  startup_stm32f407xx.o(.text)
    OTG_HS_IRQHandler                        0x080001b7   Thumb Code     0  startup_stm32f407xx.o(.text)
    OTG_HS_WKUP_IRQHandler                   0x080001b7   Thumb Code     0  startup_stm32f407xx.o(.text)
    PVD_IRQHandler                           0x080001b7   Thumb Code     0  startup_stm32f407xx.o(.text)
    RCC_IRQHandler                           0x080001b7   Thumb Code     0  startup_stm32f407xx.o(.text)
    RTC_Alarm_IRQHandler                     0x080001b7   Thumb Code     0  startup_stm32f407xx.o(.text)
    RTC_WKUP_IRQHandler                      0x080001b7   Thumb Code     0  startup_stm32f407xx.o(.text)
    SPI1_IRQHandler                          0x080001b7   Thumb Code     0  startup_stm32f407xx.o(.text)
    SPI2_IRQHandler                          0x080001b7   Thumb Code     0  startup_stm32f407xx.o(.text)
    SPI3_IRQHandler                          0x080001b7   Thumb Code     0  startup_stm32f407xx.o(.text)
    TAMP_STAMP_IRQHandler                    0x080001b7   Thumb Code     0  startup_stm32f407xx.o(.text)
    TIM1_BRK_TIM9_IRQHandler                 0x080001b7   Thumb Code     0  startup_stm32f407xx.o(.text)
    TIM1_CC_IRQHandler                       0x080001b7   Thumb Code     0  startup_stm32f407xx.o(.text)
    TIM1_TRG_COM_TIM11_IRQHandler            0x080001b7   Thumb Code     0  startup_stm32f407xx.o(.text)
    TIM1_UP_TIM10_IRQHandler                 0x080001b7   Thumb Code     0  startup_stm32f407xx.o(.text)
    TIM2_IRQHandler                          0x080001b7   Thumb Code     0  startup_stm32f407xx.o(.text)
    TIM3_IRQHandler                          0x080001b7   Thumb Code     0  startup_stm32f407xx.o(.text)
    TIM5_IRQHandler                          0x080001b7   Thumb Code     0  startup_stm32f407xx.o(.text)
    TIM6_DAC_IRQHandler                      0x080001b7   Thumb Code     0  startup_stm32f407xx.o(.text)
    TIM7_IRQHandler                          0x080001b7   Thumb Code     0  startup_stm32f407xx.o(.text)
    TIM8_BRK_TIM12_IRQHandler                0x080001b7   Thumb Code     0  startup_stm32f407xx.o(.text)
    TIM8_CC_IRQHandler                       0x080001b7   Thumb Code     0  startup_stm32f407xx.o(.text)
    TIM8_TRG_COM_TIM14_IRQHandler            0x080001b7   Thumb Code     0  startup_stm32f407xx.o(.text)
    TIM8_UP_TIM13_IRQHandler                 0x080001b7   Thumb Code     0  startup_stm32f407xx.o(.text)
    UART4_IRQHandler                         0x080001b7   Thumb Code     0  startup_stm32f407xx.o(.text)
    UART5_IRQHandler                         0x080001b7   Thumb Code     0  startup_stm32f407xx.o(.text)
    USART2_IRQHandler                        0x080001b7   Thumb Code     0  startup_stm32f407xx.o(.text)
    USART3_IRQHandler                        0x080001b7   Thumb Code     0  startup_stm32f407xx.o(.text)
    USART6_IRQHandler                        0x080001b7   Thumb Code     0  startup_stm32f407xx.o(.text)
    WWDG_IRQHandler                          0x080001b7   Thumb Code     0  startup_stm32f407xx.o(.text)
    __aeabi_uldivmod                         0x080001c1   Thumb Code    98  uldiv.o(.text)
    __aeabi_memcpy                           0x08000223   Thumb Code    36  memcpya.o(.text)
    __aeabi_memcpy4                          0x08000223   Thumb Code     0  memcpya.o(.text)
    __aeabi_memcpy8                          0x08000223   Thumb Code     0  memcpya.o(.text)
    __aeabi_memset                           0x08000247   Thumb Code    14  memseta.o(.text)
    __aeabi_memset4                          0x08000247   Thumb Code     0  memseta.o(.text)
    __aeabi_memset8                          0x08000247   Thumb Code     0  memseta.o(.text)
    __aeabi_memclr                           0x08000255   Thumb Code     4  memseta.o(.text)
    __aeabi_memclr4                          0x08000255   Thumb Code     0  memseta.o(.text)
    __aeabi_memclr8                          0x08000255   Thumb Code     0  memseta.o(.text)
    _memset$wrapper                          0x08000259   Thumb Code    18  memseta.o(.text)
    strchr                                   0x0800026b   Thumb Code    20  strchr.o(.text)
    memcmp                                   0x0800027f   Thumb Code    26  memcmp.o(.text)
    __aeabi_dmul                             0x08000299   Thumb Code   228  dmul.o(.text)
    __aeabi_ui2d                             0x0800037d   Thumb Code    26  dfltui.o(.text)
    __aeabi_d2uiz                            0x08000397   Thumb Code    50  dfixui.o(.text)
    __aeabi_llsl                             0x080003c9   Thumb Code    30  llshl.o(.text)
    _ll_shift_l                              0x080003c9   Thumb Code     0  llshl.o(.text)
    __aeabi_llsr                             0x080003e7   Thumb Code    32  llushr.o(.text)
    _ll_ushift_r                             0x080003e7   Thumb Code     0  llushr.o(.text)
    __I$use$fp                               0x08000407   Thumb Code     0  iusefp.o(.text)
    _double_round                            0x08000407   Thumb Code    30  depilogue.o(.text)
    _double_epilogue                         0x08000425   Thumb Code   156  depilogue.o(.text)
    __scatterload                            0x080004c1   Thumb Code    28  init.o(.text)
    __scatterload_rt2                        0x080004c1   Thumb Code     0  init.o(.text)
    __decompress                             0x080004e5   Thumb Code     0  __dczerorl2.o(.text)
    __decompress1                            0x080004e5   Thumb Code    86  __dczerorl2.o(.text)
    BusFault_Handler                         0x0800053b   Thumb Code     2  stm32f4xx_it.o(i.BusFault_Handler)
    DMA2_Stream3_IRQHandler                  0x0800053d   Thumb Code     6  stm32f4xx_it.o(i.DMA2_Stream3_IRQHandler)
    DMA2_Stream6_IRQHandler                  0x08000549   Thumb Code     6  stm32f4xx_it.o(i.DMA2_Stream6_IRQHandler)
    DebugMon_Handler                         0x080005f9   Thumb Code     2  stm32f4xx_it.o(i.DebugMon_Handler)
    EXTI2_IRQHandler                         0x080005fb   Thumb Code     6  stm32f4xx_it.o(i.EXTI2_IRQHandler)
    EXTI3_IRQHandler                         0x08000601   Thumb Code     6  stm32f4xx_it.o(i.EXTI3_IRQHandler)
    EXTI4_IRQHandler                         0x08000607   Thumb Code     6  stm32f4xx_it.o(i.EXTI4_IRQHandler)
    Error_Handler                            0x0800060d   Thumb Code     2  main.o(i.Error_Handler)
    FSMC_NORSRAM_Extended_Timing_Init        0x08000611   Thumb Code    60  stm32f4xx_ll_fsmc.o(i.FSMC_NORSRAM_Extended_Timing_Init)
    FSMC_NORSRAM_Init                        0x08000651   Thumb Code    80  stm32f4xx_ll_fsmc.o(i.FSMC_NORSRAM_Init)
    FSMC_NORSRAM_Timing_Init                 0x080006a5   Thumb Code    64  stm32f4xx_ll_fsmc.o(i.FSMC_NORSRAM_Timing_Init)
    HAL_DMA_Abort                            0x080006e9   Thumb Code   142  stm32f4xx_hal_dma.o(i.HAL_DMA_Abort)
    HAL_DMA_Abort_IT                         0x08000777   Thumb Code    36  stm32f4xx_hal_dma.o(i.HAL_DMA_Abort_IT)
    HAL_DMA_GetError                         0x0800079b   Thumb Code     4  stm32f4xx_hal_dma.o(i.HAL_DMA_GetError)
    HAL_DMA_IRQHandler                       0x080007a1   Thumb Code   412  stm32f4xx_hal_dma.o(i.HAL_DMA_IRQHandler)
    HAL_DMA_Init                             0x08000941   Thumb Code   206  stm32f4xx_hal_dma.o(i.HAL_DMA_Init)
    HAL_DMA_Start_IT                         0x08000a15   Thumb Code   110  stm32f4xx_hal_dma.o(i.HAL_DMA_Start_IT)
    HAL_Delay                                0x08000a83   Thumb Code     6  delay.o(i.HAL_Delay)
    HAL_GPIO_EXTI_Callback                   0x08000b6d   Thumb Code   586  main.o(i.HAL_GPIO_EXTI_Callback)
    HAL_GPIO_EXTI_IRQHandler                 0x08000fdd   Thumb Code    18  stm32f4xx_hal_gpio.o(i.HAL_GPIO_EXTI_IRQHandler)
    HAL_GPIO_Init                            0x08000ff5   Thumb Code   448  stm32f4xx_hal_gpio.o(i.HAL_GPIO_Init)
    HAL_GPIO_TogglePin                       0x080011e1   Thumb Code    16  stm32f4xx_hal_gpio.o(i.HAL_GPIO_TogglePin)
    HAL_GPIO_WritePin                        0x080011f1   Thumb Code    10  stm32f4xx_hal_gpio.o(i.HAL_GPIO_WritePin)
    HAL_GetTick                              0x080011fd   Thumb Code     6  stm32f4xx_hal.o(i.HAL_GetTick)
    HAL_IncTick                              0x08001209   Thumb Code    12  stm32f4xx_hal.o(i.HAL_IncTick)
    HAL_Init                                 0x08001219   Thumb Code    48  stm32f4xx_hal.o(i.HAL_Init)
    HAL_InitTick                             0x0800124d   Thumb Code    54  stm32f4xx_hal.o(i.HAL_InitTick)
    HAL_MspInit                              0x0800128d   Thumb Code    48  stm32f4xx_hal_msp.o(i.HAL_MspInit)
    HAL_NVIC_EnableIRQ                       0x080012c1   Thumb Code    26  stm32f4xx_hal_cortex.o(i.HAL_NVIC_EnableIRQ)
    HAL_NVIC_SetPriority                     0x080012dd   Thumb Code    60  stm32f4xx_hal_cortex.o(i.HAL_NVIC_SetPriority)
    HAL_NVIC_SetPriorityGrouping             0x0800131d   Thumb Code    26  stm32f4xx_hal_cortex.o(i.HAL_NVIC_SetPriorityGrouping)
    HAL_RCC_ClockConfig                      0x08001341   Thumb Code   288  stm32f4xx_hal_rcc.o(i.HAL_RCC_ClockConfig)
    HAL_RCC_GetPCLK1Freq                     0x08001475   Thumb Code    20  stm32f4xx_hal_rcc.o(i.HAL_RCC_GetPCLK1Freq)
    HAL_RCC_GetPCLK2Freq                     0x08001495   Thumb Code    20  stm32f4xx_hal_rcc.o(i.HAL_RCC_GetPCLK2Freq)
    HAL_RCC_GetSysClockFreq                  0x080014b5   Thumb Code    88  stm32f4xx_hal_rcc.o(i.HAL_RCC_GetSysClockFreq)
    HAL_RCC_OscConfig                        0x08001515   Thumb Code   856  stm32f4xx_hal_rcc.o(i.HAL_RCC_OscConfig)
    HAL_SD_AbortCallback                     0x08001881   Thumb Code     2  stm32f4xx_hal_sd.o(i.HAL_SD_AbortCallback)
    HAL_SD_ConfigWideBusOperation            0x08001885   Thumb Code   276  stm32f4xx_hal_sd.o(i.HAL_SD_ConfigWideBusOperation)
    HAL_SD_ErrorCallback                     0x0800199d   Thumb Code     2  stm32f4xx_hal_sd.o(i.HAL_SD_ErrorCallback)
    HAL_SD_GetCardCSD                        0x080019a1   Thumb Code   402  stm32f4xx_hal_sd.o(i.HAL_SD_GetCardCSD)
    HAL_SD_GetCardInfo                       0x08001b39   Thumb Code    36  stm32f4xx_hal_sd.o(i.HAL_SD_GetCardInfo)
    HAL_SD_GetCardState                      0x08001b5d   Thumb Code    44  stm32f4xx_hal_sd.o(i.HAL_SD_GetCardState)
    HAL_SD_IRQHandler                        0x08001b89   Thumb Code   512  stm32f4xx_hal_sd.o(i.HAL_SD_IRQHandler)
    HAL_SD_Init                              0x08001d91   Thumb Code    54  stm32f4xx_hal_sd.o(i.HAL_SD_Init)
    HAL_SD_InitCard                          0x08001dc9   Thumb Code   108  stm32f4xx_hal_sd.o(i.HAL_SD_InitCard)
    HAL_SD_MspInit                           0x08001e3d   Thumb Code   290  sdio.o(i.HAL_SD_MspInit)
    HAL_SD_ReadBlocks                        0x08001f79   Thumb Code   468  stm32f4xx_hal_sd.o(i.HAL_SD_ReadBlocks)
    HAL_SD_ReadBlocks_DMA                    0x08002151   Thumb Code   276  stm32f4xx_hal_sd.o(i.HAL_SD_ReadBlocks_DMA)
    HAL_SD_RxCpltCallback                    0x08002275   Thumb Code     8  dma.o(i.HAL_SD_RxCpltCallback)
    HAL_SD_TxCpltCallback                    0x08002281   Thumb Code     8  dma.o(i.HAL_SD_TxCpltCallback)
    HAL_SD_WriteBlocks                       0x0800228d   Thumb Code   422  stm32f4xx_hal_sd.o(i.HAL_SD_WriteBlocks)
    HAL_SD_WriteBlocks_DMA                   0x08002439   Thumb Code   270  stm32f4xx_hal_sd.o(i.HAL_SD_WriteBlocks_DMA)
    HAL_SPI_Init                             0x08002559   Thumb Code   188  stm32f4xx_hal_spi.o(i.HAL_SPI_Init)
    HAL_SPI_MspInit                          0x08002615   Thumb Code    92  spi.o(i.HAL_SPI_MspInit)
    HAL_SPI_TransmitReceive                  0x0800267d   Thumb Code   482  stm32f4xx_hal_spi.o(i.HAL_SPI_TransmitReceive)
    HAL_SRAM_Init                            0x0800285f   Thumb Code    86  stm32f4xx_hal_sram.o(i.HAL_SRAM_Init)
    HAL_SRAM_MspInit                         0x080028b5   Thumb Code     4  fsmc.o(i.HAL_SRAM_MspInit)
    HAL_SYSTICK_Config                       0x080028b9   Thumb Code    40  stm32f4xx_hal_cortex.o(i.HAL_SYSTICK_Config)
    HAL_TIMEx_BreakCallback                  0x080028e1   Thumb Code     2  stm32f4xx_hal_tim_ex.o(i.HAL_TIMEx_BreakCallback)
    HAL_TIMEx_CommutCallback                 0x080028e3   Thumb Code     2  stm32f4xx_hal_tim_ex.o(i.HAL_TIMEx_CommutCallback)
    HAL_TIMEx_MasterConfigSynchronization    0x080028e5   Thumb Code   116  stm32f4xx_hal_tim_ex.o(i.HAL_TIMEx_MasterConfigSynchronization)
    HAL_TIM_Base_Init                        0x08002975   Thumb Code    90  stm32f4xx_hal_tim.o(i.HAL_TIM_Base_Init)
    HAL_TIM_Base_MspInit                     0x080029d1   Thumb Code   104  tim.o(i.HAL_TIM_Base_MspInit)
    HAL_TIM_Base_Start_IT                    0x08002a45   Thumb Code   100  stm32f4xx_hal_tim.o(i.HAL_TIM_Base_Start_IT)
    HAL_TIM_ConfigClockSource                0x08002ac5   Thumb Code   214  stm32f4xx_hal_tim.o(i.HAL_TIM_ConfigClockSource)
    HAL_TIM_IC_CaptureCallback               0x08002b9b   Thumb Code     2  stm32f4xx_hal_tim.o(i.HAL_TIM_IC_CaptureCallback)
    HAL_TIM_IC_ConfigChannel                 0x08002b9d   Thumb Code   270  stm32f4xx_hal_tim.o(i.HAL_TIM_IC_ConfigChannel)
    HAL_TIM_IC_Init                          0x08002cab   Thumb Code    90  stm32f4xx_hal_tim.o(i.HAL_TIM_IC_Init)
    HAL_TIM_IC_MspInit                       0x08002d05   Thumb Code     2  stm32f4xx_hal_tim.o(i.HAL_TIM_IC_MspInit)
    HAL_TIM_IRQHandler                       0x08002d07   Thumb Code   358  stm32f4xx_hal_tim.o(i.HAL_TIM_IRQHandler)
    HAL_TIM_OC_DelayElapsedCallback          0x08002e6d   Thumb Code     2  stm32f4xx_hal_tim.o(i.HAL_TIM_OC_DelayElapsedCallback)
    HAL_TIM_PWM_PulseFinishedCallback        0x08002e6f   Thumb Code     2  stm32f4xx_hal_tim.o(i.HAL_TIM_PWM_PulseFinishedCallback)
    HAL_TIM_PeriodElapsedCallback            0x08002e71   Thumb Code     2  stm32f4xx_hal_tim.o(i.HAL_TIM_PeriodElapsedCallback)
    HAL_TIM_TriggerCallback                  0x08002e73   Thumb Code     2  stm32f4xx_hal_tim.o(i.HAL_TIM_TriggerCallback)
    HAL_UARTEx_RxEventCallback               0x08002e75   Thumb Code     2  stm32f4xx_hal_uart.o(i.HAL_UARTEx_RxEventCallback)
    HAL_UART_ErrorCallback                   0x08002e77   Thumb Code     2  stm32f4xx_hal_uart.o(i.HAL_UART_ErrorCallback)
    HAL_UART_IRQHandler                      0x08002e79   Thumb Code   522  stm32f4xx_hal_uart.o(i.HAL_UART_IRQHandler)
    HAL_UART_Init                            0x08003089   Thumb Code    98  stm32f4xx_hal_uart.o(i.HAL_UART_Init)
    HAL_UART_MspInit                         0x080030ed   Thumb Code   110  usart.o(i.HAL_UART_MspInit)
    HAL_UART_Receive_IT                      0x08003169   Thumb Code    42  stm32f4xx_hal_uart.o(i.HAL_UART_Receive_IT)
    HAL_UART_RxCpltCallback                  0x08003195   Thumb Code    90  usart.o(i.HAL_UART_RxCpltCallback)
    HAL_UART_TxCpltCallback                  0x080031fd   Thumb Code    52  usart.o(i.HAL_UART_TxCpltCallback)
    HardFault_Handler                        0x08003249   Thumb Code     2  stm32f4xx_it.o(i.HardFault_Handler)
    MX_DMA_Init                              0x0800324d   Thumb Code    56  dma.o(i.MX_DMA_Init)
    MX_FSMC_Init                             0x08003289   Thumb Code   210  fsmc.o(i.MX_FSMC_Init)
    MX_GPIO_Init                             0x08003365   Thumb Code   294  gpio.o(i.MX_GPIO_Init)
    MX_SDIO_SD_Init                          0x080034a1   Thumb Code    56  sdio.o(i.MX_SDIO_SD_Init)
    MX_SPI1_Init                             0x080034e1   Thumb Code    64  spi.o(i.MX_SPI1_Init)
    MX_TIM4_Init                             0x08003529   Thumb Code   138  tim.o(i.MX_TIM4_Init)
    MX_USART1_UART_Init                      0x080035bd   Thumb Code    48  usart.o(i.MX_USART1_UART_Init)
    MemManage_Handler                        0x080035f5   Thumb Code     2  stm32f4xx_it.o(i.MemManage_Handler)
    NMI_Handler                              0x080035f7   Thumb Code     2  stm32f4xx_it.o(i.NMI_Handler)
    PendSV_Handler                           0x080035f9   Thumb Code     2  stm32f4xx_it.o(i.PendSV_Handler)
    SDIO_ConfigData                          0x080035fb   Thumb Code    36  stm32f4xx_ll_sdmmc.o(i.SDIO_ConfigData)
    SDIO_GetPowerState                       0x0800361f   Thumb Code     8  stm32f4xx_ll_sdmmc.o(i.SDIO_GetPowerState)
    SDIO_GetResponse                         0x08003627   Thumb Code     6  stm32f4xx_ll_sdmmc.o(i.SDIO_GetResponse)
    SDIO_IRQHandler                          0x0800362d   Thumb Code     6  stm32f4xx_it.o(i.SDIO_IRQHandler)
    SDIO_Init                                0x08003639   Thumb Code    36  stm32f4xx_ll_sdmmc.o(i.SDIO_Init)
    SDIO_PowerState_ON                       0x0800365d   Thumb Code    16  stm32f4xx_ll_sdmmc.o(i.SDIO_PowerState_ON)
    SDIO_ReadFIFO                            0x0800366d   Thumb Code     6  stm32f4xx_ll_sdmmc.o(i.SDIO_ReadFIFO)
    SDIO_SendCommand                         0x08003673   Thumb Code    32  stm32f4xx_ll_sdmmc.o(i.SDIO_SendCommand)
    SDIO_WriteFIFO                           0x08003693   Thumb Code    10  stm32f4xx_ll_sdmmc.o(i.SDIO_WriteFIFO)
    SDMMC_CmdAppCommand                      0x0800369d   Thumb Code    50  stm32f4xx_ll_sdmmc.o(i.SDMMC_CmdAppCommand)
    SDMMC_CmdAppOperCommand                  0x080036d1   Thumb Code    48  stm32f4xx_ll_sdmmc.o(i.SDMMC_CmdAppOperCommand)
    SDMMC_CmdBlockLength                     0x08003705   Thumb Code    50  stm32f4xx_ll_sdmmc.o(i.SDMMC_CmdBlockLength)
    SDMMC_CmdBusWidth                        0x08003737   Thumb Code    50  stm32f4xx_ll_sdmmc.o(i.SDMMC_CmdBusWidth)
    SDMMC_CmdGoIdleState                     0x08003769   Thumb Code    74  stm32f4xx_ll_sdmmc.o(i.SDMMC_CmdGoIdleState)
    SDMMC_CmdOperCond                        0x080037b9   Thumb Code   112  stm32f4xx_ll_sdmmc.o(i.SDMMC_CmdOperCond)
    SDMMC_CmdReadMultiBlock                  0x0800382d   Thumb Code    50  stm32f4xx_ll_sdmmc.o(i.SDMMC_CmdReadMultiBlock)
    SDMMC_CmdReadSingleBlock                 0x0800385f   Thumb Code    50  stm32f4xx_ll_sdmmc.o(i.SDMMC_CmdReadSingleBlock)
    SDMMC_CmdSelDesel                        0x08003891   Thumb Code    50  stm32f4xx_ll_sdmmc.o(i.SDMMC_CmdSelDesel)
    SDMMC_CmdSendCID                         0x080038c3   Thumb Code    44  stm32f4xx_ll_sdmmc.o(i.SDMMC_CmdSendCID)
    SDMMC_CmdSendCSD                         0x080038ef   Thumb Code    44  stm32f4xx_ll_sdmmc.o(i.SDMMC_CmdSendCSD)
    SDMMC_CmdSendSCR                         0x0800391b   Thumb Code    48  stm32f4xx_ll_sdmmc.o(i.SDMMC_CmdSendSCR)
    SDMMC_CmdSendStatus                      0x0800394b   Thumb Code    50  stm32f4xx_ll_sdmmc.o(i.SDMMC_CmdSendStatus)
    SDMMC_CmdSetRelAdd                       0x0800397d   Thumb Code    48  stm32f4xx_ll_sdmmc.o(i.SDMMC_CmdSetRelAdd)
    SDMMC_CmdStopTransfer                    0x080039ad   Thumb Code    46  stm32f4xx_ll_sdmmc.o(i.SDMMC_CmdStopTransfer)
    SDMMC_CmdWriteMultiBlock                 0x080039e1   Thumb Code    50  stm32f4xx_ll_sdmmc.o(i.SDMMC_CmdWriteMultiBlock)
    SDMMC_CmdWriteSingleBlock                0x08003a13   Thumb Code    50  stm32f4xx_ll_sdmmc.o(i.SDMMC_CmdWriteSingleBlock)
    SVC_Handler                              0x08004149   Thumb Code     2  stm32f4xx_it.o(i.SVC_Handler)
    SysTick_Handler                          0x0800414b   Thumb Code     4  stm32f4xx_it.o(i.SysTick_Handler)
    SystemClock_Config                       0x08004151   Thumb Code   126  main.o(i.SystemClock_Config)
    SystemInit                               0x080041d9   Thumb Code    12  system_stm32f4xx.o(i.SystemInit)
    TIM4_IRQHandler                          0x080041e9   Thumb Code    52  stm32f4xx_it.o(i.TIM4_IRQHandler)
    TIM_Base_SetConfig                       0x08004225   Thumb Code   156  stm32f4xx_hal_tim.o(i.TIM_Base_SetConfig)
    TIM_ETR_SetConfig                        0x080042ed   Thumb Code    20  stm32f4xx_hal_tim.o(i.TIM_ETR_SetConfig)
    TIM_TI1_SetConfig                        0x08004335   Thumb Code   100  stm32f4xx_hal_tim.o(i.TIM_TI1_SetConfig)
    UART_Start_Receive_IT                    0x08004609   Thumb Code    54  stm32f4xx_hal_uart.o(i.UART_Start_Receive_IT)
    USART1_IRQHandler                        0x08004641   Thumb Code     6  stm32f4xx_it.o(i.USART1_IRQHandler)
    UsageFault_Handler                       0x0800464d   Thumb Code     2  stm32f4xx_it.o(i.UsageFault_Handler)
    __0printf$8                              0x08004651   Thumb Code    22  printf8.o(i.__0printf$8)
    __1printf$8                              0x08004651   Thumb Code     0  printf8.o(i.__0printf$8)
    __2printf                                0x08004651   Thumb Code     0  printf8.o(i.__0printf$8)
    __0sprintf$8                             0x08004671   Thumb Code    34  printf8.o(i.__0sprintf$8)
    __1sprintf$8                             0x08004671   Thumb Code     0  printf8.o(i.__0sprintf$8)
    __2sprintf                               0x08004671   Thumb Code     0  printf8.o(i.__0sprintf$8)
    __scatterload_copy                       0x080046b9   Thumb Code    14  handlers.o(i.__scatterload_copy)
    __scatterload_null                       0x080046c7   Thumb Code     2  handlers.o(i.__scatterload_null)
    __scatterload_zeroinit                   0x080046c9   Thumb Code    14  handlers.o(i.__scatterload_zeroinit)
    delay_init                               0x08004f81   Thumb Code     6  delay.o(i.delay_init)
    delay_ms                                 0x08004f8d   Thumb Code    10  delay.o(i.delay_ms)
    delay_us                                 0x08004f99   Thumb Code    48  delay.o(i.delay_us)
    disk_initialize                          0x0800530d   Thumb Code    26  diskio.o(i.disk_initialize)
    disk_ioctl                               0x08005329   Thumb Code    86  diskio.o(i.disk_ioctl)
    disk_read                                0x08005385   Thumb Code    82  diskio.o(i.disk_read)
    disk_status                              0x080053d7   Thumb Code     4  diskio.o(i.disk_status)
    disk_write                               0x080053db   Thumb Code    82  diskio.o(i.disk_write)
    exfuns_get_free                          0x0800542d   Thumb Code    46  exfuns.o(i.exfuns_get_free)
    exfuns_init                              0x0800545d   Thumb Code    48  exfuns.o(i.exfuns_init)
    f_getfree                                0x08005491   Thumb Code   278  ff.o(i.f_getfree)
    f_mkfs                                   0x080055a9   Thumb Code  2844  ff.o(i.f_mkfs)
    f_mount                                  0x080060f9   Thumb Code    72  ff.o(i.f_mount)
    f_setlabel                               0x08006145   Thumb Code   384  ff.o(i.f_setlabel)
    ff_memalloc                              0x080062c9   Thumb Code     8  ffsystem.o(i.ff_memalloc)
    ff_memfree                               0x080062d1   Thumb Code     8  ffsystem.o(i.ff_memfree)
    ff_oem2uni                               0x080062d9   Thumb Code    70  ffunicode.o(i.ff_oem2uni)
    ff_uni2oem                               0x08006325   Thumb Code    76  ffunicode.o(i.ff_uni2oem)
    ff_wtoupper                              0x08006375   Thumb Code   128  ffunicode.o(i.ff_wtoupper)
    fputc                                    0x080064c1   Thumb Code    12  usart.o(i.fputc)
    get_sd_card_state                        0x0800663d   Thumb Code    20  sdio_sdcard.o(i.get_sd_card_state)
    lcd_clear                                0x08006655   Thumb Code    44  lcd.o(i.lcd_clear)
    lcd_display_dir                          0x08006685   Thumb Code   230  lcd.o(i.lcd_display_dir)
    lcd_draw_circle                          0x08006771   Thumb Code   196  lcd.o(i.lcd_draw_circle)
    lcd_draw_line                            0x08006835   Thumb Code   156  lcd.o(i.lcd_draw_line)
    lcd_draw_point                           0x080068d1   Thumb Code    22  lcd.o(i.lcd_draw_point)
    lcd_draw_rectangle                       0x080068e7   Thumb Code    68  lcd.o(i.lcd_draw_rectangle)
    lcd_ex_ili9341_reginit                   0x0800692b   Thumb Code   558  lcd.o(i.lcd_ex_ili9341_reginit)
    lcd_ex_ili9806_reginit                   0x08006b59   Thumb Code   834  lcd.o(i.lcd_ex_ili9806_reginit)
    lcd_ex_nt35310_reginit                   0x08006e9b   Thumb Code  3828  lcd.o(i.lcd_ex_nt35310_reginit)
    lcd_ex_nt35510_reginit                   0x08007d8f   Thumb Code  3834  lcd.o(i.lcd_ex_nt35510_reginit)
    lcd_ex_ssd1963_reginit                   0x08008c89   Thumb Code   368  lcd.o(i.lcd_ex_ssd1963_reginit)
    lcd_ex_st7789_reginit                    0x08008df9   Thumb Code   426  lcd.o(i.lcd_ex_st7789_reginit)
    lcd_ex_st7796_reginit                    0x08008fa3   Thumb Code   456  lcd.o(i.lcd_ex_st7796_reginit)
    lcd_fill                                 0x0800916d   Thumb Code    72  lcd.o(i.lcd_fill)
    lcd_get_backlight_by_pwm                 0x080091b5   Thumb Code    20  lcd.o(i.lcd_get_backlight_by_pwm)
    lcd_init                                 0x080091c9   Thumb Code   668  lcd.o(i.lcd_init)
    lcd_read_point                           0x080094a5   Thumb Code   110  lcd.o(i.lcd_read_point)
    lcd_scan_dir                             0x08009519   Thumb Code   384  lcd.o(i.lcd_scan_dir)
    lcd_set_backlight_by_pwm                 0x0800969d   Thumb Code    58  lcd.o(i.lcd_set_backlight_by_pwm)
    lcd_set_cursor                           0x080096d9   Thumb Code   238  lcd.o(i.lcd_set_cursor)
    lcd_show_char                            0x080097cd   Thumb Code   196  lcd.o(i.lcd_show_char)
    lcd_show_num                             0x080098a9   Thumb Code   114  lcd.o(i.lcd_show_num)
    lcd_show_string                          0x0800991b   Thumb Code    86  lcd.o(i.lcd_show_string)
    lcd_show_xnum                            0x08009971   Thumb Code   138  lcd.o(i.lcd_show_xnum)
    lcd_ssd_backlight_set                    0x080099fd   Thumb Code    72  lcd.o(i.lcd_ssd_backlight_set)
    lcd_wr_data                              0x08009a4d   Thumb Code    24  lcd.o(i.lcd_wr_data)
    lcd_wr_regno                             0x08009a65   Thumb Code    24  lcd.o(i.lcd_wr_regno)
    lcd_write_ram_prepare                    0x08009a7d   Thumb Code    14  lcd.o(i.lcd_write_ram_prepare)
    lcd_write_reg                            0x08009a91   Thumb Code    12  lcd.o(i.lcd_write_reg)
    led_set                                  0x08009b15   Thumb Code    20  main.o(i.led_set)
    main                                     0x08009bfd   Thumb Code   986  main.o(i.main)
    mf_free                                  0x0800a285   Thumb Code    26  fattester.o(i.mf_free)
    mf_init                                  0x0800a2a5   Thumb Code    48  fattester.o(i.mf_init)
    my_mem_init                              0x0800a6ad   Thumb Code    36  mymalloc.o(i.my_mem_init)
    my_mem_perused                           0x0800a769   Thumb Code    50  mymalloc.o(i.my_mem_perused)
    my_mem_set                               0x0800a7a5   Thumb Code    14  mymalloc.o(i.my_mem_set)
    myfree                                   0x0800a7b5   Thumb Code    82  mymalloc.o(i.myfree)
    mymalloc                                 0x0800a811   Thumb Code    28  mymalloc.o(i.mymalloc)
    norflash_erase_sector                    0x0800a831   Thumb Code    58  norflash.o(i.norflash_erase_sector)
    norflash_init                            0x0800a871   Thumb Code    96  norflash.o(i.norflash_init)
    norflash_read                            0x0800a8d9   Thumb Code    74  norflash.o(i.norflash_read)
    norflash_read_id                         0x0800a929   Thumb Code    72  norflash.o(i.norflash_read_id)
    norflash_read_sr                         0x0800a975   Thumb Code    68  norflash.o(i.norflash_read_sr)
    norflash_write                           0x0800aa01   Thumb Code   152  norflash.o(i.norflash_write)
    norflash_write_enable                    0x0800aa9d   Thumb Code    38  norflash.o(i.norflash_write_enable)
    norflash_write_sr                        0x0800ab49   Thumb Code    70  norflash.o(i.norflash_write_sr)
    read_addr                                0x0800acff   Thumb Code     4  usmart.o(i.read_addr)
    sd_init                                  0x0800ad05   Thumb Code    58  sdio_sdcard.o(i.sd_init)
    sd_read_disk                             0x0800ad85   Thumb Code    44  sdio_sdcard.o(i.sd_read_disk)
    sd_write_disk                            0x0800adb9   Thumb Code    44  sdio_sdcard.o(i.sd_write_disk)
    spi1_read_write_byte                     0x0800aded   Thumb Code    28  spi.o(i.spi1_read_write_byte)
    spi1_set_speed                           0x0800ae0d   Thumb Code    48  spi.o(i.spi1_set_speed)
    sram_init                                0x0800ae41   Thumb Code   326  sram.o(i.sram_init)
    usmart_cmd_rec                           0x0800b139   Thumb Code   144  usmart.o(i.usmart_cmd_rec)
    usmart_exe                               0x0800b1cd   Thumb Code   514  usmart.o(i.usmart_exe)
    usmart_get_aparm                         0x0800b431   Thumb Code   166  usmart_str.o(i.usmart_get_aparm)
    usmart_get_cmdname                       0x0800b4d7   Thumb Code    46  usmart_str.o(i.usmart_get_cmdname)
    usmart_get_fname                         0x0800b505   Thumb Code   358  usmart_str.o(i.usmart_get_fname)
    usmart_get_fparam                        0x0800b675   Thumb Code   208  usmart_str.o(i.usmart_get_fparam)
    usmart_get_input_string                  0x0800b749   Thumb Code    24  usmart_port.o(i.usmart_get_input_string)
    usmart_get_parmpos                       0x0800b769   Thumb Code    30  usmart_str.o(i.usmart_get_parmpos)
    usmart_init                              0x0800b78d   Thumb Code    36  usmart.o(i.usmart_init)
    usmart_pow                               0x0800b7b5   Thumb Code    16  usmart_str.o(i.usmart_pow)
    usmart_scan                              0x0800b7c5   Thumb Code    82  usmart.o(i.usmart_scan)
    usmart_search_nextc                      0x0800b855   Thumb Code    16  usmart_str.o(i.usmart_search_nextc)
    usmart_str2num                           0x0800b865   Thumb Code   214  usmart_str.o(i.usmart_str2num)
    usmart_strcmp                            0x0800b93b   Thumb Code    24  usmart_str.o(i.usmart_strcmp)
    usmart_strcopy                           0x0800b953   Thumb Code    18  usmart_str.o(i.usmart_strcopy)
    usmart_strlen                            0x0800b965   Thumb Code    18  usmart_str.o(i.usmart_strlen)
    usmart_sys_cmd_exe                       0x0800b979   Thumb Code  1458  usmart.o(i.usmart_sys_cmd_exe)
    usmart_timx_get_time                     0x0800bff9   Thumb Code    38  usmart_port.o(i.usmart_timx_get_time)
    usmart_timx_init                         0x0800c029   Thumb Code    68  usmart_port.o(i.usmart_timx_init)
    usmart_timx_reset_time                   0x0800c079   Thumb Code    32  usmart_port.o(i.usmart_timx_reset_time)
    write_addr                               0x0800c0a1   Thumb Code     4  usmart.o(i.write_addr)
    asc2_1206                                0x0800c0e8   Data        1140  lcd.o(.constdata)
    asc2_1608                                0x0800c55c   Data        1520  lcd.o(.constdata)
    asc2_2412                                0x0800cb4c   Data        3420  lcd.o(.constdata)
    asc2_3216                                0x0800d8a8   Data        6080  lcd.o(.constdata)
    memtblsize                               0x0800f068   Data          12  mymalloc.o(.constdata)
    memblksize                               0x0800f074   Data          12  mymalloc.o(.constdata)
    memsize                                  0x0800f080   Data          12  mymalloc.o(.constdata)
    g_text_buf                               0x0800f08c   Data          16  main.o(.constdata)
    AHBPrescTable                            0x0800f0a4   Data          16  system_stm32f4xx.o(.constdata)
    APBPrescTable                            0x0800f0b4   Data           8  system_stm32f4xx.o(.constdata)
    Region$$Table$$Base                      0x0803a0e4   Number         0  anon$$obj.o(Region$$Table)
    Region$$Table$$Limit                     0x0803a104   Number         0  anon$$obj.o(Region$$Table)
    g_point_color                            0x20000000   Data           4  lcd.o(.data)
    g_back_color                             0x20000004   Data           4  lcd.o(.data)
    g_norflash_type                          0x20000008   Data           2  norflash.o(.data)
    mallco_dev                               0x20000010   Data          36  mymalloc.o(.data)
    sramx                                    0x20000034   Data           1  main.o(.data)
    block_size                               0x20000035   Data           1  main.o(.data)
    color_index                              0x20000036   Data           1  main.o(.data)
    res                                      0x20000037   Data           1  main.o(.data)
    i                                        0x20000038   Data           1  main.o(.data)
    DMA_SEND_OK                              0x20000039   Data           1  main.o(.data)
    DMA_RCV_OK                               0x2000003a   Data           1  main.o(.data)
    cur_brightness                           0x2000003b   Data           1  main.o(.data)
    memused                                  0x2000003c   Data           2  main.o(.data)
    flashsize                                0x20000040   Data           4  main.o(.data)
    p                                        0x20000044   Data           4  main.o(.data)
    total_space                              0x20000048   Data           4  main.o(.data)
    free_space                               0x2000004c   Data           4  main.o(.data)
    w_buffer                                 0x20000050   Data         512  main.o(.data)
    colors                                   0x20000250   Data          24  main.o(.data)
    g_rx_buffer                              0x20000270   Data           1  usart.o(.data)
    g_usart_rx_sta                           0x20000272   Data           2  usart.o(.data)
    uwTickFreq                               0x20000274   Data           1  stm32f4xx_hal.o(.data)
    uwTickPrio                               0x20000278   Data           4  stm32f4xx_hal.o(.data)
    uwTick                                   0x2000027c   Data           4  stm32f4xx_hal.o(.data)
    SystemCoreClock                          0x20000280   Data           4  system_stm32f4xx.o(.data)
    sys_cmd_tab                              0x20000284   Data          28  usmart.o(.data)
    usmart_nametab                           0x200002a0   Data         128  usmart_config.o(.data)
    usmart_dev                               0x20000320   Data         244  usmart_config.o(.data)
    fs                                       0x20000420   Data           8  exfuns.o(.data)
    __stdout                                 0x20000428   Data           4  stdout.o(.data)
    lcddev                                   0x2000042c   Data          14  lcd.o(.bss)
    g_norflash_buf                           0x2000043a   Data        4096  norflash.o(.bss)
    datatemp                                 0x2001bd40   Data          16  main.o(.bss)
    r_buffer                                 0x2001bd50   Data         512  main.o(.bss)
    paddr                                    0x2001bf50   Data          20  main.o(.bss)
    lcd_id                                   0x2001bf64   Data          12  main.o(.bss)
    str                                      0x2001bf70   Data          92  main.o(.bss)
    g_sd_card_info_handle                    0x2001bfcc   Data          32  main.o(.bss)
    hsram1                                   0x2001bfec   Data          80  fsmc.o(.bss)
    hsram2                                   0x2001c03c   Data          80  fsmc.o(.bss)
    hsd                                      0x2001c08c   Data         132  sdio.o(.bss)
    hdma_sdio_rx                             0x2001c110   Data          96  sdio.o(.bss)
    hdma_sdio_tx                             0x2001c170   Data          96  sdio.o(.bss)
    hspi1                                    0x2001c1d0   Data          88  spi.o(.bss)
    htim4                                    0x2001c228   Data          72  tim.o(.bss)
    huart1                                   0x2001c270   Data          68  usart.o(.bss)
    g_usart_rx_buf                           0x2001c2b4   Data         200  usart.o(.bss)
    fattester                                0x2001c380   Data         384  fattester.o(.bss)
    __initial_sp                             0x2001c900   Data           0  startup_stm32f407xx.o(STACK)



==============================================================================

Memory Map of the image

  Image Entry point : 0x08000189

  Load Region LR_IROM1 (Base: 0x08000000, Size: 0x0003a530, Max: 0x00100000, ABSOLUTE, COMPRESSED[0x0003a200])

    Execution Region ER_IROM1 (Base: 0x08000000, Size: 0x0003a104, Max: 0x00100000, ABSOLUTE)

    Base Addr    Size         Type   Attr      Idx    E Section Name        Object

    0x08000000   0x00000188   Data   RO            3    RESET               startup_stm32f407xx.o
    0x08000188   0x00000000   Code   RO         6154  * .ARM.Collect$$$$00000000  mc_w.l(entry.o)
    0x08000188   0x00000004   Code   RO         6444    .ARM.Collect$$$$00000001  mc_w.l(entry2.o)
    0x0800018c   0x00000004   Code   RO         6447    .ARM.Collect$$$$00000004  mc_w.l(entry5.o)
    0x08000190   0x00000000   Code   RO         6449    .ARM.Collect$$$$00000008  mc_w.l(entry7b.o)
    0x08000190   0x00000000   Code   RO         6451    .ARM.Collect$$$$0000000A  mc_w.l(entry8b.o)
    0x08000190   0x00000008   Code   RO         6452    .ARM.Collect$$$$0000000B  mc_w.l(entry9a.o)
    0x08000198   0x00000000   Code   RO         6454    .ARM.Collect$$$$0000000D  mc_w.l(entry10a.o)
    0x08000198   0x00000000   Code   RO         6456    .ARM.Collect$$$$0000000F  mc_w.l(entry11a.o)
    0x08000198   0x00000004   Code   RO         6445    .ARM.Collect$$$$00002712  mc_w.l(entry2.o)
    0x0800019c   0x00000024   Code   RO            4    .text               startup_stm32f407xx.o
    0x080001c0   0x00000062   Code   RO         6157    .text               mc_w.l(uldiv.o)
    0x08000222   0x00000024   Code   RO         6159    .text               mc_w.l(memcpya.o)
    0x08000246   0x00000024   Code   RO         6161    .text               mc_w.l(memseta.o)
    0x0800026a   0x00000014   Code   RO         6165    .text               mc_w.l(strchr.o)
    0x0800027e   0x0000001a   Code   RO         6171    .text               mc_w.l(memcmp.o)
    0x08000298   0x000000e4   Code   RO         6438    .text               mf_w.l(dmul.o)
    0x0800037c   0x0000001a   Code   RO         6440    .text               mf_w.l(dfltui.o)
    0x08000396   0x00000032   Code   RO         6442    .text               mf_w.l(dfixui.o)
    0x080003c8   0x0000001e   Code   RO         6461    .text               mc_w.l(llshl.o)
    0x080003e6   0x00000020   Code   RO         6463    .text               mc_w.l(llushr.o)
    0x08000406   0x00000000   Code   RO         6465    .text               mc_w.l(iusefp.o)
    0x08000406   0x000000ba   Code   RO         6466    .text               mf_w.l(depilogue.o)
    0x080004c0   0x00000024   Code   RO         6476    .text               mc_w.l(init.o)
    0x080004e4   0x00000056   Code   RO         6488    .text               mc_w.l(__dczerorl2.o)
    0x0800053a   0x00000002   Code   RO         1290    i.BusFault_Handler  stm32f4xx_it.o
    0x0800053c   0x0000000c   Code   RO         1291    i.DMA2_Stream3_IRQHandler  stm32f4xx_it.o
    0x08000548   0x0000000c   Code   RO         1292    i.DMA2_Stream6_IRQHandler  stm32f4xx_it.o
    0x08000554   0x00000028   Code   RO         4297    i.DMA_CalcBaseAndBitshift  stm32f4xx_hal_dma.o
    0x0800057c   0x00000054   Code   RO         4298    i.DMA_CheckFifoParam  stm32f4xx_hal_dma.o
    0x080005d0   0x00000028   Code   RO         4299    i.DMA_SetConfig     stm32f4xx_hal_dma.o
    0x080005f8   0x00000002   Code   RO         1293    i.DebugMon_Handler  stm32f4xx_it.o
    0x080005fa   0x00000006   Code   RO         1294    i.EXTI2_IRQHandler  stm32f4xx_it.o
    0x08000600   0x00000006   Code   RO         1295    i.EXTI3_IRQHandler  stm32f4xx_it.o
    0x08000606   0x00000006   Code   RO         1296    i.EXTI4_IRQHandler  stm32f4xx_it.o
    0x0800060c   0x00000002   Code   RO          747    i.Error_Handler     main.o
    0x0800060e   0x00000002   PAD
    0x08000610   0x00000040   Code   RO         1453    i.FSMC_NORSRAM_Extended_Timing_Init  stm32f4xx_ll_fsmc.o
    0x08000650   0x00000054   Code   RO         1454    i.FSMC_NORSRAM_Init  stm32f4xx_ll_fsmc.o
    0x080006a4   0x00000044   Code   RO         1455    i.FSMC_NORSRAM_Timing_Init  stm32f4xx_ll_fsmc.o
    0x080006e8   0x0000008e   Code   RO         4300    i.HAL_DMA_Abort     stm32f4xx_hal_dma.o
    0x08000776   0x00000024   Code   RO         4301    i.HAL_DMA_Abort_IT  stm32f4xx_hal_dma.o
    0x0800079a   0x00000004   Code   RO         4303    i.HAL_DMA_GetError  stm32f4xx_hal_dma.o
    0x0800079e   0x00000002   PAD
    0x080007a0   0x000001a0   Code   RO         4305    i.HAL_DMA_IRQHandler  stm32f4xx_hal_dma.o
    0x08000940   0x000000d4   Code   RO         4306    i.HAL_DMA_Init      stm32f4xx_hal_dma.o
    0x08000a14   0x0000006e   Code   RO         4310    i.HAL_DMA_Start_IT  stm32f4xx_hal_dma.o
    0x08000a82   0x00000006   Code   RO          563    i.HAL_Delay         delay.o
    0x08000a88   0x000000e4   Code   RO         1043    i.HAL_FSMC_MspInit  fsmc.o
    0x08000b6c   0x00000470   Code   RO          748    i.HAL_GPIO_EXTI_Callback  main.o
    0x08000fdc   0x00000018   Code   RO         4192    i.HAL_GPIO_EXTI_IRQHandler  stm32f4xx_hal_gpio.o
    0x08000ff4   0x000001ec   Code   RO         4193    i.HAL_GPIO_Init     stm32f4xx_hal_gpio.o
    0x080011e0   0x00000010   Code   RO         4196    i.HAL_GPIO_TogglePin  stm32f4xx_hal_gpio.o
    0x080011f0   0x0000000a   Code   RO         4197    i.HAL_GPIO_WritePin  stm32f4xx_hal_gpio.o
    0x080011fa   0x00000002   PAD
    0x080011fc   0x0000000c   Code   RO         4725    i.HAL_GetTick       stm32f4xx_hal.o
    0x08001208   0x00000010   Code   RO         4731    i.HAL_IncTick       stm32f4xx_hal.o
    0x08001218   0x00000034   Code   RO         4732    i.HAL_Init          stm32f4xx_hal.o
    0x0800124c   0x00000040   Code   RO         4733    i.HAL_InitTick      stm32f4xx_hal.o
    0x0800128c   0x00000034   Code   RO         1421    i.HAL_MspInit       stm32f4xx_hal_msp.o
    0x080012c0   0x0000001a   Code   RO         4582    i.HAL_NVIC_EnableIRQ  stm32f4xx_hal_cortex.o
    0x080012da   0x00000002   PAD
    0x080012dc   0x00000040   Code   RO         4588    i.HAL_NVIC_SetPriority  stm32f4xx_hal_cortex.o
    0x0800131c   0x00000024   Code   RO         4589    i.HAL_NVIC_SetPriorityGrouping  stm32f4xx_hal_cortex.o
    0x08001340   0x00000134   Code   RO         3839    i.HAL_RCC_ClockConfig  stm32f4xx_hal_rcc.o
    0x08001474   0x00000020   Code   RO         3846    i.HAL_RCC_GetPCLK1Freq  stm32f4xx_hal_rcc.o
    0x08001494   0x00000020   Code   RO         3847    i.HAL_RCC_GetPCLK2Freq  stm32f4xx_hal_rcc.o
    0x080014b4   0x00000060   Code   RO         3848    i.HAL_RCC_GetSysClockFreq  stm32f4xx_hal_rcc.o
    0x08001514   0x0000036c   Code   RO         3851    i.HAL_RCC_OscConfig  stm32f4xx_hal_rcc.o
    0x08001880   0x00000002   Code   RO         1962    i.HAL_SD_AbortCallback  stm32f4xx_hal_sd.o
    0x08001882   0x00000002   PAD
    0x08001884   0x00000118   Code   RO         1964    i.HAL_SD_ConfigWideBusOperation  stm32f4xx_hal_sd.o
    0x0800199c   0x00000002   Code   RO         1967    i.HAL_SD_ErrorCallback  stm32f4xx_hal_sd.o
    0x0800199e   0x00000002   PAD
    0x080019a0   0x00000198   Code   RO         1969    i.HAL_SD_GetCardCSD  stm32f4xx_hal_sd.o
    0x08001b38   0x00000024   Code   RO         1970    i.HAL_SD_GetCardInfo  stm32f4xx_hal_sd.o
    0x08001b5c   0x0000002c   Code   RO         1971    i.HAL_SD_GetCardState  stm32f4xx_hal_sd.o
    0x08001b88   0x00000208   Code   RO         1975    i.HAL_SD_IRQHandler  stm32f4xx_hal_sd.o
    0x08001d90   0x00000036   Code   RO         1976    i.HAL_SD_Init       stm32f4xx_hal_sd.o
    0x08001dc6   0x00000002   PAD
    0x08001dc8   0x00000074   Code   RO         1977    i.HAL_SD_InitCard   stm32f4xx_hal_sd.o
    0x08001e3c   0x0000013c   Code   RO         1092    i.HAL_SD_MspInit    sdio.o
    0x08001f78   0x000001d8   Code   RO         1980    i.HAL_SD_ReadBlocks  stm32f4xx_hal_sd.o
    0x08002150   0x00000124   Code   RO         1981    i.HAL_SD_ReadBlocks_DMA  stm32f4xx_hal_sd.o
    0x08002274   0x0000000c   Code   RO         1003    i.HAL_SD_RxCpltCallback  dma.o
    0x08002280   0x0000000c   Code   RO         1004    i.HAL_SD_TxCpltCallback  dma.o
    0x0800228c   0x000001ac   Code   RO         1985    i.HAL_SD_WriteBlocks  stm32f4xx_hal_sd.o
    0x08002438   0x00000120   Code   RO         1986    i.HAL_SD_WriteBlocks_DMA  stm32f4xx_hal_sd.o
    0x08002558   0x000000bc   Code   RO         2197    i.HAL_SPI_Init      stm32f4xx_hal_spi.o
    0x08002614   0x00000068   Code   RO         1134    i.HAL_SPI_MspInit   spi.o
    0x0800267c   0x000001e2   Code   RO         2206    i.HAL_SPI_TransmitReceive  stm32f4xx_hal_spi.o
    0x0800285e   0x00000056   Code   RO         1575    i.HAL_SRAM_Init     stm32f4xx_hal_sram.o
    0x080028b4   0x00000004   Code   RO         1045    i.HAL_SRAM_MspInit  fsmc.o
    0x080028b8   0x00000028   Code   RO         4593    i.HAL_SYSTICK_Config  stm32f4xx_hal_cortex.o
    0x080028e0   0x00000002   Code   RO         3214    i.HAL_TIMEx_BreakCallback  stm32f4xx_hal_tim_ex.o
    0x080028e2   0x00000002   Code   RO         3215    i.HAL_TIMEx_CommutCallback  stm32f4xx_hal_tim_ex.o
    0x080028e4   0x00000090   Code   RO         3233    i.HAL_TIMEx_MasterConfigSynchronization  stm32f4xx_hal_tim_ex.o
    0x08002974   0x0000005a   Code   RO         2510    i.HAL_TIM_Base_Init  stm32f4xx_hal_tim.o
    0x080029ce   0x00000002   PAD
    0x080029d0   0x00000074   Code   RO         1188    i.HAL_TIM_Base_MspInit  tim.o
    0x08002a44   0x00000080   Code   RO         2515    i.HAL_TIM_Base_Start_IT  stm32f4xx_hal_tim.o
    0x08002ac4   0x000000d6   Code   RO         2519    i.HAL_TIM_ConfigClockSource  stm32f4xx_hal_tim.o
    0x08002b9a   0x00000002   Code   RO         2544    i.HAL_TIM_IC_CaptureCallback  stm32f4xx_hal_tim.o
    0x08002b9c   0x0000010e   Code   RO         2546    i.HAL_TIM_IC_ConfigChannel  stm32f4xx_hal_tim.o
    0x08002caa   0x0000005a   Code   RO         2549    i.HAL_TIM_IC_Init   stm32f4xx_hal_tim.o
    0x08002d04   0x00000002   Code   RO         2551    i.HAL_TIM_IC_MspInit  stm32f4xx_hal_tim.o
    0x08002d06   0x00000166   Code   RO         2558    i.HAL_TIM_IRQHandler  stm32f4xx_hal_tim.o
    0x08002e6c   0x00000002   Code   RO         2561    i.HAL_TIM_OC_DelayElapsedCallback  stm32f4xx_hal_tim.o
    0x08002e6e   0x00000002   Code   RO         2588    i.HAL_TIM_PWM_PulseFinishedCallback  stm32f4xx_hal_tim.o
    0x08002e70   0x00000002   Code   RO         2596    i.HAL_TIM_PeriodElapsedCallback  stm32f4xx_hal_tim.o
    0x08002e72   0x00000002   Code   RO         2601    i.HAL_TIM_TriggerCallback  stm32f4xx_hal_tim.o
    0x08002e74   0x00000002   Code   RO         3492    i.HAL_UARTEx_RxEventCallback  stm32f4xx_hal_uart.o
    0x08002e76   0x00000002   Code   RO         3506    i.HAL_UART_ErrorCallback  stm32f4xx_hal_uart.o
    0x08002e78   0x00000210   Code   RO         3509    i.HAL_UART_IRQHandler  stm32f4xx_hal_uart.o
    0x08003088   0x00000062   Code   RO         3510    i.HAL_UART_Init     stm32f4xx_hal_uart.o
    0x080030ea   0x00000002   PAD
    0x080030ec   0x0000007c   Code   RO         1230    i.HAL_UART_MspInit  usart.o
    0x08003168   0x0000002a   Code   RO         3515    i.HAL_UART_Receive_IT  stm32f4xx_hal_uart.o
    0x08003192   0x00000002   PAD
    0x08003194   0x00000068   Code   RO         1231    i.HAL_UART_RxCpltCallback  usart.o
    0x080031fc   0x0000004c   Code   RO         1232    i.HAL_UART_TxCpltCallback  usart.o
    0x08003248   0x00000002   Code   RO         1297    i.HardFault_Handler  stm32f4xx_it.o
    0x0800324a   0x00000002   PAD
    0x0800324c   0x0000003c   Code   RO         1005    i.MX_DMA_Init       dma.o
    0x08003288   0x000000dc   Code   RO         1046    i.MX_FSMC_Init      fsmc.o
    0x08003364   0x0000013c   Code   RO          976    i.MX_GPIO_Init      gpio.o
    0x080034a0   0x00000040   Code   RO         1093    i.MX_SDIO_SD_Init   sdio.o
    0x080034e0   0x00000048   Code   RO         1135    i.MX_SPI1_Init      spi.o
    0x08003528   0x00000094   Code   RO         1189    i.MX_TIM4_Init      tim.o
    0x080035bc   0x00000038   Code   RO         1233    i.MX_USART1_UART_Init  usart.o
    0x080035f4   0x00000002   Code   RO         1298    i.MemManage_Handler  stm32f4xx_it.o
    0x080035f6   0x00000002   Code   RO         1299    i.NMI_Handler       stm32f4xx_it.o
    0x080035f8   0x00000002   Code   RO         1300    i.PendSV_Handler    stm32f4xx_it.o
    0x080035fa   0x00000024   Code   RO         1691    i.SDIO_ConfigData   stm32f4xx_ll_sdmmc.o
    0x0800361e   0x00000008   Code   RO         1695    i.SDIO_GetPowerState  stm32f4xx_ll_sdmmc.o
    0x08003626   0x00000006   Code   RO         1696    i.SDIO_GetResponse  stm32f4xx_ll_sdmmc.o
    0x0800362c   0x0000000c   Code   RO         1301    i.SDIO_IRQHandler   stm32f4xx_it.o
    0x08003638   0x00000024   Code   RO         1697    i.SDIO_Init         stm32f4xx_ll_sdmmc.o
    0x0800365c   0x00000010   Code   RO         1699    i.SDIO_PowerState_ON  stm32f4xx_ll_sdmmc.o
    0x0800366c   0x00000006   Code   RO         1700    i.SDIO_ReadFIFO     stm32f4xx_ll_sdmmc.o
    0x08003672   0x00000020   Code   RO         1701    i.SDIO_SendCommand  stm32f4xx_ll_sdmmc.o
    0x08003692   0x0000000a   Code   RO         1703    i.SDIO_WriteFIFO    stm32f4xx_ll_sdmmc.o
    0x0800369c   0x00000032   Code   RO         1704    i.SDMMC_CmdAppCommand  stm32f4xx_ll_sdmmc.o
    0x080036ce   0x00000002   PAD
    0x080036d0   0x00000034   Code   RO         1705    i.SDMMC_CmdAppOperCommand  stm32f4xx_ll_sdmmc.o
    0x08003704   0x00000032   Code   RO         1706    i.SDMMC_CmdBlockLength  stm32f4xx_ll_sdmmc.o
    0x08003736   0x00000032   Code   RO         1707    i.SDMMC_CmdBusWidth  stm32f4xx_ll_sdmmc.o
    0x08003768   0x00000050   Code   RO         1711    i.SDMMC_CmdGoIdleState  stm32f4xx_ll_sdmmc.o
    0x080037b8   0x00000074   Code   RO         1713    i.SDMMC_CmdOperCond  stm32f4xx_ll_sdmmc.o
    0x0800382c   0x00000032   Code   RO         1714    i.SDMMC_CmdReadMultiBlock  stm32f4xx_ll_sdmmc.o
    0x0800385e   0x00000032   Code   RO         1715    i.SDMMC_CmdReadSingleBlock  stm32f4xx_ll_sdmmc.o
    0x08003890   0x00000032   Code   RO         1718    i.SDMMC_CmdSelDesel  stm32f4xx_ll_sdmmc.o
    0x080038c2   0x0000002c   Code   RO         1719    i.SDMMC_CmdSendCID  stm32f4xx_ll_sdmmc.o
    0x080038ee   0x0000002c   Code   RO         1720    i.SDMMC_CmdSendCSD  stm32f4xx_ll_sdmmc.o
    0x0800391a   0x00000030   Code   RO         1722    i.SDMMC_CmdSendSCR  stm32f4xx_ll_sdmmc.o
    0x0800394a   0x00000032   Code   RO         1723    i.SDMMC_CmdSendStatus  stm32f4xx_ll_sdmmc.o
    0x0800397c   0x00000030   Code   RO         1724    i.SDMMC_CmdSetRelAdd  stm32f4xx_ll_sdmmc.o
    0x080039ac   0x00000034   Code   RO         1726    i.SDMMC_CmdStopTransfer  stm32f4xx_ll_sdmmc.o
    0x080039e0   0x00000032   Code   RO         1728    i.SDMMC_CmdWriteMultiBlock  stm32f4xx_ll_sdmmc.o
    0x08003a12   0x00000032   Code   RO         1729    i.SDMMC_CmdWriteSingleBlock  stm32f4xx_ll_sdmmc.o
    0x08003a44   0x00000120   Code   RO         1730    i.SDMMC_GetCmdResp1  stm32f4xx_ll_sdmmc.o
    0x08003b64   0x00000050   Code   RO         1731    i.SDMMC_GetCmdResp2  stm32f4xx_ll_sdmmc.o
    0x08003bb4   0x00000044   Code   RO         1732    i.SDMMC_GetCmdResp3  stm32f4xx_ll_sdmmc.o
    0x08003bf8   0x00000088   Code   RO         1733    i.SDMMC_GetCmdResp6  stm32f4xx_ll_sdmmc.o
    0x08003c80   0x00000064   Code   RO         1988    i.SD_DMAError       stm32f4xx_hal_sd.o
    0x08003ce4   0x00000042   Code   RO         1989    i.SD_DMAReceiveCplt  stm32f4xx_hal_sd.o
    0x08003d26   0x00000044   Code   RO         1990    i.SD_DMARxAbort     stm32f4xx_hal_sd.o
    0x08003d6a   0x0000000e   Code   RO         1991    i.SD_DMATransmitCplt  stm32f4xx_hal_sd.o
    0x08003d78   0x00000044   Code   RO         1992    i.SD_DMATxAbort     stm32f4xx_hal_sd.o
    0x08003dbc   0x000000da   Code   RO         1993    i.SD_FindSCR        stm32f4xx_hal_sd.o
    0x08003e96   0x000000ee   Code   RO         1994    i.SD_InitCard       stm32f4xx_hal_sd.o
    0x08003f84   0x000000b4   Code   RO         1995    i.SD_PowerON        stm32f4xx_hal_sd.o
    0x08004038   0x00000058   Code   RO         2235    i.SPI_EndRxTxTransaction  stm32f4xx_hal_spi.o
    0x08004090   0x000000b8   Code   RO         2240    i.SPI_WaitFlagStateUntilTimeout  stm32f4xx_hal_spi.o
    0x08004148   0x00000002   Code   RO         1302    i.SVC_Handler       stm32f4xx_it.o
    0x0800414a   0x00000004   Code   RO         1303    i.SysTick_Handler   stm32f4xx_it.o
    0x0800414e   0x00000002   PAD
    0x08004150   0x00000088   Code   RO          749    i.SystemClock_Config  main.o
    0x080041d8   0x00000010   Code   RO         4971    i.SystemInit        system_stm32f4xx.o
    0x080041e8   0x0000003c   Code   RO         1304    i.TIM4_IRQHandler   stm32f4xx_it.o
    0x08004224   0x000000c8   Code   RO         2603    i.TIM_Base_SetConfig  stm32f4xx_hal_tim.o
    0x080042ec   0x00000014   Code   RO         2614    i.TIM_ETR_SetConfig  stm32f4xx_hal_tim.o
    0x08004300   0x00000010   Code   RO         2615    i.TIM_ITRx_SetConfig  stm32f4xx_hal_tim.o
    0x08004310   0x00000022   Code   RO         2621    i.TIM_TI1_ConfigInputStage  stm32f4xx_hal_tim.o
    0x08004332   0x00000002   PAD
    0x08004334   0x00000080   Code   RO         2622    i.TIM_TI1_SetConfig  stm32f4xx_hal_tim.o
    0x080043b4   0x00000024   Code   RO         2623    i.TIM_TI2_ConfigInputStage  stm32f4xx_hal_tim.o
    0x080043d8   0x00000036   Code   RO         2624    i.TIM_TI2_SetConfig  stm32f4xx_hal_tim.o
    0x0800440e   0x00000010   Code   RO         3523    i.UART_DMAAbortOnError  stm32f4xx_hal_uart.o
    0x0800441e   0x00000030   Code   RO         3533    i.UART_EndRxTransfer  stm32f4xx_hal_uart.o
    0x0800444e   0x000000ae   Code   RO         3535    i.UART_Receive_IT   stm32f4xx_hal_uart.o
    0x080044fc   0x0000010c   Code   RO         3536    i.UART_SetConfig    stm32f4xx_hal_uart.o
    0x08004608   0x00000036   Code   RO         3538    i.UART_Start_Receive_IT  stm32f4xx_hal_uart.o
    0x0800463e   0x00000002   PAD
    0x08004640   0x0000000c   Code   RO         1305    i.USART1_IRQHandler  stm32f4xx_it.o
    0x0800464c   0x00000002   Code   RO         1306    i.UsageFault_Handler  stm32f4xx_it.o
    0x0800464e   0x00000002   PAD
    0x08004650   0x00000020   Code   RO         6384    i.__0printf$8       mc_w.l(printf8.o)
    0x08004670   0x00000028   Code   RO         6386    i.__0sprintf$8      mc_w.l(printf8.o)
    0x08004698   0x00000020   Code   RO         4595    i.__NVIC_SetPriority  stm32f4xx_hal_cortex.o
    0x080046b8   0x0000000e   Code   RO         6482    i.__scatterload_copy  mc_w.l(handlers.o)
    0x080046c6   0x00000002   Code   RO         6483    i.__scatterload_null  mc_w.l(handlers.o)
    0x080046c8   0x0000000e   Code   RO         6484    i.__scatterload_zeroinit  mc_w.l(handlers.o)
    0x080046d6   0x00000002   PAD
    0x080046d8   0x00000410   Code   RO         6391    i._printf_core      mc_w.l(printf8.o)
    0x08004ae8   0x00000024   Code   RO         6392    i._printf_post_padding  mc_w.l(printf8.o)
    0x08004b0c   0x0000002e   Code   RO         6393    i._printf_pre_padding  mc_w.l(printf8.o)
    0x08004b3a   0x0000000a   Code   RO         6395    i._sputc            mc_w.l(printf8.o)
    0x08004b44   0x0000007c   Code   RO         5401    i.change_bitmap     ff.o
    0x08004bc0   0x000000f4   Code   RO         5402    i.check_fs          ff.o
    0x08004cb4   0x00000018   Code   RO         5404    i.clst2sect         ff.o
    0x08004ccc   0x0000016a   Code   RO         5406    i.create_chain      ff.o
    0x08004e36   0x00000138   Code   RO         5408    i.create_partition  ff.o
    0x08004f6e   0x00000010   Code   RO         5410    i.dbc_1st           ff.o
    0x08004f7e   0x00000002   PAD
    0x08004f80   0x0000000c   Code   RO          564    i.delay_init        delay.o
    0x08004f8c   0x0000000a   Code   RO          565    i.delay_ms          delay.o
    0x08004f96   0x00000002   PAD
    0x08004f98   0x00000034   Code   RO          566    i.delay_us          delay.o
    0x08004fcc   0x00000058   Code   RO         5411    i.dir_alloc         ff.o
    0x08005024   0x000000aa   Code   RO         5412    i.dir_clear         ff.o
    0x080050ce   0x000000c4   Code   RO         5414    i.dir_next          ff.o
    0x08005192   0x000000e4   Code   RO         5415    i.dir_read          ff.o
    0x08005276   0x00000096   Code   RO         5418    i.dir_sdi           ff.o
    0x0800530c   0x0000001a   Code   RO         5226    i.disk_initialize   diskio.o
    0x08005326   0x00000002   PAD
    0x08005328   0x0000005c   Code   RO         5227    i.disk_ioctl        diskio.o
    0x08005384   0x00000052   Code   RO         5228    i.disk_read         diskio.o
    0x080053d6   0x00000004   Code   RO         5229    i.disk_status       diskio.o
    0x080053da   0x00000052   Code   RO         5230    i.disk_write        diskio.o
    0x0800542c   0x0000002e   Code   RO         5910    i.exfuns_get_free   exfuns.o
    0x0800545a   0x00000002   PAD
    0x0800545c   0x00000034   Code   RO         5912    i.exfuns_init       exfuns.o
    0x08005490   0x00000116   Code   RO         5421    i.f_getfree         ff.o
    0x080055a6   0x00000002   PAD
    0x080055a8   0x00000b50   Code   RO         5426    i.f_mkfs            ff.o
    0x080060f8   0x0000004c   Code   RO         5427    i.f_mount           ff.o
    0x08006144   0x00000184   Code   RO         5436    i.f_setlabel        ff.o
    0x080062c8   0x00000008   Code   RO         5839    i.ff_memalloc       ffsystem.o
    0x080062d0   0x00000008   Code   RO         5840    i.ff_memfree        ffsystem.o
    0x080062d8   0x0000004c   Code   RO         5876    i.ff_oem2uni        ffunicode.o
    0x08006324   0x00000050   Code   RO         5877    i.ff_uni2oem        ffunicode.o
    0x08006374   0x00000088   Code   RO         5878    i.ff_wtoupper       ffunicode.o
    0x080063fc   0x00000032   Code   RO         5443    i.fill_last_frag    ff.o
    0x0800642e   0x00000090   Code   RO         5444    i.find_bitmap       ff.o
    0x080064be   0x00000002   PAD
    0x080064c0   0x00000010   Code   RO         1234    i.fputc             usart.o
    0x080064d0   0x00000134   Code   RO         5447    i.get_fat           ff.o
    0x08006604   0x00000038   Code   RO         5449    i.get_ldnumber      ff.o
    0x0800663c   0x00000018   Code   RO          498    i.get_sd_card_state  sdio_sdcard.o
    0x08006654   0x00000030   Code   RO           13    i.lcd_clear         lcd.o
    0x08006684   0x000000ec   Code   RO           15    i.lcd_display_dir   lcd.o
    0x08006770   0x000000c4   Code   RO           18    i.lcd_draw_circle   lcd.o
    0x08006834   0x0000009c   Code   RO           20    i.lcd_draw_line     lcd.o
    0x080068d0   0x00000016   Code   RO           21    i.lcd_draw_point    lcd.o
    0x080068e6   0x00000044   Code   RO           22    i.lcd_draw_rectangle  lcd.o
    0x0800692a   0x0000022e   Code   RO           23    i.lcd_ex_ili9341_reginit  lcd.o
    0x08006b58   0x00000342   Code   RO           24    i.lcd_ex_ili9806_reginit  lcd.o
    0x08006e9a   0x00000ef4   Code   RO           25    i.lcd_ex_nt35310_reginit  lcd.o
    0x08007d8e   0x00000efa   Code   RO           26    i.lcd_ex_nt35510_reginit  lcd.o
    0x08008c88   0x00000170   Code   RO           27    i.lcd_ex_ssd1963_reginit  lcd.o
    0x08008df8   0x000001aa   Code   RO           28    i.lcd_ex_st7789_reginit  lcd.o
    0x08008fa2   0x000001c8   Code   RO           29    i.lcd_ex_st7796_reginit  lcd.o
    0x0800916a   0x00000002   PAD
    0x0800916c   0x00000048   Code   RO           30    i.lcd_fill          lcd.o
    0x080091b4   0x00000014   Code   RO           32    i.lcd_get_backlight_by_pwm  lcd.o
    0x080091c8   0x000002b0   Code   RO           33    i.lcd_init          lcd.o
    0x08009478   0x00000010   Code   RO           34    i.lcd_pow           lcd.o
    0x08009488   0x0000001a   Code   RO           35    i.lcd_rd_data       lcd.o
    0x080094a2   0x00000002   PAD
    0x080094a4   0x00000074   Code   RO           36    i.lcd_read_point    lcd.o
    0x08009518   0x00000184   Code   RO           37    i.lcd_scan_dir      lcd.o
    0x0800969c   0x0000003a   Code   RO           38    i.lcd_set_backlight_by_pwm  lcd.o
    0x080096d6   0x00000002   PAD
    0x080096d8   0x000000f4   Code   RO           39    i.lcd_set_cursor    lcd.o
    0x080097cc   0x000000dc   Code   RO           41    i.lcd_show_char     lcd.o
    0x080098a8   0x00000072   Code   RO           42    i.lcd_show_num      lcd.o
    0x0800991a   0x00000056   Code   RO           43    i.lcd_show_string   lcd.o
    0x08009970   0x0000008a   Code   RO           44    i.lcd_show_xnum     lcd.o
    0x080099fa   0x00000002   PAD
    0x080099fc   0x00000050   Code   RO           45    i.lcd_ssd_backlight_set  lcd.o
    0x08009a4c   0x00000018   Code   RO           46    i.lcd_wr_data       lcd.o
    0x08009a64   0x00000018   Code   RO           47    i.lcd_wr_regno      lcd.o
    0x08009a7c   0x00000014   Code   RO           48    i.lcd_write_ram_prepare  lcd.o
    0x08009a90   0x0000000c   Code   RO           49    i.lcd_write_reg     lcd.o
    0x08009a9c   0x00000016   Code   RO         5452    i.ld_dword          ff.o
    0x08009ab2   0x00000056   Code   RO         5453    i.ld_qword          ff.o
    0x08009b08   0x0000000a   Code   RO         5454    i.ld_word           ff.o
    0x08009b12   0x00000002   PAD
    0x08009b14   0x00000018   Code   RO          750    i.led_set           main.o
    0x08009b2c   0x000000d0   Code   RO         5456    i.load_xdir         ff.o
    0x08009bfc   0x00000688   Code   RO          751    i.main              main.o
    0x0800a284   0x00000020   Code   RO         5987    i.mf_free           fattester.o
    0x0800a2a4   0x00000034   Code   RO         5990    i.mf_init           fattester.o
    0x0800a2d8   0x000003a0   Code   RO         5457    i.mount_volume      ff.o
    0x0800a678   0x00000032   Code   RO         5458    i.move_window       ff.o
    0x0800a6aa   0x00000002   PAD
    0x0800a6ac   0x0000002c   Code   RO          608    i.my_mem_init       mymalloc.o
    0x0800a6d8   0x00000090   Code   RO          609    i.my_mem_malloc     mymalloc.o
    0x0800a768   0x0000003c   Code   RO          610    i.my_mem_perused    mymalloc.o
    0x0800a7a4   0x0000000e   Code   RO          611    i.my_mem_set        mymalloc.o
    0x0800a7b2   0x00000002   PAD
    0x0800a7b4   0x0000005c   Code   RO          612    i.myfree            mymalloc.o
    0x0800a810   0x00000020   Code   RO          613    i.mymalloc          mymalloc.o
    0x0800a830   0x00000040   Code   RO          392    i.norflash_erase_sector  norflash.o
    0x0800a870   0x00000068   Code   RO          393    i.norflash_init     norflash.o
    0x0800a8d8   0x00000050   Code   RO          394    i.norflash_read     norflash.o
    0x0800a928   0x0000004c   Code   RO          395    i.norflash_read_id  norflash.o
    0x0800a974   0x00000048   Code   RO          396    i.norflash_read_sr  norflash.o
    0x0800a9bc   0x00000034   Code   RO          397    i.norflash_send_address  norflash.o
    0x0800a9f0   0x0000000e   Code   RO          398    i.norflash_wait_busy  norflash.o
    0x0800a9fe   0x00000002   PAD
    0x0800aa00   0x0000009c   Code   RO          399    i.norflash_write    norflash.o
    0x0800aa9c   0x0000002c   Code   RO          400    i.norflash_write_enable  norflash.o
    0x0800aac8   0x00000080   Code   RO          401    i.norflash_write_nocheck  norflash.o
    0x0800ab48   0x0000004c   Code   RO          402    i.norflash_write_sr  norflash.o
    0x0800ab94   0x00000074   Code   RO         5459    i.pick_lfn          ff.o
    0x0800ac08   0x000000f6   Code   RO         5460    i.put_fat           ff.o
    0x0800acfe   0x00000004   Code   RO         5008    i.read_addr         usmart.o
    0x0800ad02   0x00000002   PAD
    0x0800ad04   0x00000080   Code   RO          499    i.sd_init           sdio_sdcard.o
    0x0800ad84   0x00000034   Code   RO          500    i.sd_read_disk      sdio_sdcard.o
    0x0800adb8   0x00000034   Code   RO          501    i.sd_write_disk     sdio_sdcard.o
    0x0800adec   0x00000020   Code   RO         1136    i.spi1_read_write_byte  spi.o
    0x0800ae0c   0x00000034   Code   RO         1137    i.spi1_set_speed    spi.o
    0x0800ae40   0x00000164   Code   RO          685    i.sram_init         sram.o
    0x0800afa4   0x00000010   Code   RO         5467    i.st_dword          ff.o
    0x0800afb4   0x0000004a   Code   RO         5468    i.st_qword          ff.o
    0x0800affe   0x00000008   Code   RO         5469    i.st_word           ff.o
    0x0800b006   0x0000001a   Code   RO         5471    i.sum_sfn           ff.o
    0x0800b020   0x00000084   Code   RO         5472    i.sync_fs           ff.o
    0x0800b0a4   0x00000046   Code   RO         5473    i.sync_window       ff.o
    0x0800b0ea   0x0000004e   Code   RO         5474    i.tchar2uni         ff.o
    0x0800b138   0x00000094   Code   RO         5009    i.usmart_cmd_rec    usmart.o
    0x0800b1cc   0x00000264   Code   RO         5010    i.usmart_exe        usmart.o
    0x0800b430   0x000000a6   Code   RO         5147    i.usmart_get_aparm  usmart_str.o
    0x0800b4d6   0x0000002e   Code   RO         5148    i.usmart_get_cmdname  usmart_str.o
    0x0800b504   0x00000170   Code   RO         5149    i.usmart_get_fname  usmart_str.o
    0x0800b674   0x000000d4   Code   RO         5150    i.usmart_get_fparam  usmart_str.o
    0x0800b748   0x00000020   Code   RO         5101    i.usmart_get_input_string  usmart_port.o
    0x0800b768   0x00000024   Code   RO         5151    i.usmart_get_parmpos  usmart_str.o
    0x0800b78c   0x00000028   Code   RO         5011    i.usmart_init       usmart.o
    0x0800b7b4   0x00000010   Code   RO         5152    i.usmart_pow        usmart_str.o
    0x0800b7c4   0x00000090   Code   RO         5012    i.usmart_scan       usmart.o
    0x0800b854   0x00000010   Code   RO         5153    i.usmart_search_nextc  usmart_str.o
    0x0800b864   0x000000d6   Code   RO         5154    i.usmart_str2num    usmart_str.o
    0x0800b93a   0x00000018   Code   RO         5155    i.usmart_strcmp     usmart_str.o
    0x0800b952   0x00000012   Code   RO         5156    i.usmart_strcopy    usmart_str.o
    0x0800b964   0x00000012   Code   RO         5157    i.usmart_strlen     usmart_str.o
    0x0800b976   0x00000002   PAD
    0x0800b978   0x00000680   Code   RO         5013    i.usmart_sys_cmd_exe  usmart.o
    0x0800bff8   0x00000030   Code   RO         5102    i.usmart_timx_get_time  usmart_port.o
    0x0800c028   0x00000050   Code   RO         5103    i.usmart_timx_init  usmart_port.o
    0x0800c078   0x00000028   Code   RO         5104    i.usmart_timx_reset_time  usmart_port.o
    0x0800c0a0   0x00000004   Code   RO         5014    i.write_addr        usmart.o
    0x0800c0a4   0x00000034   Code   RO         5476    i.xdir_sum          ff.o
    0x0800c0d8   0x00000010   Code   RO         5478    i.xsum32            ff.o
    0x0800c0e8   0x00002f80   Data   RO           51    .constdata          lcd.o
    0x0800f068   0x00000024   Data   RO          621    .constdata          mymalloc.o
    0x0800f08c   0x00000010   Data   RO          754    .constdata          main.o
    0x0800f09c   0x00000008   Data   RO         4312    .constdata          stm32f4xx_hal_dma.o
    0x0800f0a4   0x00000010   Data   RO         4972    .constdata          system_stm32f4xx.o
    0x0800f0b4   0x00000008   Data   RO         4973    .constdata          system_stm32f4xx.o
    0x0800f0bc   0x0000004c   Data   RO         5479    .constdata          ff.o
    0x0800f108   0x0002abb6   Data   RO         5879    .constdata          ffunicode.o
    0x08039cbe   0x00000002   PAD
    0x08039cc0   0x00000028   Data   RO         5015    .conststring        usmart.o
    0x08039ce8   0x000003fc   Data   RO         5075    .conststring        usmart_config.o
    0x0803a0e4   0x00000020   Data   RO         6480    Region$$Table       anon$$obj.o


    Execution Region RW_IRAM1 (Base: 0x20000000, Size: 0x0001c900, Max: 0x00020000, ABSOLUTE, COMPRESSED[0x000000fc])

    Base Addr    Size         Type   Attr      Idx    E Section Name        Object

    0x20000000   0x00000004   Data   RW           52    .data               lcd.o
    0x20000004   0x00000004   Data   RW           53    .data               lcd.o
    0x20000008   0x00000002   Data   RW          404    .data               norflash.o
    0x2000000a   0x00000002   PAD
    0x2000000c   0x00000004   Data   RW          567    .data               delay.o
    0x20000010   0x00000024   Data   RW          622    .data               mymalloc.o
    0x20000034   0x00000234   Data   RW          755    .data               main.o
    0x20000268   0x00000008   Data   RW         1048    .data               fsmc.o
    0x20000270   0x00000004   Data   RW         1236    .data               usart.o
    0x20000274   0x0000000c   Data   RW         4739    .data               stm32f4xx_hal.o
    0x20000280   0x00000004   Data   RW         4974    .data               system_stm32f4xx.o
    0x20000284   0x0000001c   Data   RW         5016    .data               usmart.o
    0x200002a0   0x00000080   Data   RW         5076    .data               usmart_config.o
    0x20000320   0x000000f4   Data   RW         5077    .data               usmart_config.o
    0x20000414   0x0000000c   Data   RW         5481    .data               ff.o
    0x20000420   0x00000008   Data   RW         5915    .data               exfuns.o
    0x20000428   0x00000004   Data   RW         6458    .data               mc_w.l(stdout.o)
    0x2000042c   0x0000000e   Zero   RW           50    .bss                lcd.o
    0x2000043a   0x00001000   Zero   RW          403    .bss                norflash.o
    0x2000143a   0x00000006   PAD
    0x20001440   0x00019000   Zero   RW          619    .bss                mymalloc.o
    0x2001a440   0x00001900   Zero   RW          620    .bss                mymalloc.o
    0x2001bd40   0x0000028c   Zero   RW          752    .bss                main.o
    0x2001bfcc   0x00000020   Zero   RW          753    .bss                main.o
    0x2001bfec   0x000000a0   Zero   RW         1047    .bss                fsmc.o
    0x2001c08c   0x00000144   Zero   RW         1094    .bss                sdio.o
    0x2001c1d0   0x00000058   Zero   RW         1138    .bss                spi.o
    0x2001c228   0x00000048   Zero   RW         1190    .bss                tim.o
    0x2001c270   0x0000010c   Zero   RW         1235    .bss                usart.o
    0x2001c37c   0x00000004   PAD
    0x2001c380   0x00000180   Zero   RW         6008    .bss                fattester.o
    0x2001c500   0x00000400   Zero   RW            1    STACK               startup_stm32f407xx.o



  Load Region LR$$.ARM.__AT_0x10000000 (Base: 0x10000000, Size: 0x00000000, Max: 0x0000f000, ABSOLUTE)

    Execution Region ER$$.ARM.__AT_0x10000000 (Base: 0x10000000, Size: 0x0000f000, Max: 0x0000f000, ABSOLUTE, UNINIT)

    Base Addr    Size         Type   Attr      Idx    E Section Name        Object

    0x10000000   0x0000f000   Zero   RW          615    .ARM.__AT_0x10000000  mymalloc.o



  Load Region LR$$.ARM.__AT_0x1000F000 (Base: 0x1000f000, Size: 0x00000000, Max: 0x00000f00, ABSOLUTE)

    Execution Region ER$$.ARM.__AT_0x1000F000 (Base: 0x1000f000, Size: 0x00000f00, Max: 0x00000f00, ABSOLUTE, UNINIT)

    Base Addr    Size         Type   Attr      Idx    E Section Name        Object

    0x1000f000   0x00000f00   Zero   RW          616    .ARM.__AT_0x1000F000  mymalloc.o



  Load Region LR$$.ARM.__AT_0x68000000 (Base: 0x68000000, Size: 0x00000000, Max: 0x000f0c00, ABSOLUTE)

    Execution Region ER$$.ARM.__AT_0x68000000 (Base: 0x68000000, Size: 0x000f0c00, Max: 0x000f0c00, ABSOLUTE, UNINIT)

    Base Addr    Size         Type   Attr      Idx    E Section Name        Object

    0x68000000   0x000f0c00   Zero   RW          617    .ARM.__AT_0x68000000  mymalloc.o



  Load Region LR$$.ARM.__AT_0x680F0C00 (Base: 0x680f0c00, Size: 0x00000000, Max: 0x0000f0c0, ABSOLUTE)

    Execution Region ER$$.ARM.__AT_0x680F0C00 (Base: 0x680f0c00, Size: 0x0000f0c0, Max: 0x0000f0c0, ABSOLUTE, UNINIT)

    Base Addr    Size         Type   Attr      Idx    E Section Name        Object

    0x680f0c00   0x0000f0c0   Zero   RW          618    .ARM.__AT_0x680F0C00  mymalloc.o


==============================================================================

Image component sizes


      Code (inc. data)   RO Data    RW Data    ZI Data      Debug   Object Name

        80         10          0          4          0       2551   delay.o
       286          6          0          0          0       7522   diskio.o
        84         12          0          0          0       1835   dma.o
        98          4          0          8          0       2487   exfuns.o
        84         10          0          0        384       2508   fattester.o
      8248        166         76         12          0      57492   ff.o
        16          0          0          0          0       1091   ffsystem.o
       292         28     175030          0          0       3572   ffunicode.o
       452         36          0          8        160       2378   fsmc.o
       316         22          0          0          0       1159   gpio.o
     13376        100      12160          8         14     762573   lcd.o
      2970       1250         16        564        684     665769   main.o
       386         40         36         36    1221824       6287   mymalloc.o
       866         52          0          2       4096       9016   norflash.o
       380         34          0          0        324       1939   sdio.o
       256         90          0          0          0       2981   sdio_sdcard.o
       260         28          0          0         88       2801   spi.o
       356         30          0          0          0       1431   sram.o
        36          8        392          0       1024        844   startup_stm32f407xx.o
       144         24          0         12          0       8857   stm32f4xx_hal.o
       198         14          0          0          0      34023   stm32f4xx_hal_cortex.o
      1084         16          8          0          0       8065   stm32f4xx_hal_dma.o
       542         50          0          0          0       3520   stm32f4xx_hal_gpio.o
        52          4          0          0          0        862   stm32f4xx_hal_msp.o
      1344         72          0          0          0       5312   stm32f4xx_hal_rcc.o
      3894         80          0          0          0      20967   stm32f4xx_hal_sd.o
       942         12          0          0          0       4977   stm32f4xx_hal_spi.o
        86          0          0          0          0       1240   stm32f4xx_hal_sram.o
      1650        100          0          0          0      14827   stm32f4xx_hal_tim.o
       148         28          0          0          0       2505   stm32f4xx_hal_tim_ex.o
      1232         16          0          0          0       8438   stm32f4xx_hal_uart.o
       146         32          0          0          0       8059   stm32f4xx_it.o
       216         12          0          0          0       2755   stm32f4xx_ll_fsmc.o
      1656         46          0          0          0      23407   stm32f4xx_ll_sdmmc.o
        16          4         24          4          0       1143   system_stm32f4xx.o
       264         22          0          0         72       1858   tim.o
       376         64          0          4        268       3668   usart.o
      2616       1308         40         28          0       6142   usmart.o
         0          0       1020        372          0       1480   usmart_config.o
       200         38          0          0          0       2777   usmart_port.o
      1134         20          0          0          0       9819   usmart_str.o

    ----------------------------------------------------------------------
     46846       3888     188836       1064    1228948    1710937   Object Totals
         0          0         32          0          0          0   (incl. Generated)
        64          0          2          2         10          0   (incl. Padding)

    ----------------------------------------------------------------------

      Code (inc. data)   RO Data    RW Data    ZI Data      Debug   Library Member Name

        86          0          0          0          0          0   __dczerorl2.o
         0          0          0          0          0          0   entry.o
         0          0          0          0          0          0   entry10a.o
         0          0          0          0          0          0   entry11a.o
         8          4          0          0          0          0   entry2.o
         4          0          0          0          0          0   entry5.o
         0          0          0          0          0          0   entry7b.o
         0          0          0          0          0          0   entry8b.o
         8          4          0          0          0          0   entry9a.o
        30          0          0          0          0          0   handlers.o
        36          8          0          0          0         68   init.o
         0          0          0          0          0          0   iusefp.o
        30          0          0          0          0         68   llshl.o
        32          0          0          0          0         68   llushr.o
        26          0          0          0          0         80   memcmp.o
        36          0          0          0          0         68   memcpya.o
        36          0          0          0          0        108   memseta.o
      1204         60          0          0          0        504   printf8.o
         0          0          0          4          0          0   stdout.o
        20          0          0          0          0         68   strchr.o
        98          0          0          0          0         92   uldiv.o
       186          0          0          0          0        176   depilogue.o
        50          0          0          0          0         76   dfixui.o
        26          0          0          0          0         76   dfltui.o
       228          0          0          0          0         96   dmul.o

    ----------------------------------------------------------------------
      2146         76          0          4          0       1548   Library Totals
         2          0          0          0          0          0   (incl. Padding)

    ----------------------------------------------------------------------

      Code (inc. data)   RO Data    RW Data    ZI Data      Debug   Library Name

      1654         76          0          4          0       1124   mc_w.l
       490          0          0          0          0        424   mf_w.l

    ----------------------------------------------------------------------
      2146         76          0          4          0       1548   Library Totals

    ----------------------------------------------------------------------

==============================================================================


      Code (inc. data)   RO Data    RW Data    ZI Data      Debug   

     48992       3964     188836       1068    1228948    1683789   Grand Totals
     48992       3964     188836        252    1228948    1683789   ELF Image Totals (compressed)
     48992       3964     188836        252          0          0   ROM Totals

==============================================================================

    Total RO  Size (Code + RO Data)               237828 ( 232.25kB)
    Total RW  Size (RW Data + ZI Data)           1230016 (1201.19kB)
    Total ROM Size (Code + RO Data + RW Data)     238080 ( 232.50kB)

==============================================================================

