Component: ARM Compiler 5.06 update 4 (build 422) Tool: armlink [4d35d2]

==============================================================================

Section Cross References

    startup_stm32f407xx.o(RESET) refers to startup_stm32f407xx.o(STACK) for __initial_sp
    startup_stm32f407xx.o(RESET) refers to startup_stm32f407xx.o(.text) for Reset_Handler
    startup_stm32f407xx.o(RESET) refers to stm32f4xx_it.o(i.NMI_Handler) for NMI_Handler
    startup_stm32f407xx.o(RESET) refers to stm32f4xx_it.o(i.HardFault_Handler) for HardFault_Handler
    startup_stm32f407xx.o(RESET) refers to stm32f4xx_it.o(i.MemManage_Handler) for MemManage_Handler
    startup_stm32f407xx.o(RESET) refers to stm32f4xx_it.o(i.BusFault_Handler) for BusFault_Handler
    startup_stm32f407xx.o(RESET) refers to stm32f4xx_it.o(i.UsageFault_Handler) for UsageFault_Handler
    startup_stm32f407xx.o(RESET) refers to stm32f4xx_it.o(i.SVC_Handler) for SVC_Handler
    startup_stm32f407xx.o(RESET) refers to stm32f4xx_it.o(i.DebugMon_Handler) for DebugMon_Handler
    startup_stm32f407xx.o(RESET) refers to stm32f4xx_it.o(i.PendSV_Handler) for PendSV_Handler
    startup_stm32f407xx.o(RESET) refers to stm32f4xx_it.o(i.SysTick_Handler) for SysTick_Handler
    startup_stm32f407xx.o(RESET) refers to stm32f4xx_it.o(i.EXTI2_IRQHandler) for EXTI2_IRQHandler
    startup_stm32f407xx.o(RESET) refers to stm32f4xx_it.o(i.EXTI3_IRQHandler) for EXTI3_IRQHandler
    startup_stm32f407xx.o(RESET) refers to stm32f4xx_it.o(i.EXTI4_IRQHandler) for EXTI4_IRQHandler
    startup_stm32f407xx.o(.text) refers to system_stm32f4xx.o(i.SystemInit) for SystemInit
    startup_stm32f407xx.o(.text) refers to entry.o(.ARM.Collect$$$$00000000) for __main
    lcd.o(i.lcd_clear) refers to lcd.o(i.lcd_set_cursor) for lcd_set_cursor
    lcd.o(i.lcd_clear) refers to lcd.o(i.lcd_write_ram_prepare) for lcd_write_ram_prepare
    lcd.o(i.lcd_clear) refers to lcd.o(.bss) for .bss
    lcd.o(i.lcd_color_fill) refers to lcd.o(i.lcd_set_cursor) for lcd_set_cursor
    lcd.o(i.lcd_color_fill) refers to lcd.o(i.lcd_write_ram_prepare) for lcd_write_ram_prepare
    lcd.o(i.lcd_display_dir) refers to lcd.o(i.lcd_scan_dir) for lcd_scan_dir
    lcd.o(i.lcd_display_dir) refers to lcd.o(.bss) for .bss
    lcd.o(i.lcd_display_off) refers to lcd.o(i.lcd_wr_regno) for lcd_wr_regno
    lcd.o(i.lcd_display_off) refers to lcd.o(.bss) for .bss
    lcd.o(i.lcd_display_on) refers to lcd.o(i.lcd_wr_regno) for lcd_wr_regno
    lcd.o(i.lcd_display_on) refers to lcd.o(.bss) for .bss
    lcd.o(i.lcd_draw_circle) refers to lcd.o(i.lcd_draw_point) for lcd_draw_point
    lcd.o(i.lcd_draw_hline) refers to lcd.o(i.lcd_fill) for lcd_fill
    lcd.o(i.lcd_draw_hline) refers to lcd.o(.bss) for .bss
    lcd.o(i.lcd_draw_line) refers to lcd.o(i.lcd_draw_point) for lcd_draw_point
    lcd.o(i.lcd_draw_point) refers to lcd.o(i.lcd_set_cursor) for lcd_set_cursor
    lcd.o(i.lcd_draw_point) refers to lcd.o(i.lcd_write_ram_prepare) for lcd_write_ram_prepare
    lcd.o(i.lcd_draw_rectangle) refers to lcd.o(i.lcd_draw_line) for lcd_draw_line
    lcd.o(i.lcd_ex_ili9341_reginit) refers to lcd.o(i.lcd_wr_regno) for lcd_wr_regno
    lcd.o(i.lcd_ex_ili9341_reginit) refers to lcd.o(i.lcd_wr_data) for lcd_wr_data
    lcd.o(i.lcd_ex_ili9341_reginit) refers to delay.o(i.HAL_Delay) for HAL_Delay
    lcd.o(i.lcd_ex_ili9806_reginit) refers to lcd.o(i.lcd_wr_regno) for lcd_wr_regno
    lcd.o(i.lcd_ex_ili9806_reginit) refers to lcd.o(i.lcd_wr_data) for lcd_wr_data
    lcd.o(i.lcd_ex_ili9806_reginit) refers to delay.o(i.HAL_Delay) for HAL_Delay
    lcd.o(i.lcd_ex_nt35310_reginit) refers to lcd.o(i.lcd_wr_regno) for lcd_wr_regno
    lcd.o(i.lcd_ex_nt35310_reginit) refers to lcd.o(i.lcd_wr_data) for lcd_wr_data
    lcd.o(i.lcd_ex_nt35310_reginit) refers to delay.o(i.HAL_Delay) for HAL_Delay
    lcd.o(i.lcd_ex_nt35510_reginit) refers to lcd.o(i.lcd_write_reg) for lcd_write_reg
    lcd.o(i.lcd_ex_nt35510_reginit) refers to lcd.o(i.lcd_wr_regno) for lcd_wr_regno
    lcd.o(i.lcd_ex_nt35510_reginit) refers to delay.o(i.HAL_Delay) for HAL_Delay
    lcd.o(i.lcd_ex_ssd1963_reginit) refers to lcd.o(i.lcd_wr_regno) for lcd_wr_regno
    lcd.o(i.lcd_ex_ssd1963_reginit) refers to lcd.o(i.lcd_wr_data) for lcd_wr_data
    lcd.o(i.lcd_ex_ssd1963_reginit) refers to delay.o(i.HAL_Delay) for HAL_Delay
    lcd.o(i.lcd_ex_st7789_reginit) refers to lcd.o(i.lcd_wr_regno) for lcd_wr_regno
    lcd.o(i.lcd_ex_st7789_reginit) refers to delay.o(i.HAL_Delay) for HAL_Delay
    lcd.o(i.lcd_ex_st7789_reginit) refers to lcd.o(i.lcd_wr_data) for lcd_wr_data
    lcd.o(i.lcd_ex_st7796_reginit) refers to lcd.o(i.lcd_wr_regno) for lcd_wr_regno
    lcd.o(i.lcd_ex_st7796_reginit) refers to delay.o(i.HAL_Delay) for HAL_Delay
    lcd.o(i.lcd_ex_st7796_reginit) refers to lcd.o(i.lcd_wr_data) for lcd_wr_data
    lcd.o(i.lcd_fill) refers to lcd.o(i.lcd_set_cursor) for lcd_set_cursor
[...]

Image Symbol Table

    Local Symbols

    Symbol Name                              Value     Ov Type        Size  Object(Section)

    ../Drivers/STM32F4xx_HAL_Driver/Src/stm32f4xx_hal.c 0x00000000   Number         0  stm32f4xx_hal.o ABSOLUTE
    ../Drivers/STM32F4xx_HAL_Driver/Src/stm32f4xx_hal_cortex.c 0x00000000   Number         0  stm32f4xx_hal_cortex.o ABSOLUTE
    ../Drivers/STM32F4xx_HAL_Driver/Src/stm32f4xx_hal_dma.c 0x00000000   Number         0  stm32f4xx_hal_dma.o ABSOLUTE
    ../Drivers/STM32F4xx_HAL_Driver/Src/stm32f4xx_hal_dma_ex.c 0x00000000   Number         0  stm32f4xx_hal_dma_ex.o ABSOLUTE
    ../Drivers/STM32F4xx_HAL_Driver/Src/stm32f4xx_hal_exti.c 0x00000000   Number         0  stm32f4xx_hal_exti.o ABSOLUTE
    ../Drivers/STM32F4xx_HAL_Driver/Src/stm32f4xx_hal_flash.c 0x00000000   Number         0  stm32f4xx_hal_flash.o ABSOLUTE
    ../Drivers/STM32F4xx_HAL_Driver/Src/stm32f4xx_hal_flash_ex.c 0x00000000   Number         0  stm32f4xx_hal_flash_ex.o ABSOLUTE
    ../Drivers/STM32F4xx_HAL_Driver/Src/stm32f4xx_hal_flash_ramfunc.c 0x00000000   Number         0  stm32f4xx_hal_flash_ramfunc.o ABSOLUTE
    ../Drivers/STM32F4xx_HAL_Driver/Src/stm32f4xx_hal_gpio.c 0x00000000   Number         0  stm32f4xx_hal_gpio.o ABSOLUTE
    ../Drivers/STM32F4xx_HAL_Driver/Src/stm32f4xx_hal_i2c.c 0x00000000   Number         0  stm32f4xx_hal_i2c.o ABSOLUTE
    ../Drivers/STM32F4xx_HAL_Driver/Src/stm32f4xx_hal_i2c_ex.c 0x00000000   Number         0  stm32f4xx_hal_i2c_ex.o ABSOLUTE
    ../Drivers/STM32F4xx_HAL_Driver/Src/stm32f4xx_hal_pwr.c 0x00000000   Number         0  stm32f4xx_hal_pwr.o ABSOLUTE
    ../Drivers/STM32F4xx_HAL_Driver/Src/stm32f4xx_hal_pwr_ex.c 0x00000000   Number         0  stm32f4xx_hal_pwr_ex.o ABSOLUTE
    ../Drivers/STM32F4xx_HAL_Driver/Src/stm32f4xx_hal_rcc.c 0x00000000   Number         0  stm32f4xx_hal_rcc.o ABSOLUTE
    ../Drivers/STM32F4xx_HAL_Driver/Src/stm32f4xx_hal_rcc_ex.c 0x00000000   Number         0  stm32f4xx_hal_rcc_ex.o ABSOLUTE
    ../Drivers/STM32F4xx_HAL_Driver/Src/stm32f4xx_hal_sram.c 0x00000000   Number         0  stm32f4xx_hal_sram.o ABSOLUTE
    ../Drivers/STM32F4xx_HAL_Driver/Src/stm32f4xx_hal_tim.c 0x00000000   Number         0  stm32f4xx_hal_tim.o ABSOLUTE
    ../Drivers/STM32F4xx_HAL_Driver/Src/stm32f4xx_hal_tim_ex.c 0x00000000   Number         0  stm32f4xx_hal_tim_ex.o ABSOLUTE
    ../Drivers/STM32F4xx_HAL_Driver/Src/stm32f4xx_hal_uart.c 0x00000000   Number         0  stm32f4xx_hal_uart.o ABSOLUTE
    ../Drivers/STM32F4xx_HAL_Driver/Src/stm32f4xx_ll_fsmc.c 0x00000000   Number         0  stm32f4xx_ll_fsmc.o ABSOLUTE
    ../Src/fsmc.c                            0x00000000   Number         0  fsmc.o ABSOLUTE
    ../Src/gpio.c                            0x00000000   Number         0  gpio.o ABSOLUTE
    ../Src/i2c.c                             0x00000000   Number         0  i2c.o ABSOLUTE
    ../Src/main.c                            0x00000000   Number         0  main.o ABSOLUTE
    ../Src/stm32f4xx_hal_msp.c               0x00000000   Number         0  stm32f4xx_hal_msp.o ABSOLUTE
    ../Src/stm32f4xx_it.c                    0x00000000   Number         0  stm32f4xx_it.o ABSOLUTE
    ../Src/system_stm32f4xx.c                0x00000000   Number         0  system_stm32f4xx.o ABSOLUTE
    ../Src/usart.c                           0x00000000   Number         0  usart.o ABSOLUTE
    ../clib/microlib/division.c              0x00000000   Number         0  uldiv.o ABSOLUTE
    ../clib/microlib/division.c              0x00000000   Number         0  uidiv.o ABSOLUTE
    ../clib/microlib/init/entry.s            0x00000000   Number         0  entry8b.o ABSOLUTE
    ../clib/microlib/init/entry.s            0x00000000   Number         0  entry10b.o ABSOLUTE
    ../clib/microlib/init/entry.s            0x00000000   Number         0  entry9a.o ABSOLUTE
    ../clib/microlib/init/entry.s            0x00000000   Number         0  entry11a.o ABSOLUTE
    ../clib/microlib/init/entry.s            0x00000000   Number         0  entry9b.o ABSOLUTE
    ../clib/microlib/init/entry.s            0x00000000   Number         0  entry11b.o ABSOLUTE
    ../clib/microlib/init/entry.s            0x00000000   Number         0  entry2.o ABSOLUTE
    ../clib/microlib/init/entry.s            0x00000000   Number         0  entry10a.o ABSOLUTE
    ../clib/microlib/init/entry.s            0x00000000   Number         0  entry5.o ABSOLUTE
    ../clib/microlib/init/entry.s            0x00000000   Number         0  entry.o ABSOLUTE
    ../clib/microlib/init/entry.s            0x00000000   Number         0  entry7a.o ABSOLUTE
    ../clib/microlib/init/entry.s            0x00000000   Number         0  entry7b.o ABSOLUTE
    ../clib/microlib/init/entry.s            0x00000000   Number         0  entry8a.o ABSOLUTE
    ../clib/microlib/longlong.c              0x00000000   Number         0  llshl.o ABSOLUTE
    ../clib/microlib/longlong.c              0x00000000   Number         0  llsshr.o ABSOLUTE
    ../clib/microlib/longlong.c              0x00000000   Number         0  llushr.o ABSOLUTE
    ../clib/microlib/printf/printf.c         0x00000000   Number         0  printf8.o ABSOLUTE
    ../clib/microlib/printf/printf.c         0x00000000   Number         0  printf7.o ABSOLUTE
    ../clib/microlib/printf/printf.c         0x00000000   Number         0  printf6.o ABSOLUTE
    ../clib/microlib/printf/printf.c         0x00000000   Number         0  printf4.o ABSOLUTE
    ../clib/microlib/printf/printf.c         0x00000000   Number         0  printf3.o ABSOLUTE
    ../clib/microlib/printf/printf.c         0x00000000   Number         0  printf2.o ABSOLUTE
    ../clib/microlib/printf/printf.c         0x00000000   Number         0  printf1.o ABSOLUTE
    ../clib/microlib/printf/printf.c         0x00000000   Number         0  printf0.o ABSOLUTE
    ../clib/microlib/printf/printf.c         0x00000000   Number         0  printfb.o ABSOLUTE
    ../clib/microlib/printf/printf.c         0x00000000   Number         0  printf5.o ABSOLUTE
    ../clib/microlib/printf/printf.c         0x00000000   Number         0  printfa.o ABSOLUTE
    ../clib/microlib/printf/stubs.s          0x00000000   Number         0  stubs.o ABSOLUTE
    ../clib/microlib/stdio/streams.c         0x00000000   Number         0  stdout.o ABSOLUTE
    ../clib/microlib/string/memset.c         0x00000000   Number         0  memseta.o ABSOLUTE
    ../clib/microlib/string/strcmp.c         0x00000000   Number         0  strcmp.o ABSOLUTE
    ../clib/microlib/stubs.s                 0x00000000   Number         0  iusefp.o ABSOLUTE
    ../fplib/microlib/fpadd.c                0x00000000   Number         0  dadd.o ABSOLUTE
    ../fplib/microlib/fpdiv.c                0x00000000   Number         0  ddiv.o ABSOLUTE
    ../fplib/microlib/fpepilogue.c           0x00000000   Number         0  depilogue.o ABSOLUTE
    ../fplib/microlib/fpfix.c                0x00000000   Number         0  dfixui.o ABSOLUTE
    ../fplib/microlib/fpfix.c                0x00000000   Number         0  dfixul.o ABSOLUTE
    ../fplib/microlib/fpflt.c                0x00000000   Number         0  dfltui.o ABSOLUTE
    ../fplib/microlib/fpflt.c                0x00000000   Number         0  dflti.o ABSOLUTE
    ../fplib/microlib/fpmul.c                0x00000000   Number         0  dmul.o ABSOLUTE
    ../fplib/microlib/fpneg.c                0x00000000   Number         0  dneg.o ABSOLUTE
    ..\Drivers\STM32F4xx_HAL_Driver\Src\stm32f4xx_hal.c 0x00000000   Number         0  stm32f4xx_hal.o ABSOLUTE
    ..\Drivers\STM32F4xx_HAL_Driver\Src\stm32f4xx_hal_cortex.c 0x00000000   Number         0  stm32f4xx_hal_cortex.o ABSOLUTE
    ..\Drivers\STM32F4xx_HAL_Driver\Src\stm32f4xx_hal_dma.c 0x00000000   Number         0  stm32f4xx_hal_dma.o ABSOLUTE
    ..\Drivers\STM32F4xx_HAL_Driver\Src\stm32f4xx_hal_dma_ex.c 0x00000000   Number         0  stm32f4xx_hal_dma_ex.o ABSOLUTE
    ..\Drivers\STM32F4xx_HAL_Driver\Src\stm32f4xx_hal_exti.c 0x00000000   Number         0  stm32f4xx_hal_exti.o ABSOLUTE
    ..\Drivers\STM32F4xx_HAL_Driver\Src\stm32f4xx_hal_flash.c 0x00000000   Number         0  stm32f4xx_hal_flash.o ABSOLUTE
    ..\Drivers\STM32F4xx_HAL_Driver\Src\stm32f4xx_hal_flash_ex.c 0x00000000   Number         0  stm32f4xx_hal_flash_ex.o ABSOLUTE
    ..\Drivers\STM32F4xx_HAL_Driver\Src\stm32f4xx_hal_flash_ramfunc.c 0x00000000   Number         0  stm32f4xx_hal_flash_ramfunc.o ABSOLUTE
    ..\Drivers\STM32F4xx_HAL_Driver\Src\stm32f4xx_hal_gpio.c 0x00000000   Number         0  stm32f4xx_hal_gpio.o ABSOLUTE
    ..\Drivers\STM32F4xx_HAL_Driver\Src\stm32f4xx_hal_i2c.c 0x00000000   Number         0  stm32f4xx_hal_i2c.o ABSOLUTE
    ..\Drivers\STM32F4xx_HAL_Driver\Src\stm32f4xx_hal_i2c_ex.c 0x00000000   Number         0  stm32f4xx_hal_i2c_ex.o ABSOLUTE
    ..\Drivers\STM32F4xx_HAL_Driver\Src\stm32f4xx_hal_pwr.c 0x00000000   Number         0  stm32f4xx_hal_pwr.o ABSOLUTE
    ..\Drivers\STM32F4xx_HAL_Driver\Src\stm32f4xx_hal_pwr_ex.c 0x00000000   Number         0  stm32f4xx_hal_pwr_ex.o ABSOLUTE
    ..\Drivers\STM32F4xx_HAL_Driver\Src\stm32f4xx_hal_rcc.c 0x00000000   Number         0  stm32f4xx_hal_rcc.o ABSOLUTE
    ..\Drivers\STM32F4xx_HAL_Driver\Src\stm32f4xx_hal_rcc_ex.c 0x00000000   Number         0  stm32f4xx_hal_rcc_ex.o ABSOLUTE
    ..\Drivers\STM32F4xx_HAL_Driver\Src\stm32f4xx_hal_sram.c 0x00000000   Number         0  stm32f4xx_hal_sram.o ABSOLUTE
    ..\Drivers\STM32F4xx_HAL_Driver\Src\stm32f4xx_hal_tim.c 0x00000000   Number         0  stm32f4xx_hal_tim.o ABSOLUTE
    ..\Drivers\STM32F4xx_HAL_Driver\Src\stm32f4xx_hal_tim_ex.c 0x00000000   Number         0  stm32f4xx_hal_tim_ex.o ABSOLUTE
    ..\Drivers\STM32F4xx_HAL_Driver\Src\stm32f4xx_hal_uart.c 0x00000000   Number         0  stm32f4xx_hal_uart.o ABSOLUTE
    ..\Drivers\STM32F4xx_HAL_Driver\Src\stm32f4xx_ll_fsmc.c 0x00000000   Number         0  stm32f4xx_ll_fsmc.o ABSOLUTE
    ..\Src\ctiic.c                           0x00000000   Number         0  ctiic.o ABSOLUTE
    ..\Src\delay.c                           0x00000000   Number         0  delay.o ABSOLUTE
    ..\Src\fsmc.c                            0x00000000   Number         0  fsmc.o ABSOLUTE
    ..\Src\ft5206.c                          0x00000000   Number         0  ft5206.o ABSOLUTE
    ..\Src\gpio.c                            0x00000000   Number         0  gpio.o ABSOLUTE
    ..\Src\gt9xxx.c                          0x00000000   Number         0  gt9xxx.o ABSOLUTE
    ..\Src\i2c.c                             0x00000000   Number         0  i2c.o ABSOLUTE
    ..\Src\lcd.c                             0x00000000   Number         0  lcd.o ABSOLUTE
    ..\Src\main.c                            0x00000000   Number         0  main.o ABSOLUTE
    ..\Src\stm32f4xx_hal_msp.c               0x00000000   Number         0  stm32f4xx_hal_msp.o ABSOLUTE
    ..\Src\stm32f4xx_it.c                    0x00000000   Number         0  stm32f4xx_it.o ABSOLUTE
    ..\Src\system_stm32f4xx.c                0x00000000   Number         0  system_stm32f4xx.o ABSOLUTE
    ..\Src\touch.c                           0x00000000   Number         0  touch.o ABSOLUTE
    ..\Src\usart.c                           0x00000000   Number         0  usart.o ABSOLUTE
    ..\\Src\\ctiic.c                         0x00000000   Number         0  ctiic.o ABSOLUTE
    ..\\Src\\delay.c                         0x00000000   Number         0  delay.o ABSOLUTE
    ..\\Src\\ft5206.c                        0x00000000   Number         0  ft5206.o ABSOLUTE
    ..\\Src\\gt9xxx.c                        0x00000000   Number         0  gt9xxx.o ABSOLUTE
    ..\\Src\\lcd.c                           0x00000000   Number         0  lcd.o ABSOLUTE
    ..\\Src\\touch.c                         0x00000000   Number         0  touch.o ABSOLUTE
    cdcmple.s                                0x00000000   Number         0  cdcmple.o ABSOLUTE
    cdrcmple.s                               0x00000000   Number         0  cdrcmple.o ABSOLUTE
    dc.s                                     0x00000000   Number         0  dc.o ABSOLUTE
    handlers.s                               0x00000000   Number         0  handlers.o ABSOLUTE
    init.s                                   0x00000000   Number         0  init.o ABSOLUTE
    startup_stm32f407xx.s                    0x00000000   Number         0  startup_stm32f407xx.o ABSOLUTE
    RESET                                    0x08000000   Section      392  startup_stm32f407xx.o(RESET)
    .ARM.Collect$$$$00000000                 0x08000188   Section        0  entry.o(.ARM.Collect$$$$00000000)
    .ARM.Collect$$$$00000001                 0x08000188   Section        4  entry2.o(.ARM.Collect$$$$00000001)
    .ARM.Collect$$$$00000004                 0x0800018c   Section        4  entry5.o(.ARM.Collect$$$$00000004)
    .ARM.Collect$$$$00000008                 0x08000190   Section        0  entry7b.o(.ARM.Collect$$$$00000008)
    .ARM.Collect$$$$0000000A                 0x08000190   Section        0  entry8b.o(.ARM.Collect$$$$0000000A)
    .ARM.Collect$$$$0000000B                 0x08000190   Section        8  entry9a.o(.ARM.Collect$$$$0000000B)
    .ARM.Collect$$$$0000000D                 0x08000198   Section        0  entry10a.o(.ARM.Collect$$$$0000000D)
    .ARM.Collect$$$$0000000F                 0x08000198   Section        0  entry11a.o(.ARM.Collect$$$$0000000F)
    .ARM.Collect$$$$00002712                 0x08000198   Section        4  entry2.o(.ARM.Collect$$$$00002712)
    __lit__00000000                          0x08000198   Data           4  entry2.o(.ARM.Collect$$$$00002712)
    .text                                    0x0800019c   Section       36  startup_stm32f407xx.o(.text)
    $v0                                      0x0800019c   Number         0  startup_stm32f407xx.o(.text)
    .text                                    0x080001c0   Section        0  uldiv.o(.text)
    .text                                    0x08000222   Section        0  memseta.o(.text)
    .text                                    0x08000246   Section        0  strcmp.o(.text)
    .text                                    0x08000262   Section        0  dmul.o(.text)
    .text                                    0x08000346   Section        0  ddiv.o(.text)
    .text                                    0x08000424   Section        0  dflti.o(.text)
    .text                                    0x08000446   Section        0  dfltui.o(.text)
    .text                                    0x08000460   Section        0  dfixui.o(.text)
    .text                                    0x08000494   Section       48  cdcmple.o(.text)
    .text                                    0x080004c4   Section       48  cdrcmple.o(.text)
    .text                                    0x080004f4   Section        0  uidiv.o(.text)
    .text                                    0x08000520   Section        0  llshl.o(.text)
    .text                                    0x0800053e   Section        0  llushr.o(.text)
    .text                                    0x0800055e   Section        0  depilogue.o(.text)
    .text                                    0x0800055e   Section        0  iusefp.o(.text)
    .text                                    0x08000618   Section        0  dadd.o(.text)
    .text                                    0x08000766   Section        0  dfixul.o(.text)
    .text                                    0x08000798   Section       36  init.o(.text)
    .text                                    0x080007bc   Section        0  llsshr.o(.text)
    i.BusFault_Handler                       0x080007e0   Section        0  stm32f4xx_it.o(i.BusFault_Handler)
    i.DebugMon_Handler                       0x080007e2   Section        0  stm32f4xx_it.o(i.DebugMon_Handler)
    i.EXTI2_IRQHandler                       0x080007e4   Section        0  stm32f4xx_it.o(i.EXTI2_IRQHandler)
    i.EXTI3_IRQHandler                       0x080007ea   Section        0  stm32f4xx_it.o(i.EXTI3_IRQHandler)
    i.EXTI4_IRQHandler                       0x080007f0   Section        0  stm32f4xx_it.o(i.EXTI4_IRQHandler)
    i.Eeprom_Read                            0x080007f8   Section        0  i2c.o(i.Eeprom_Read)
    i.Eeprom_Write                           0x08000820   Section        0  i2c.o(i.Eeprom_Write)
    i.Error_Handler                          0x08000860   Section        0  main.o(i.Error_Handler)
    i.FSMC_NORSRAM_Extended_Timing_Init      0x08000864   Section        0  stm32f4xx_ll_fsmc.o(i.FSMC_NORSRAM_Extended_Timing_Init)
    i.FSMC_NORSRAM_Init                      0x080008a4   Section        0  stm32f4xx_ll_fsmc.o(i.FSMC_NORSRAM_Init)
    i.FSMC_NORSRAM_Timing_Init               0x080008f8   Section        0  stm32f4xx_ll_fsmc.o(i.FSMC_NORSRAM_Timing_Init)
    i.HAL_Delay                              0x0800093c   Section        0  delay.o(i.HAL_Delay)
    i.HAL_FSMC_MspInit                       0x08000944   Section        0  fsmc.o(i.HAL_FSMC_MspInit)
    HAL_FSMC_MspInit                         0x08000945   Thumb Code   140  fsmc.o(i.HAL_FSMC_MspInit)
    i.HAL_GPIO_EXTI_Callback                 0x080009e4   Section        0  stm32f4xx_hal_gpio.o(i.HAL_GPIO_EXTI_Callback)
    i.HAL_GPIO_EXTI_IRQHandler               0x080009e8   Section        0  stm32f4xx_hal_gpio.o(i.HAL_GPIO_EXTI_IRQHandler)
    i.HAL_GPIO_Init                          0x08000a00   Section        0  stm32f4xx_hal_gpio.o(i.HAL_GPIO_Init)
    i.HAL_GPIO_ReadPin                       0x08000bec   Section        0  stm32f4xx_hal_gpio.o(i.HAL_GPIO_ReadPin)
    i.HAL_GPIO_TogglePin                     0x08000bf6   Section        0  stm32f4xx_hal_gpio.o(i.HAL_GPIO_TogglePin)
    i.HAL_GPIO_WritePin                      0x08000c06   Section        0  stm32f4xx_hal_gpio.o(i.HAL_GPIO_WritePin)
    i.HAL_GetTick                            0x08000c10   Section        0  stm32f4xx_hal.o(i.HAL_GetTick)
    i.HAL_I2C_Init                           0x08000c1c   Section        0  stm32f4xx_hal_i2c.o(i.HAL_I2C_Init)
    i.HAL_I2C_Mem_Read                       0x08000da4   Section        0  stm32f4xx_hal_i2c.o(i.HAL_I2C_Mem_Read)
    i.HAL_I2C_Mem_Write                      0x08000f9c   Section        0  stm32f4xx_hal_i2c.o(i.HAL_I2C_Mem_Write)
    i.HAL_I2C_MspInit                        0x080010cc   Section        0  i2c.o(i.HAL_I2C_MspInit)
    i.HAL_IncTick                            0x08001134   Section        0  stm32f4xx_hal.o(i.HAL_IncTick)
    i.HAL_Init                               0x08001144   Section        0  stm32f4xx_hal.o(i.HAL_Init)
    i.HAL_InitTick                           0x08001178   Section        0  stm32f4xx_hal.o(i.HAL_InitTick)
    i.HAL_MspInit                            0x080011b8   Section        0  stm32f4xx_hal_msp.o(i.HAL_MspInit)
    i.HAL_NVIC_EnableIRQ                     0x080011ec   Section        0  stm32f4xx_hal_cortex.o(i.HAL_NVIC_EnableIRQ)
    i.HAL_NVIC_SetPriority                   0x08001208   Section        0  stm32f4xx_hal_cortex.o(i.HAL_NVIC_SetPriority)
    i.HAL_NVIC_SetPriorityGrouping           0x08001248   Section        0  stm32f4xx_hal_cortex.o(i.HAL_NVIC_SetPriorityGrouping)
    i.HAL_RCC_ClockConfig                    0x0800126c   Section        0  stm32f4xx_hal_rcc.o(i.HAL_RCC_ClockConfig)
    i.HAL_RCC_GetPCLK1Freq                   0x080013a0   Section        0  stm32f4xx_hal_rcc.o(i.HAL_RCC_GetPCLK1Freq)
    i.HAL_RCC_GetPCLK2Freq                   0x080013c0   Section        0  stm32f4xx_hal_rcc.o(i.HAL_RCC_GetPCLK2Freq)
    i.HAL_RCC_GetSysClockFreq                0x080013e0   Section        0  stm32f4xx_hal_rcc.o(i.HAL_RCC_GetSysClockFreq)
    i.HAL_RCC_OscConfig                      0x08001440   Section        0  stm32f4xx_hal_rcc.o(i.HAL_RCC_OscConfig)
    i.HAL_SRAM_Init                          0x080017ac   Section        0  stm32f4xx_hal_sram.o(i.HAL_SRAM_Init)
    i.HAL_SRAM_MspInit                       0x08001802   Section        0  fsmc.o(i.HAL_SRAM_MspInit)
    i.HAL_SYSTICK_Config                     0x08001806   Section        0  stm32f4xx_hal_cortex.o(i.HAL_SYSTICK_Config)
    i.HAL_UART_Init                          0x0800182e   Section        0  stm32f4xx_hal_uart.o(i.HAL_UART_Init)
    i.HAL_UART_MspInit                       0x08001890   Section        0  usart.o(i.HAL_UART_MspInit)
    i.HardFault_Handler                      0x080018f8   Section        0  stm32f4xx_it.o(i.HardFault_Handler)
    i.I2C_IsAcknowledgeFailed                0x080018fa   Section        0  stm32f4xx_hal_i2c.o(i.I2C_IsAcknowledgeFailed)
    I2C_IsAcknowledgeFailed                  0x080018fb   Thumb Code    46  stm32f4xx_hal_i2c.o(i.I2C_IsAcknowledgeFailed)
    i.I2C_RequestMemoryRead                  0x08001928   Section        0  stm32f4xx_hal_i2c.o(i.I2C_RequestMemoryRead)
    I2C_RequestMemoryRead                    0x08001929   Thumb Code   246  stm32f4xx_hal_i2c.o(i.I2C_RequestMemoryRead)
    i.I2C_RequestMemoryWrite                 0x08001a24   Section        0  stm32f4xx_hal_i2c.o(i.I2C_RequestMemoryWrite)
    I2C_RequestMemoryWrite                   0x08001a25   Thumb Code   162  stm32f4xx_hal_i2c.o(i.I2C_RequestMemoryWrite)
    i.I2C_WaitOnBTFFlagUntilTimeout          0x08001acc   Section        0  stm32f4xx_hal_i2c.o(i.I2C_WaitOnBTFFlagUntilTimeout)
    I2C_WaitOnBTFFlagUntilTimeout            0x08001acd   Thumb Code    76  stm32f4xx_hal_i2c.o(i.I2C_WaitOnBTFFlagUntilTimeout)
    i.I2C_WaitOnFlagUntilTimeout             0x08001b18   Section        0  stm32f4xx_hal_i2c.o(i.I2C_WaitOnFlagUntilTimeout)
    I2C_WaitOnFlagUntilTimeout               0x08001b19   Thumb Code   104  stm32f4xx_hal_i2c.o(i.I2C_WaitOnFlagUntilTimeout)
    i.I2C_WaitOnMasterAddressFlagUntilTimeout 0x08001b80   Section        0  stm32f4xx_hal_i2c.o(i.I2C_WaitOnMasterAddressFlagUntilTimeout)
    I2C_WaitOnMasterAddressFlagUntilTimeout  0x08001b81   Thumb Code   150  stm32f4xx_hal_i2c.o(i.I2C_WaitOnMasterAddressFlagUntilTimeout)
    i.I2C_WaitOnRXNEFlagUntilTimeout         0x08001c16   Section        0  stm32f4xx_hal_i2c.o(i.I2C_WaitOnRXNEFlagUntilTimeout)
    I2C_WaitOnRXNEFlagUntilTimeout           0x08001c17   Thumb Code   102  stm32f4xx_hal_i2c.o(i.I2C_WaitOnRXNEFlagUntilTimeout)
    i.I2C_WaitOnTXEFlagUntilTimeout          0x08001c7c   Section        0  stm32f4xx_hal_i2c.o(i.I2C_WaitOnTXEFlagUntilTimeout)
    I2C_WaitOnTXEFlagUntilTimeout            0x08001c7d   Thumb Code    76  stm32f4xx_hal_i2c.o(i.I2C_WaitOnTXEFlagUntilTimeout)
    i.MX_FSMC_Init                           0x08001cc8   Section        0  fsmc.o(i.MX_FSMC_Init)
    i.MX_GPIO_Init                           0x08001d54   Section        0  gpio.o(i.MX_GPIO_Init)
    i.MX_I2C2_Init                           0x08001ecc   Section        0  i2c.o(i.MX_I2C2_Init)
    i.MX_USART1_UART_Init                    0x08001f0c   Section        0  usart.o(i.MX_USART1_UART_Init)
    i.MemManage_Handler                      0x08001f44   Section        0  stm32f4xx_it.o(i.MemManage_Handler)
    i.NMI_Handler                            0x08001f46   Section        0  stm32f4xx_it.o(i.NMI_Handler)
    i.PendSV_Handler                         0x08001f48   Section        0  stm32f4xx_it.o(i.PendSV_Handler)
    i.SVC_Handler                            0x08001f4a   Section        0  stm32f4xx_it.o(i.SVC_Handler)
    i.SysTick_Handler                        0x08001f4c   Section        0  stm32f4xx_it.o(i.SysTick_Handler)
    i.SystemClock_Config                     0x08001f50   Section        0  main.o(i.SystemClock_Config)
    i.SystemInit                             0x08001fd8   Section        0  system_stm32f4xx.o(i.SystemInit)
    i.UART_SetConfig                         0x08001fe8   Section        0  stm32f4xx_hal_uart.o(i.UART_SetConfig)
    UART_SetConfig                           0x08001fe9   Thumb Code   258  stm32f4xx_hal_uart.o(i.UART_SetConfig)
    i.UsageFault_Handler                     0x080020f4   Section        0  stm32f4xx_it.o(i.UsageFault_Handler)
    i.__0printf                              0x080020f8   Section        0  printfa.o(i.__0printf)
    i.__0sprintf                             0x08002118   Section        0  printfa.o(i.__0sprintf)
    i.__NVIC_SetPriority                     0x08002140   Section        0  stm32f4xx_hal_cortex.o(i.__NVIC_SetPriority)
    __NVIC_SetPriority                       0x08002141   Thumb Code    32  stm32f4xx_hal_cortex.o(i.__NVIC_SetPriority)
    i.__scatterload_copy                     0x08002160   Section       14  handlers.o(i.__scatterload_copy)
    i.__scatterload_null                     0x0800216e   Section        2  handlers.o(i.__scatterload_null)
    i.__scatterload_zeroinit                 0x08002170   Section       14  handlers.o(i.__scatterload_zeroinit)
    i._fp_digits                             0x08002180   Section        0  printfa.o(i._fp_digits)
    _fp_digits                               0x08002181   Thumb Code   366  printfa.o(i._fp_digits)
    i._printf_core                           0x08002304   Section        0  printfa.o(i._printf_core)
    _printf_core                             0x08002305   Thumb Code  1744  printfa.o(i._printf_core)
    i._printf_post_padding                   0x080029e0   Section        0  printfa.o(i._printf_post_padding)
    _printf_post_padding                     0x080029e1   Thumb Code    36  printfa.o(i._printf_post_padding)
    i._printf_pre_padding                    0x08002a04   Section        0  printfa.o(i._printf_pre_padding)
    _printf_pre_padding                      0x08002a05   Thumb Code    46  printfa.o(i._printf_pre_padding)
    i._sputc                                 0x08002a32   Section        0  printfa.o(i._sputc)
    _sputc                                   0x08002a33   Thumb Code    10  printfa.o(i._sputc)
    i.ct_iic_ack                             0x08002a3c   Section        0  ctiic.o(i.ct_iic_ack)
    i.ct_iic_init                            0x08002a8c   Section        0  ctiic.o(i.ct_iic_init)
    i.ct_iic_nack                            0x08002a90   Section        0  ctiic.o(i.ct_iic_nack)
    i.ct_iic_read_byte                       0x08002acc   Section        0  ctiic.o(i.ct_iic_read_byte)
    i.ct_iic_send_byte                       0x08002b2c   Section        0  ctiic.o(i.ct_iic_send_byte)
    i.ct_iic_start                           0x08002b8c   Section        0  ctiic.o(i.ct_iic_start)
    i.ct_iic_stop                            0x08002bd4   Section        0  ctiic.o(i.ct_iic_stop)
    i.ct_iic_wait_ack                        0x08002c14   Section        0  ctiic.o(i.ct_iic_wait_ack)
    i.ctp_test                               0x08002c78   Section        0  main.o(i.ctp_test)
    i.delay_init                             0x08002d70   Section        0  delay.o(i.delay_init)
    i.delay_ms                               0x08002d7c   Section        0  delay.o(i.delay_ms)
    i.delay_us                               0x08002d88   Section        0  delay.o(i.delay_us)
    i.fputc                                  0x08002dbc   Section        0  usart.o(i.fputc)
    i.ft5206_init                            0x08002dd0   Section        0  ft5206.o(i.ft5206_init)
    i.ft5206_rd_reg                          0x08002f08   Section        0  ft5206.o(i.ft5206_rd_reg)
    i.ft5206_scan                            0x08002f60   Section        0  ft5206.o(i.ft5206_scan)
    i.ft5206_wr_reg                          0x080030a8   Section        0  ft5206.o(i.ft5206_wr_reg)
    i.gt9xxx_init                            0x080030f0   Section        0  gt9xxx.o(i.gt9xxx_init)
    i.gt9xxx_rd_reg                          0x0800320c   Section        0  gt9xxx.o(i.gt9xxx_rd_reg)
    i.gt9xxx_scan                            0x0800326c   Section        0  gt9xxx.o(i.gt9xxx_scan)
    i.gt9xxx_wr_reg                          0x08003450   Section        0  gt9xxx.o(i.gt9xxx_wr_reg)
    i.key_scan                               0x080034a4   Section        0  main.o(i.key_scan)
    i.lcd_clear                              0x08003540   Section        0  lcd.o(i.lcd_clear)
    i.lcd_display_dir                        0x08003570   Section        0  lcd.o(i.lcd_display_dir)
    i.lcd_draw_bline                         0x0800365c   Section        0  main.o(i.lcd_draw_bline)
    i.lcd_draw_circle                        0x08003712   Section        0  lcd.o(i.lcd_draw_circle)
    i.lcd_draw_hline                         0x080037d8   Section        0  lcd.o(i.lcd_draw_hline)
    i.lcd_draw_line                          0x08003800   Section        0  lcd.o(i.lcd_draw_line)
    i.lcd_draw_point                         0x0800389c   Section        0  lcd.o(i.lcd_draw_point)
    i.lcd_ex_ili9341_reginit                 0x080038b4   Section        0  lcd.o(i.lcd_ex_ili9341_reginit)
    i.lcd_ex_ili9806_reginit                 0x08003ae2   Section        0  lcd.o(i.lcd_ex_ili9806_reginit)
    i.lcd_ex_nt35310_reginit                 0x08003e24   Section        0  lcd.o(i.lcd_ex_nt35310_reginit)
    i.lcd_ex_nt35510_reginit                 0x08004d18   Section        0  lcd.o(i.lcd_ex_nt35510_reginit)
    i.lcd_ex_ssd1963_reginit                 0x08005c12   Section        0  lcd.o(i.lcd_ex_ssd1963_reginit)
    i.lcd_ex_st7789_reginit                  0x08005d82   Section        0  lcd.o(i.lcd_ex_st7789_reginit)
    i.lcd_ex_st7796_reginit                  0x08005f2c   Section        0  lcd.o(i.lcd_ex_st7796_reginit)
    i.lcd_fill                               0x080060f4   Section        0  lcd.o(i.lcd_fill)
    i.lcd_fill_circle                        0x0800613c   Section        0  lcd.o(i.lcd_fill_circle)
    i.lcd_init                               0x080061f4   Section        0  lcd.o(i.lcd_init)
    i.lcd_rd_data                            0x080064a0   Section        0  lcd.o(i.lcd_rd_data)
    lcd_rd_data                              0x080064a1   Thumb Code    22  lcd.o(i.lcd_rd_data)
    i.lcd_scan_dir                           0x080064bc   Section        0  lcd.o(i.lcd_scan_dir)
    i.lcd_set_cursor                         0x08006640   Section        0  lcd.o(i.lcd_set_cursor)
    i.lcd_show_char                          0x08006734   Section        0  lcd.o(i.lcd_show_char)
    i.lcd_show_string                        0x08006810   Section        0  lcd.o(i.lcd_show_string)
    i.lcd_ssd_backlight_set                  0x08006868   Section        0  lcd.o(i.lcd_ssd_backlight_set)
    i.lcd_wr_data                            0x080068b8   Section        0  lcd.o(i.lcd_wr_data)
    i.lcd_wr_regno                           0x080068d0   Section        0  lcd.o(i.lcd_wr_regno)
    i.lcd_write_ram_prepare                  0x080068e8   Section        0  lcd.o(i.lcd_write_ram_prepare)
    i.lcd_write_reg                          0x080068fc   Section        0  lcd.o(i.lcd_write_reg)
    i.load_draw_dialog                       0x0800690c   Section        0  main.o(i.load_draw_dialog)
    i.main                                   0x0800693c   Section        0  main.o(i.main)
    i.rtp_test                               0x08006ae4   Section        0  main.o(i.rtp_test)
    i.tp_adjust                              0x08006b78   Section        0  touch.o(i.tp_adjust)
    i.tp_adjust_info_show                    0x08006ed4   Section        0  touch.o(i.tp_adjust_info_show)
    tp_adjust_info_show                      0x08006ed5   Thumb Code   254  touch.o(i.tp_adjust_info_show)
    i.tp_draw_big_point                      0x08007000   Section        0  touch.o(i.tp_draw_big_point)
    i.tp_draw_touch_point                    0x08007034   Section        0  touch.o(i.tp_draw_touch_point)
    tp_draw_touch_point                      0x08007035   Thumb Code   126  touch.o(i.tp_draw_touch_point)
    i.tp_get_adjust_data                     0x080070b4   Section        0  touch.o(i.tp_get_adjust_data)
    i.tp_init                                0x080070c8   Section        0  touch.o(i.tp_init)
    i.tp_read_ad                             0x0800739c   Section        0  touch.o(i.tp_read_ad)
    tp_read_ad                               0x0800739d   Thumb Code   242  touch.o(i.tp_read_ad)
    i.tp_read_xoy                            0x0800749c   Section        0  touch.o(i.tp_read_xoy)
    tp_read_xoy                              0x0800749d   Thumb Code   100  touch.o(i.tp_read_xoy)
    i.tp_read_xy                             0x08007500   Section        0  touch.o(i.tp_read_xy)
    tp_read_xy                               0x08007501   Thumb Code    48  touch.o(i.tp_read_xy)
    i.tp_read_xy2                            0x08007534   Section        0  touch.o(i.tp_read_xy2)
    tp_read_xy2                              0x08007535   Thumb Code   114  touch.o(i.tp_read_xy2)
    i.tp_save_adjust_data                    0x080075a8   Section        0  touch.o(i.tp_save_adjust_data)
    i.tp_scan                                0x080075b8   Section        0  touch.o(i.tp_scan)
    tp_scan                                  0x080075b9   Thumb Code   198  touch.o(i.tp_scan)
    .constdata                               0x0800768c   Section    12160  lcd.o(.constdata)
    .constdata                               0x0800a60c   Section       20  main.o(.constdata)
    .constdata                               0x0800a620   Section       10  ft5206.o(.constdata)
    .constdata                               0x0800a62a   Section       20  gt9xxx.o(.constdata)
    .constdata                               0x0800a640   Section        4  touch.o(.constdata)
    .constdata                               0x0800a644   Section       16  system_stm32f4xx.o(.constdata)
    .constdata                               0x0800a654   Section        8  system_stm32f4xx.o(.constdata)
    .conststring                             0x0800a65c   Section      121  touch.o(.conststring)
    .data                                    0x20000000   Section        4  lcd.o(.data)
    .data                                    0x20000004   Section        4  delay.o(.data)
    g_fac_us                                 0x20000004   Data           4  delay.o(.data)
    .data                                    0x20000008   Section       25  main.o(.data)
    key_up                                   0x20000008   Data           1  main.o(.data)
    .data                                    0x20000024   Section        8  fsmc.o(.data)
    FSMC_Initialized                         0x20000024   Data           4  fsmc.o(.data)
    FSMC_DeInitialized                       0x20000028   Data           4  fsmc.o(.data)
    .data                                    0x2000002c   Section        1  ft5206.o(.data)
    t                                        0x2000002c   Data           1  ft5206.o(.data)
    .data                                    0x2000002d   Section        2  gt9xxx.o(.data)
    t                                        0x2000002e   Data           1  gt9xxx.o(.data)
    .data                                    0x20000030   Section       72  touch.o(.data)
    .data                                    0x20000078   Section       12  stm32f4xx_hal.o(.data)
    .data                                    0x20000084   Section        4  system_stm32f4xx.o(.data)
    .data                                    0x20000088   Section        4  stdout.o(.data)
    .bss                                     0x2000008c   Section       14  lcd.o(.bss)
    .bss                                     0x2000009a   Section       36  main.o(.bss)
    .bss                                     0x200000c0   Section       80  fsmc.o(.bss)
    .bss                                     0x20000110   Section       84  i2c.o(.bss)
    .bss                                     0x20000164   Section       68  usart.o(.bss)
    STACK                                    0x200001a8   Section     1024  startup_stm32f407xx.o(STACK)

    Global Symbols

    Symbol Name                              Value     Ov Type        Size  Object(Section)

    BuildAttributes$$THM_ISAv4$E$P$D$K$B$S$7EM$VFPi3$EXTD16$VFPS$VFMA$PE$A:L22UL41UL21$X:L11$S22US41US21$IEEE1$IW$USESV6$~STKCKD$USESV7$~SHL$OSPACE$ROPI$EBA8$MICROLIB$REQ8$PRES8$EABIv2 0x00000000   Number         0  anon$$obj.o ABSOLUTE
    __ARM_use_no_argv                        0x00000000   Number         0  main.o ABSOLUTE
    _printf_a                                0x00000000   Number         0  stubs.o ABSOLUTE
    _printf_c                                0x00000000   Number         0  stubs.o ABSOLUTE
    _printf_charcount                        0x00000000   Number         0  stubs.o ABSOLUTE
    _printf_d                                0x00000000   Number         0  stubs.o ABSOLUTE
    _printf_e                                0x00000000   Number         0  stubs.o ABSOLUTE
    _printf_f                                0x00000000   Number         0  stubs.o ABSOLUTE
    _printf_flags                            0x00000000   Number         0  stubs.o ABSOLUTE
    _printf_fp_dec                           0x00000000   Number         0  stubs.o ABSOLUTE
    _printf_fp_hex                           0x00000000   Number         0  stubs.o ABSOLUTE
    _printf_g                                0x00000000   Number         0  stubs.o ABSOLUTE
    _printf_i                                0x00000000   Number         0  stubs.o ABSOLUTE
    _printf_int_dec                          0x00000000   Number         0  stubs.o ABSOLUTE
    _printf_l                                0x00000000   Number         0  stubs.o ABSOLUTE
    _printf_lc                               0x00000000   Number         0  stubs.o ABSOLUTE
    _printf_ll                               0x00000000   Number         0  stubs.o ABSOLUTE
    _printf_lld                              0x00000000   Number         0  stubs.o ABSOLUTE
    _printf_lli                              0x00000000   Number         0  stubs.o ABSOLUTE
    _printf_llo                              0x00000000   Number         0  stubs.o ABSOLUTE
    _printf_llu                              0x00000000   Number         0  stubs.o ABSOLUTE
    _printf_llx                              0x00000000   Number         0  stubs.o ABSOLUTE
    _printf_longlong_dec                     0x00000000   Number         0  stubs.o ABSOLUTE
    _printf_longlong_hex                     0x00000000   Number         0  stubs.o ABSOLUTE
    _printf_longlong_oct                     0x00000000   Number         0  stubs.o ABSOLUTE
    _printf_ls                               0x00000000   Number         0  stubs.o ABSOLUTE
    _printf_mbtowc                           0x00000000   Number         0  stubs.o ABSOLUTE
    _printf_n                                0x00000000   Number         0  stubs.o ABSOLUTE
    _printf_o                                0x00000000   Number         0  stubs.o ABSOLUTE
    _printf_p                                0x00000000   Number         0  stubs.o ABSOLUTE
    _printf_percent                          0x00000000   Number         0  stubs.o ABSOLUTE
    _printf_pre_padding                      0x00000000   Number         0  stubs.o ABSOLUTE
    _printf_return_value                     0x00000000   Number         0  stubs.o ABSOLUTE
    _printf_s                                0x00000000   Number         0  stubs.o ABSOLUTE
    _printf_sizespec                         0x00000000   Number         0  stubs.o ABSOLUTE
    _printf_str                              0x00000000   Number         0  stubs.o ABSOLUTE
    _printf_truncate_signed                  0x00000000   Number         0  stubs.o ABSOLUTE
    _printf_truncate_unsigned                0x00000000   Number         0  stubs.o ABSOLUTE
    _printf_u                                0x00000000   Number         0  stubs.o ABSOLUTE
    _printf_wc                               0x00000000   Number         0  stubs.o ABSOLUTE
    _printf_wctomb                           0x00000000   Number         0  stubs.o ABSOLUTE
    _printf_widthprec                        0x00000000   Number         0  stubs.o ABSOLUTE
    _printf_x                                0x00000000   Number         0  stubs.o ABSOLUTE
    __cpp_initialize__aeabi_                  - Undefined Weak Reference
    __cxa_finalize                            - Undefined Weak Reference
    __decompress                              - Undefined Weak Reference
    _clock_init                               - Undefined Weak Reference
    _microlib_exit                            - Undefined Weak Reference
    __Vectors_Size                           0x00000188   Number         0  startup_stm32f407xx.o ABSOLUTE
    __Vectors                                0x08000000   Data           4  startup_stm32f407xx.o(RESET)
    __Vectors_End                            0x08000188   Data           0  startup_stm32f407xx.o(RESET)
    __main                                   0x08000189   Thumb Code     0  entry.o(.ARM.Collect$$$$00000000)
    _main_stk                                0x08000189   Thumb Code     0  entry2.o(.ARM.Collect$$$$00000001)
    _main_scatterload                        0x0800018d   Thumb Code     0  entry5.o(.ARM.Collect$$$$00000004)
    __main_after_scatterload                 0x08000191   Thumb Code     0  entry5.o(.ARM.Collect$$$$00000004)
    _main_clock                              0x08000191   Thumb Code     0  entry7b.o(.ARM.Collect$$$$00000008)
    _main_cpp_init                           0x08000191   Thumb Code     0  entry8b.o(.ARM.Collect$$$$0000000A)
    _main_init                               0x08000191   Thumb Code     0  entry9a.o(.ARM.Collect$$$$0000000B)
    __rt_final_cpp                           0x08000199   Thumb Code     0  entry10a.o(.ARM.Collect$$$$0000000D)
    __rt_final_exit                          0x08000199   Thumb Code     0  entry11a.o(.ARM.Collect$$$$0000000F)
    Reset_Handler                            0x0800019d   Thumb Code     8  startup_stm32f407xx.o(.text)
    ADC_IRQHandler                           0x080001b7   Thumb Code     0  startup_stm32f407xx.o(.text)
    CAN1_RX0_IRQHandler                      0x080001b7   Thumb Code     0  startup_stm32f407xx.o(.text)
    CAN1_RX1_IRQHandler                      0x080001b7   Thumb Code     0  startup_stm32f407xx.o(.text)
    CAN1_SCE_IRQHandler                      0x080001b7   Thumb Code     0  startup_stm32f407xx.o(.text)
    CAN1_TX_IRQHandler                       0x080001b7   Thumb Code     0  startup_stm32f407xx.o(.text)
    CAN2_RX0_IRQHandler                      0x080001b7   Thumb Code     0  startup_stm32f407xx.o(.text)
    CAN2_RX1_IRQHandler                      0x080001b7   Thumb Code     0  startup_stm32f407xx.o(.text)
    CAN2_SCE_IRQHandler                      0x080001b7   Thumb Code     0  startup_stm32f407xx.o(.text)
    CAN2_TX_IRQHandler                       0x080001b7   Thumb Code     0  startup_stm32f407xx.o(.text)
    DCMI_IRQHandler                          0x080001b7   Thumb Code     0  startup_stm32f407xx.o(.text)
    DMA1_Stream0_IRQHandler                  0x080001b7   Thumb Code     0  startup_stm32f407xx.o(.text)
    DMA1_Stream1_IRQHandler                  0x080001b7   Thumb Code     0  startup_stm32f407xx.o(.text)
    DMA1_Stream2_IRQHandler                  0x080001b7   Thumb Code     0  startup_stm32f407xx.o(.text)
    DMA1_Stream3_IRQHandler                  0x080001b7   Thumb Code     0  startup_stm32f407xx.o(.text)
    DMA1_Stream4_IRQHandler                  0x080001b7   Thumb Code     0  startup_stm32f407xx.o(.text)
    DMA1_Stream5_IRQHandler                  0x080001b7   Thumb Code     0  startup_stm32f407xx.o(.text)
    DMA1_Stream6_IRQHandler                  0x080001b7   Thumb Code     0  startup_stm32f407xx.o(.text)
    DMA1_Stream7_IRQHandler                  0x080001b7   Thumb Code     0  startup_stm32f407xx.o(.text)
    DMA2_Stream0_IRQHandler                  0x080001b7   Thumb Code     0  startup_stm32f407xx.o(.text)
    DMA2_Stream1_IRQHandler                  0x080001b7   Thumb Code     0  startup_stm32f407xx.o(.text)
    DMA2_Stream2_IRQHandler                  0x080001b7   Thumb Code     0  startup_stm32f407xx.o(.text)
    DMA2_Stream3_IRQHandler                  0x080001b7   Thumb Code     0  startup_stm32f407xx.o(.text)
    DMA2_Stream4_IRQHandler                  0x080001b7   Thumb Code     0  startup_stm32f407xx.o(.text)
    DMA2_Stream5_IRQHandler                  0x080001b7   Thumb Code     0  startup_stm32f407xx.o(.text)
    DMA2_Stream6_IRQHandler                  0x080001b7   Thumb Code     0  startup_stm32f407xx.o(.text)
    DMA2_Stream7_IRQHandler                  0x080001b7   Thumb Code     0  startup_stm32f407xx.o(.text)
    ETH_IRQHandler                           0x080001b7   Thumb Code     0  startup_stm32f407xx.o(.text)
    ETH_WKUP_IRQHandler                      0x080001b7   Thumb Code     0  startup_stm32f407xx.o(.text)
    EXTI0_IRQHandler                         0x080001b7   Thumb Code     0  startup_stm32f407xx.o(.text)
    EXTI15_10_IRQHandler                     0x080001b7   Thumb Code     0  startup_stm32f407xx.o(.text)
    EXTI1_IRQHandler                         0x080001b7   Thumb Code     0  startup_stm32f407xx.o(.text)
    EXTI9_5_IRQHandler                       0x080001b7   Thumb Code     0  startup_stm32f407xx.o(.text)
    FLASH_IRQHandler                         0x080001b7   Thumb Code     0  startup_stm32f407xx.o(.text)
    FMC_IRQHandler                           0x080001b7   Thumb Code     0  startup_stm32f407xx.o(.text)
    FPU_IRQHandler                           0x080001b7   Thumb Code     0  startup_stm32f407xx.o(.text)
    HASH_RNG_IRQHandler                      0x080001b7   Thumb Code     0  startup_stm32f407xx.o(.text)
    I2C1_ER_IRQHandler                       0x080001b7   Thumb Code     0  startup_stm32f407xx.o(.text)
    I2C1_EV_IRQHandler                       0x080001b7   Thumb Code     0  startup_stm32f407xx.o(.text)
    I2C2_ER_IRQHandler                       0x080001b7   Thumb Code     0  startup_stm32f407xx.o(.text)
    I2C2_EV_IRQHandler                       0x080001b7   Thumb Code     0  startup_stm32f407xx.o(.text)
    I2C3_ER_IRQHandler                       0x080001b7   Thumb Code     0  startup_stm32f407xx.o(.text)
    I2C3_EV_IRQHandler                       0x080001b7   Thumb Code     0  startup_stm32f407xx.o(.text)
    OTG_FS_IRQHandler                        0x080001b7   Thumb Code     0  startup_stm32f407xx.o(.text)
    OTG_FS_WKUP_IRQHandler                   0x080001b7   Thumb Code     0  startup_stm32f407xx.o(.text)
    OTG_HS_EP1_IN_IRQHandler                 0x080001b7   Thumb Code     0  startup_stm32f407xx.o(.text)
    OTG_HS_EP1_OUT_IRQHandler                0x080001b7   Thumb Code     0  startup_stm32f407xx.o(.text)
    OTG_HS_IRQHandler                        0x080001b7   Thumb Code     0  startup_stm32f407xx.o(.text)
    OTG_HS_WKUP_IRQHandler                   0x080001b7   Thumb Code     0  startup_stm32f407xx.o(.text)
    PVD_IRQHandler                           0x080001b7   Thumb Code     0  startup_stm32f407xx.o(.text)
    RCC_IRQHandler                           0x080001b7   Thumb Code     0  startup_stm32f407xx.o(.text)
    RTC_Alarm_IRQHandler                     0x080001b7   Thumb Code     0  startup_stm32f407xx.o(.text)
    RTC_WKUP_IRQHandler                      0x080001b7   Thumb Code     0  startup_stm32f407xx.o(.text)
    SDIO_IRQHandler                          0x080001b7   Thumb Code     0  startup_stm32f407xx.o(.text)
    SPI1_IRQHandler                          0x080001b7   Thumb Code     0  startup_stm32f407xx.o(.text)
    SPI2_IRQHandler                          0x080001b7   Thumb Code     0  startup_stm32f407xx.o(.text)
    SPI3_IRQHandler                          0x080001b7   Thumb Code     0  startup_stm32f407xx.o(.text)
    TAMP_STAMP_IRQHandler                    0x080001b7   Thumb Code     0  startup_stm32f407xx.o(.text)
    TIM1_BRK_TIM9_IRQHandler                 0x080001b7   Thumb Code     0  startup_stm32f407xx.o(.text)
    TIM1_CC_IRQHandler                       0x080001b7   Thumb Code     0  startup_stm32f407xx.o(.text)
    TIM1_TRG_COM_TIM11_IRQHandler            0x080001b7   Thumb Code     0  startup_stm32f407xx.o(.text)
    TIM1_UP_TIM10_IRQHandler                 0x080001b7   Thumb Code     0  startup_stm32f407xx.o(.text)
    TIM2_IRQHandler                          0x080001b7   Thumb Code     0  startup_stm32f407xx.o(.text)
    TIM3_IRQHandler                          0x080001b7   Thumb Code     0  startup_stm32f407xx.o(.text)
    TIM4_IRQHandler                          0x080001b7   Thumb Code     0  startup_stm32f407xx.o(.text)
    TIM5_IRQHandler                          0x080001b7   Thumb Code     0  startup_stm32f407xx.o(.text)
    TIM6_DAC_IRQHandler                      0x080001b7   Thumb Code     0  startup_stm32f407xx.o(.text)
    TIM7_IRQHandler                          0x080001b7   Thumb Code     0  startup_stm32f407xx.o(.text)
    TIM8_BRK_TIM12_IRQHandler                0x080001b7   Thumb Code     0  startup_stm32f407xx.o(.text)
    TIM8_CC_IRQHandler                       0x080001b7   Thumb Code     0  startup_stm32f407xx.o(.text)
    TIM8_TRG_COM_TIM14_IRQHandler            0x080001b7   Thumb Code     0  startup_stm32f407xx.o(.text)
    TIM8_UP_TIM13_IRQHandler                 0x080001b7   Thumb Code     0  startup_stm32f407xx.o(.text)
    UART4_IRQHandler                         0x080001b7   Thumb Code     0  startup_stm32f407xx.o(.text)
    UART5_IRQHandler                         0x080001b7   Thumb Code     0  startup_stm32f407xx.o(.text)
    USART1_IRQHandler                        0x080001b7   Thumb Code     0  startup_stm32f407xx.o(.text)
    USART2_IRQHandler                        0x080001b7   Thumb Code     0  startup_stm32f407xx.o(.text)
    USART3_IRQHandler                        0x080001b7   Thumb Code     0  startup_stm32f407xx.o(.text)
    USART6_IRQHandler                        0x080001b7   Thumb Code     0  startup_stm32f407xx.o(.text)
    WWDG_IRQHandler                          0x080001b7   Thumb Code     0  startup_stm32f407xx.o(.text)
    __aeabi_uldivmod                         0x080001c1   Thumb Code    98  uldiv.o(.text)
    __aeabi_memset                           0x08000223   Thumb Code    14  memseta.o(.text)
    __aeabi_memset4                          0x08000223   Thumb Code     0  memseta.o(.text)
    __aeabi_memset8                          0x08000223   Thumb Code     0  memseta.o(.text)
    __aeabi_memclr                           0x08000231   Thumb Code     4  memseta.o(.text)
    __aeabi_memclr4                          0x08000231   Thumb Code     0  memseta.o(.text)
    __aeabi_memclr8                          0x08000231   Thumb Code     0  memseta.o(.text)
    _memset$wrapper                          0x08000235   Thumb Code    18  memseta.o(.text)
    strcmp                                   0x08000247   Thumb Code    28  strcmp.o(.text)
    __aeabi_dmul                             0x08000263   Thumb Code   228  dmul.o(.text)
    __aeabi_ddiv                             0x08000347   Thumb Code   222  ddiv.o(.text)
    __aeabi_i2d                              0x08000425   Thumb Code    34  dflti.o(.text)
    __aeabi_ui2d                             0x08000447   Thumb Code    26  dfltui.o(.text)
    __aeabi_d2uiz                            0x08000461   Thumb Code    50  dfixui.o(.text)
    __aeabi_cdcmpeq                          0x08000495   Thumb Code     0  cdcmple.o(.text)
    __aeabi_cdcmple                          0x08000495   Thumb Code    48  cdcmple.o(.text)
    __aeabi_cdrcmple                         0x080004c5   Thumb Code    48  cdrcmple.o(.text)
    __aeabi_uidiv                            0x080004f5   Thumb Code     0  uidiv.o(.text)
    __aeabi_uidivmod                         0x080004f5   Thumb Code    44  uidiv.o(.text)
    __aeabi_llsl                             0x08000521   Thumb Code    30  llshl.o(.text)
    _ll_shift_l                              0x08000521   Thumb Code     0  llshl.o(.text)
    __aeabi_llsr                             0x0800053f   Thumb Code    32  llushr.o(.text)
    _ll_ushift_r                             0x0800053f   Thumb Code     0  llushr.o(.text)
    __I$use$fp                               0x0800055f   Thumb Code     0  iusefp.o(.text)
    _double_round                            0x0800055f   Thumb Code    30  depilogue.o(.text)
    _double_epilogue                         0x0800057d   Thumb Code   156  depilogue.o(.text)
    __aeabi_dadd                             0x08000619   Thumb Code   322  dadd.o(.text)
    __aeabi_dsub                             0x0800075b   Thumb Code     6  dadd.o(.text)
    __aeabi_drsub                            0x08000761   Thumb Code     6  dadd.o(.text)
    __aeabi_d2ulz                            0x08000767   Thumb Code    48  dfixul.o(.text)
    __scatterload                            0x08000799   Thumb Code    28  init.o(.text)
    __scatterload_rt2                        0x08000799   Thumb Code     0  init.o(.text)
    __aeabi_lasr                             0x080007bd   Thumb Code    36  llsshr.o(.text)
    _ll_sshift_r                             0x080007bd   Thumb Code     0  llsshr.o(.text)
    BusFault_Handler                         0x080007e1   Thumb Code     2  stm32f4xx_it.o(i.BusFault_Handler)
    DebugMon_Handler                         0x080007e3   Thumb Code     2  stm32f4xx_it.o(i.DebugMon_Handler)
    EXTI2_IRQHandler                         0x080007e5   Thumb Code     6  stm32f4xx_it.o(i.EXTI2_IRQHandler)
    EXTI3_IRQHandler                         0x080007eb   Thumb Code     6  stm32f4xx_it.o(i.EXTI3_IRQHandler)
    EXTI4_IRQHandler                         0x080007f1   Thumb Code     6  stm32f4xx_it.o(i.EXTI4_IRQHandler)
    Eeprom_Read                              0x080007f9   Thumb Code    34  i2c.o(i.Eeprom_Read)
    Eeprom_Write                             0x08000821   Thumb Code    58  i2c.o(i.Eeprom_Write)
    Error_Handler                            0x08000861   Thumb Code     2  main.o(i.Error_Handler)
    FSMC_NORSRAM_Extended_Timing_Init        0x08000865   Thumb Code    60  stm32f4xx_ll_fsmc.o(i.FSMC_NORSRAM_Extended_Timing_Init)
    FSMC_NORSRAM_Init                        0x080008a5   Thumb Code    80  stm32f4xx_ll_fsmc.o(i.FSMC_NORSRAM_Init)
    FSMC_NORSRAM_Timing_Init                 0x080008f9   Thumb Code    64  stm32f4xx_ll_fsmc.o(i.FSMC_NORSRAM_Timing_Init)
    HAL_Delay                                0x0800093d   Thumb Code     6  delay.o(i.HAL_Delay)
    HAL_GPIO_EXTI_Callback                   0x080009e5   Thumb Code     2  stm32f4xx_hal_gpio.o(i.HAL_GPIO_EXTI_Callback)
    HAL_GPIO_EXTI_IRQHandler                 0x080009e9   Thumb Code    18  stm32f4xx_hal_gpio.o(i.HAL_GPIO_EXTI_IRQHandler)
    HAL_GPIO_Init                            0x08000a01   Thumb Code   448  stm32f4xx_hal_gpio.o(i.HAL_GPIO_Init)
    HAL_GPIO_ReadPin                         0x08000bed   Thumb Code    10  stm32f4xx_hal_gpio.o(i.HAL_GPIO_ReadPin)
    HAL_GPIO_TogglePin                       0x08000bf7   Thumb Code    16  stm32f4xx_hal_gpio.o(i.HAL_GPIO_TogglePin)
    HAL_GPIO_WritePin                        0x08000c07   Thumb Code    10  stm32f4xx_hal_gpio.o(i.HAL_GPIO_WritePin)
    HAL_GetTick                              0x08000c11   Thumb Code     6  stm32f4xx_hal.o(i.HAL_GetTick)
    HAL_I2C_Init                             0x08000c1d   Thumb Code   376  stm32f4xx_hal_i2c.o(i.HAL_I2C_Init)
    HAL_I2C_Mem_Read                         0x08000da5   Thumb Code   490  stm32f4xx_hal_i2c.o(i.HAL_I2C_Mem_Read)
    HAL_I2C_Mem_Write                        0x08000f9d   Thumb Code   294  stm32f4xx_hal_i2c.o(i.HAL_I2C_Mem_Write)
    HAL_I2C_MspInit                          0x080010cd   Thumb Code    92  i2c.o(i.HAL_I2C_MspInit)
    HAL_IncTick                              0x08001135   Thumb Code    12  stm32f4xx_hal.o(i.HAL_IncTick)
    HAL_Init                                 0x08001145   Thumb Code    48  stm32f4xx_hal.o(i.HAL_Init)
    HAL_InitTick                             0x08001179   Thumb Code    54  stm32f4xx_hal.o(i.HAL_InitTick)
    HAL_MspInit                              0x080011b9   Thumb Code    48  stm32f4xx_hal_msp.o(i.HAL_MspInit)
    HAL_NVIC_EnableIRQ                       0x080011ed   Thumb Code    26  stm32f4xx_hal_cortex.o(i.HAL_NVIC_EnableIRQ)
    HAL_NVIC_SetPriority                     0x08001209   Thumb Code    60  stm32f4xx_hal_cortex.o(i.HAL_NVIC_SetPriority)
    HAL_NVIC_SetPriorityGrouping             0x08001249   Thumb Code    26  stm32f4xx_hal_cortex.o(i.HAL_NVIC_SetPriorityGrouping)
    HAL_RCC_ClockConfig                      0x0800126d   Thumb Code   288  stm32f4xx_hal_rcc.o(i.HAL_RCC_ClockConfig)
    HAL_RCC_GetPCLK1Freq                     0x080013a1   Thumb Code    20  stm32f4xx_hal_rcc.o(i.HAL_RCC_GetPCLK1Freq)
    HAL_RCC_GetPCLK2Freq                     0x080013c1   Thumb Code    20  stm32f4xx_hal_rcc.o(i.HAL_RCC_GetPCLK2Freq)
    HAL_RCC_GetSysClockFreq                  0x080013e1   Thumb Code    88  stm32f4xx_hal_rcc.o(i.HAL_RCC_GetSysClockFreq)
    HAL_RCC_OscConfig                        0x08001441   Thumb Code   856  stm32f4xx_hal_rcc.o(i.HAL_RCC_OscConfig)
    HAL_SRAM_Init                            0x080017ad   Thumb Code    86  stm32f4xx_hal_sram.o(i.HAL_SRAM_Init)
    HAL_SRAM_MspInit                         0x08001803   Thumb Code     4  fsmc.o(i.HAL_SRAM_MspInit)
    HAL_SYSTICK_Config                       0x08001807   Thumb Code    40  stm32f4xx_hal_cortex.o(i.HAL_SYSTICK_Config)
    HAL_UART_Init                            0x0800182f   Thumb Code    98  stm32f4xx_hal_uart.o(i.HAL_UART_Init)
    HAL_UART_MspInit                         0x08001891   Thumb Code    92  usart.o(i.HAL_UART_MspInit)
    HardFault_Handler                        0x080018f9   Thumb Code     2  stm32f4xx_it.o(i.HardFault_Handler)
    MX_FSMC_Init                             0x08001cc9   Thumb Code   132  fsmc.o(i.MX_FSMC_Init)
    MX_GPIO_Init                             0x08001d55   Thumb Code   354  gpio.o(i.MX_GPIO_Init)
    MX_I2C2_Init                             0x08001ecd   Thumb Code    50  i2c.o(i.MX_I2C2_Init)
    MX_USART1_UART_Init                      0x08001f0d   Thumb Code    48  usart.o(i.MX_USART1_UART_Init)
    MemManage_Handler                        0x08001f45   Thumb Code     2  stm32f4xx_it.o(i.MemManage_Handler)
    NMI_Handler                              0x08001f47   Thumb Code     2  stm32f4xx_it.o(i.NMI_Handler)
    PendSV_Handler                           0x08001f49   Thumb Code     2  stm32f4xx_it.o(i.PendSV_Handler)
    SVC_Handler                              0x08001f4b   Thumb Code     2  stm32f4xx_it.o(i.SVC_Handler)
    SysTick_Handler                          0x08001f4d   Thumb Code     4  stm32f4xx_it.o(i.SysTick_Handler)
    SystemClock_Config                       0x08001f51   Thumb Code   126  main.o(i.SystemClock_Config)
    SystemInit                               0x08001fd9   Thumb Code    12  system_stm32f4xx.o(i.SystemInit)
    UsageFault_Handler                       0x080020f5   Thumb Code     2  stm32f4xx_it.o(i.UsageFault_Handler)
    __0printf                                0x080020f9   Thumb Code    22  printfa.o(i.__0printf)
    __1printf                                0x080020f9   Thumb Code     0  printfa.o(i.__0printf)
    __2printf                                0x080020f9   Thumb Code     0  printfa.o(i.__0printf)
    __c89printf                              0x080020f9   Thumb Code     0  printfa.o(i.__0printf)
    printf                                   0x080020f9   Thumb Code     0  printfa.o(i.__0printf)
    __0sprintf                               0x08002119   Thumb Code    34  printfa.o(i.__0sprintf)
    __1sprintf                               0x08002119   Thumb Code     0  printfa.o(i.__0sprintf)
    __2sprintf                               0x08002119   Thumb Code     0  printfa.o(i.__0sprintf)
    __c89sprintf                             0x08002119   Thumb Code     0  printfa.o(i.__0sprintf)
    sprintf                                  0x08002119   Thumb Code     0  printfa.o(i.__0sprintf)
    __scatterload_copy                       0x08002161   Thumb Code    14  handlers.o(i.__scatterload_copy)
    __scatterload_null                       0x0800216f   Thumb Code     2  handlers.o(i.__scatterload_null)
    __scatterload_zeroinit                   0x08002171   Thumb Code    14  handlers.o(i.__scatterload_zeroinit)
    ct_iic_ack                               0x08002a3d   Thumb Code    76  ctiic.o(i.ct_iic_ack)
    ct_iic_init                              0x08002a8d   Thumb Code     4  ctiic.o(i.ct_iic_init)
    ct_iic_nack                              0x08002a91   Thumb Code    56  ctiic.o(i.ct_iic_nack)
    ct_iic_read_byte                         0x08002acd   Thumb Code    92  ctiic.o(i.ct_iic_read_byte)
    ct_iic_send_byte                         0x08002b2d   Thumb Code    90  ctiic.o(i.ct_iic_send_byte)
    ct_iic_start                             0x08002b8d   Thumb Code    68  ctiic.o(i.ct_iic_start)
    ct_iic_stop                              0x08002bd5   Thumb Code    60  ctiic.o(i.ct_iic_stop)
    ct_iic_wait_ack                          0x08002c15   Thumb Code    96  ctiic.o(i.ct_iic_wait_ack)
    ctp_test                                 0x08002c79   Thumb Code   220  main.o(i.ctp_test)
    delay_init                               0x08002d71   Thumb Code     6  delay.o(i.delay_init)
    delay_ms                                 0x08002d7d   Thumb Code    10  delay.o(i.delay_ms)
    delay_us                                 0x08002d89   Thumb Code    48  delay.o(i.delay_us)
    fputc                                    0x08002dbd   Thumb Code    14  usart.o(i.fputc)
    ft5206_init                              0x08002dd1   Thumb Code   250  ft5206.o(i.ft5206_init)
    ft5206_rd_reg                            0x08002f09   Thumb Code    86  ft5206.o(i.ft5206_rd_reg)
    ft5206_scan                              0x08002f61   Thumb Code   310  ft5206.o(i.ft5206_scan)
    ft5206_wr_reg                            0x080030a9   Thumb Code    72  ft5206.o(i.ft5206_wr_reg)
    gt9xxx_init                              0x080030f1   Thumb Code   214  gt9xxx.o(i.gt9xxx_init)
    gt9xxx_rd_reg                            0x0800320d   Thumb Code    96  gt9xxx.o(i.gt9xxx_rd_reg)
    gt9xxx_scan                              0x0800326d   Thumb Code   468  gt9xxx.o(i.gt9xxx_scan)
    gt9xxx_wr_reg                            0x08003451   Thumb Code    82  gt9xxx.o(i.gt9xxx_wr_reg)
    key_scan                                 0x080034a5   Thumb Code   146  main.o(i.key_scan)
    lcd_clear                                0x08003541   Thumb Code    40  lcd.o(i.lcd_clear)
    lcd_display_dir                          0x08003571   Thumb Code   230  lcd.o(i.lcd_display_dir)
    lcd_draw_bline                           0x0800365d   Thumb Code   182  main.o(i.lcd_draw_bline)
    lcd_draw_circle                          0x08003713   Thumb Code   196  lcd.o(i.lcd_draw_circle)
    lcd_draw_hline                           0x080037d9   Thumb Code    36  lcd.o(i.lcd_draw_hline)
    lcd_draw_line                            0x08003801   Thumb Code   156  lcd.o(i.lcd_draw_line)
    lcd_draw_point                           0x0800389d   Thumb Code    18  lcd.o(i.lcd_draw_point)
    lcd_ex_ili9341_reginit                   0x080038b5   Thumb Code   558  lcd.o(i.lcd_ex_ili9341_reginit)
    lcd_ex_ili9806_reginit                   0x08003ae3   Thumb Code   834  lcd.o(i.lcd_ex_ili9806_reginit)
    lcd_ex_nt35310_reginit                   0x08003e25   Thumb Code  3828  lcd.o(i.lcd_ex_nt35310_reginit)
    lcd_ex_nt35510_reginit                   0x08004d19   Thumb Code  3834  lcd.o(i.lcd_ex_nt35510_reginit)
    lcd_ex_ssd1963_reginit                   0x08005c13   Thumb Code   368  lcd.o(i.lcd_ex_ssd1963_reginit)
    lcd_ex_st7789_reginit                    0x08005d83   Thumb Code   426  lcd.o(i.lcd_ex_st7789_reginit)
    lcd_ex_st7796_reginit                    0x08005f2d   Thumb Code   456  lcd.o(i.lcd_ex_st7796_reginit)
    lcd_fill                                 0x080060f5   Thumb Code    68  lcd.o(i.lcd_fill)
    lcd_fill_circle                          0x0800613d   Thumb Code   182  lcd.o(i.lcd_fill_circle)
    lcd_init                                 0x080061f5   Thumb Code   662  lcd.o(i.lcd_init)
    lcd_scan_dir                             0x080064bd   Thumb Code   384  lcd.o(i.lcd_scan_dir)
    lcd_set_cursor                           0x08006641   Thumb Code   238  lcd.o(i.lcd_set_cursor)
    lcd_show_char                            0x08006735   Thumb Code   196  lcd.o(i.lcd_show_char)
    lcd_show_string                          0x08006811   Thumb Code    86  lcd.o(i.lcd_show_string)
    lcd_ssd_backlight_set                    0x08006869   Thumb Code    72  lcd.o(i.lcd_ssd_backlight_set)
    lcd_wr_data                              0x080068b9   Thumb Code    20  lcd.o(i.lcd_wr_data)
    lcd_wr_regno                             0x080068d1   Thumb Code    20  lcd.o(i.lcd_wr_regno)
    lcd_write_ram_prepare                    0x080068e9   Thumb Code    10  lcd.o(i.lcd_write_ram_prepare)
    lcd_write_reg                            0x080068fd   Thumb Code    10  lcd.o(i.lcd_write_reg)
    load_draw_dialog                         0x0800690d   Thumb Code    40  main.o(i.load_draw_dialog)
    main                                     0x0800693d   Thumb Code   240  main.o(i.main)
    rtp_test                                 0x08006ae5   Thumb Code   134  main.o(i.rtp_test)
    tp_adjust                                0x08006b79   Thumb Code   800  touch.o(i.tp_adjust)
    tp_draw_big_point                        0x08007001   Thumb Code    52  touch.o(i.tp_draw_big_point)
    tp_get_adjust_data                       0x080070b5   Thumb Code    16  touch.o(i.tp_get_adjust_data)
    tp_init                                  0x080070c9   Thumb Code   432  touch.o(i.tp_init)
    tp_save_adjust_data                      0x080075a9   Thumb Code    10  touch.o(i.tp_save_adjust_data)
    asc2_1206                                0x0800768c   Data        1140  lcd.o(.constdata)
    asc2_1608                                0x08007b00   Data        1520  lcd.o(.constdata)
    asc2_2412                                0x080080f0   Data        3420  lcd.o(.constdata)
    asc2_3216                                0x08008e4c   Data        6080  lcd.o(.constdata)
    POINT_COLOR_TBL                          0x0800a60c   Data          20  main.o(.constdata)
    FT5206_TPX_TBL                           0x0800a620   Data          10  ft5206.o(.constdata)
    GT9XXX_TPX_TBL                           0x0800a62a   Data          20  gt9xxx.o(.constdata)
    TP_REMIND_MSG_TBL                        0x0800a640   Data           4  touch.o(.constdata)
    AHBPrescTable                            0x0800a644   Data          16  system_stm32f4xx.o(.constdata)
    APBPrescTable                            0x0800a654   Data           8  system_stm32f4xx.o(.constdata)
    Region$$Table$$Base                      0x0800a6d8   Number         0  anon$$obj.o(Region$$Table)
    Region$$Table$$Limit                     0x0800a6f8   Number         0  anon$$obj.o(Region$$Table)
    g_back_color                             0x20000000   Data           4  lcd.o(.data)
    W                                        0x20000009   Data          24  main.o(.data)
    g_gt_tnum                                0x2000002d   Data           1  gt9xxx.o(.data)
    tp_dev                                   0x20000030   Data          72  touch.o(.data)
    uwTickFreq                               0x20000078   Data           1  stm32f4xx_hal.o(.data)
    uwTickPrio                               0x2000007c   Data           4  stm32f4xx_hal.o(.data)
    uwTick                                   0x20000080   Data           4  stm32f4xx_hal.o(.data)
    SystemCoreClock                          0x20000084   Data           4  system_stm32f4xx.o(.data)
    __stdout                                 0x20000088   Data           4  stdout.o(.data)
    lcddev                                   0x2000008c   Data          14  lcd.o(.bss)
    R                                        0x2000009a   Data          24  main.o(.bss)
    lcd_id                                   0x200000b2   Data          12  main.o(.bss)
    hsram1                                   0x200000c0   Data          80  fsmc.o(.bss)
    hi2c2                                    0x20000110   Data          84  i2c.o(.bss)
    huart1                                   0x20000164   Data          68  usart.o(.bss)
    __initial_sp                             0x200005a8   Data           0  startup_stm32f407xx.o(STACK)



==============================================================================

Memory Map of the image

  Image Entry point : 0x08000189

  Load Region LR_IROM1 (Base: 0x08000000, Size: 0x0000a784, Max: 0x00100000, ABSOLUTE)

    Execution Region ER_IROM1 (Base: 0x08000000, Size: 0x0000a6f8, Max: 0x00100000, ABSOLUTE)

    Base Addr    Size         Type   Attr      Idx    E Section Name        Object

    0x08000000   0x00000188   Data   RO            3    RESET               startup_stm32f407xx.o
    0x08000188   0x00000000   Code   RO         3340  * .ARM.Collect$$$$00000000  mc_w.l(entry.o)
    0x08000188   0x00000004   Code   RO         3626    .ARM.Collect$$$$00000001  mc_w.l(entry2.o)
    0x0800018c   0x00000004   Code   RO         3629    .ARM.Collect$$$$00000004  mc_w.l(entry5.o)
    0x08000190   0x00000000   Code   RO         3631    .ARM.Collect$$$$00000008  mc_w.l(entry7b.o)
    0x08000190   0x00000000   Code   RO         3633    .ARM.Collect$$$$0000000A  mc_w.l(entry8b.o)
    0x08000190   0x00000008   Code   RO         3634    .ARM.Collect$$$$0000000B  mc_w.l(entry9a.o)
    0x08000198   0x00000000   Code   RO         3636    .ARM.Collect$$$$0000000D  mc_w.l(entry10a.o)
    0x08000198   0x00000000   Code   RO         3638    .ARM.Collect$$$$0000000F  mc_w.l(entry11a.o)
    0x08000198   0x00000004   Code   RO         3627    .ARM.Collect$$$$00002712  mc_w.l(entry2.o)
    0x0800019c   0x00000024   Code   RO            4    .text               startup_stm32f407xx.o
    0x080001c0   0x00000062   Code   RO         3343    .text               mc_w.l(uldiv.o)
    0x08000222   0x00000024   Code   RO         3345    .text               mc_w.l(memseta.o)
    0x08000246   0x0000001c   Code   RO         3347    .text               mc_w.l(strcmp.o)
    0x08000262   0x000000e4   Code   RO         3610    .text               mf_w.l(dmul.o)
    0x08000346   0x000000de   Code   RO         3612    .text               mf_w.l(ddiv.o)
    0x08000424   0x00000022   Code   RO         3616    .text               mf_w.l(dflti.o)
    0x08000446   0x0000001a   Code   RO         3618    .text               mf_w.l(dfltui.o)
    0x08000460   0x00000032   Code   RO         3620    .text               mf_w.l(dfixui.o)
    0x08000492   0x00000002   PAD
    0x08000494   0x00000030   Code   RO         3622    .text               mf_w.l(cdcmple.o)
    0x080004c4   0x00000030   Code   RO         3624    .text               mf_w.l(cdrcmple.o)
    0x080004f4   0x0000002c   Code   RO         3641    .text               mc_w.l(uidiv.o)
    0x08000520   0x0000001e   Code   RO         3643    .text               mc_w.l(llshl.o)
    0x0800053e   0x00000020   Code   RO         3645    .text               mc_w.l(llushr.o)
    0x0800055e   0x00000000   Code   RO         3647    .text               mc_w.l(iusefp.o)
    0x0800055e   0x000000ba   Code   RO         3648    .text               mf_w.l(depilogue.o)
    0x08000618   0x0000014e   Code   RO         3650    .text               mf_w.l(dadd.o)
    0x08000766   0x00000030   Code   RO         3652    .text               mf_w.l(dfixul.o)
    0x08000796   0x00000002   PAD
    0x08000798   0x00000024   Code   RO         3654    .text               mc_w.l(init.o)
    0x080007bc   0x00000024   Code   RO         3656    .text               mc_w.l(llsshr.o)
    0x080007e0   0x00000002   Code   RO          695    i.BusFault_Handler  stm32f4xx_it.o
    0x080007e2   0x00000002   Code   RO          696    i.DebugMon_Handler  stm32f4xx_it.o
    0x080007e4   0x00000006   Code   RO          697    i.EXTI2_IRQHandler  stm32f4xx_it.o
    0x080007ea   0x00000006   Code   RO          698    i.EXTI3_IRQHandler  stm32f4xx_it.o
    0x080007f0   0x00000006   Code   RO          699    i.EXTI4_IRQHandler  stm32f4xx_it.o
    0x080007f6   0x00000002   PAD
    0x080007f8   0x00000028   Code   RO          593    i.Eeprom_Read       i2c.o
    0x08000820   0x00000040   Code   RO          594    i.Eeprom_Write      i2c.o
    0x08000860   0x00000002   Code   RO          417    i.Error_Handler     main.o
    0x08000862   0x00000002   PAD
    0x08000864   0x00000040   Code   RO         1097    i.FSMC_NORSRAM_Extended_Timing_Init  stm32f4xx_ll_fsmc.o
    0x080008a4   0x00000054   Code   RO         1098    i.FSMC_NORSRAM_Init  stm32f4xx_ll_fsmc.o
    0x080008f8   0x00000044   Code   RO         1099    i.FSMC_NORSRAM_Timing_Init  stm32f4xx_ll_fsmc.o
    0x0800093c   0x00000006   Code   RO          367    i.HAL_Delay         delay.o
    0x08000942   0x00000002   PAD
    0x08000944   0x000000a0   Code   RO          545    i.HAL_FSMC_MspInit  fsmc.o
    0x080009e4   0x00000002   Code   RO         2526    i.HAL_GPIO_EXTI_Callback  stm32f4xx_hal_gpio.o
    0x080009e6   0x00000002   PAD
    0x080009e8   0x00000018   Code   RO         2527    i.HAL_GPIO_EXTI_IRQHandler  stm32f4xx_hal_gpio.o
    0x08000a00   0x000001ec   Code   RO         2528    i.HAL_GPIO_Init     stm32f4xx_hal_gpio.o
    0x08000bec   0x0000000a   Code   RO         2530    i.HAL_GPIO_ReadPin  stm32f4xx_hal_gpio.o
    0x08000bf6   0x00000010   Code   RO         2531    i.HAL_GPIO_TogglePin  stm32f4xx_hal_gpio.o
    0x08000c06   0x0000000a   Code   RO         2532    i.HAL_GPIO_WritePin  stm32f4xx_hal_gpio.o
    0x08000c10   0x0000000c   Code   RO         3060    i.HAL_GetTick       stm32f4xx_hal.o
    0x08000c1c   0x00000188   Code   RO         1346    i.HAL_I2C_Init      stm32f4xx_hal_i2c.o
    0x08000da4   0x000001f8   Code   RO         1364    i.HAL_I2C_Mem_Read  stm32f4xx_hal_i2c.o
    0x08000f9c   0x00000130   Code   RO         1367    i.HAL_I2C_Mem_Write  stm32f4xx_hal_i2c.o
    0x080010cc   0x00000068   Code   RO          596    i.HAL_I2C_MspInit   i2c.o
    0x08001134   0x00000010   Code   RO         3066    i.HAL_IncTick       stm32f4xx_hal.o
    0x08001144   0x00000034   Code   RO         3067    i.HAL_Init          stm32f4xx_hal.o
    0x08001178   0x00000040   Code   RO         3068    i.HAL_InitTick      stm32f4xx_hal.o
    0x080011b8   0x00000034   Code   RO          785    i.HAL_MspInit       stm32f4xx_hal_msp.o
    0x080011ec   0x0000001a   Code   RO         2917    i.HAL_NVIC_EnableIRQ  stm32f4xx_hal_cortex.o
    0x08001206   0x00000002   PAD
    0x08001208   0x00000040   Code   RO         2923    i.HAL_NVIC_SetPriority  stm32f4xx_hal_cortex.o
    0x08001248   0x00000024   Code   RO         2924    i.HAL_NVIC_SetPriorityGrouping  stm32f4xx_hal_cortex.o
    0x0800126c   0x00000134   Code   RO         2174    i.HAL_RCC_ClockConfig  stm32f4xx_hal_rcc.o
    0x080013a0   0x00000020   Code   RO         2181    i.HAL_RCC_GetPCLK1Freq  stm32f4xx_hal_rcc.o
    0x080013c0   0x00000020   Code   RO         2182    i.HAL_RCC_GetPCLK2Freq  stm32f4xx_hal_rcc.o
    0x080013e0   0x00000060   Code   RO         2183    i.HAL_RCC_GetSysClockFreq  stm32f4xx_hal_rcc.o
    0x08001440   0x0000036c   Code   RO         2186    i.HAL_RCC_OscConfig  stm32f4xx_hal_rcc.o
    0x080017ac   0x00000056   Code   RO         1219    i.HAL_SRAM_Init     stm32f4xx_hal_sram.o
    0x08001802   0x00000004   Code   RO          547    i.HAL_SRAM_MspInit  fsmc.o
    0x08001806   0x00000028   Code   RO         2928    i.HAL_SYSTICK_Config  stm32f4xx_hal_cortex.o
    0x0800182e   0x00000062   Code   RO         1845    i.HAL_UART_Init     stm32f4xx_hal_uart.o
    0x08001890   0x00000068   Code   RO          648    i.HAL_UART_MspInit  usart.o
    0x080018f8   0x00000002   Code   RO          700    i.HardFault_Handler  stm32f4xx_it.o
    0x080018fa   0x0000002e   Code   RO         1388    i.I2C_IsAcknowledgeFailed  stm32f4xx_hal_i2c.o
    0x08001928   0x000000fc   Code   RO         1398    i.I2C_RequestMemoryRead  stm32f4xx_hal_i2c.o
    0x08001a24   0x000000a8   Code   RO         1399    i.I2C_RequestMemoryWrite  stm32f4xx_hal_i2c.o
    0x08001acc   0x0000004c   Code   RO         1402    i.I2C_WaitOnBTFFlagUntilTimeout  stm32f4xx_hal_i2c.o
    0x08001b18   0x00000068   Code   RO         1403    i.I2C_WaitOnFlagUntilTimeout  stm32f4xx_hal_i2c.o
    0x08001b80   0x00000096   Code   RO         1404    i.I2C_WaitOnMasterAddressFlagUntilTimeout  stm32f4xx_hal_i2c.o
    0x08001c16   0x00000066   Code   RO         1405    i.I2C_WaitOnRXNEFlagUntilTimeout  stm32f4xx_hal_i2c.o
    0x08001c7c   0x0000004c   Code   RO         1406    i.I2C_WaitOnTXEFlagUntilTimeout  stm32f4xx_hal_i2c.o
    0x08001cc8   0x0000008c   Code   RO          548    i.MX_FSMC_Init      fsmc.o
    0x08001d54   0x00000178   Code   RO          521    i.MX_GPIO_Init      gpio.o
    0x08001ecc   0x00000040   Code   RO          597    i.MX_I2C2_Init      i2c.o
    0x08001f0c   0x00000038   Code   RO          649    i.MX_USART1_UART_Init  usart.o
    0x08001f44   0x00000002   Code   RO          701    i.MemManage_Handler  stm32f4xx_it.o
    0x08001f46   0x00000002   Code   RO          702    i.NMI_Handler       stm32f4xx_it.o
    0x08001f48   0x00000002   Code   RO          703    i.PendSV_Handler    stm32f4xx_it.o
    0x08001f4a   0x00000002   Code   RO          704    i.SVC_Handler       stm32f4xx_it.o
    0x08001f4c   0x00000004   Code   RO          705    i.SysTick_Handler   stm32f4xx_it.o
    0x08001f50   0x00000088   Code   RO          418    i.SystemClock_Config  main.o
    0x08001fd8   0x00000010   Code   RO         3306    i.SystemInit        system_stm32f4xx.o
    0x08001fe8   0x0000010c   Code   RO         1871    i.UART_SetConfig    stm32f4xx_hal_uart.o
    0x080020f4   0x00000002   Code   RO          706    i.UsageFault_Handler  stm32f4xx_it.o
    0x080020f6   0x00000002   PAD
    0x080020f8   0x00000020   Code   RO         3582    i.__0printf         mc_w.l(printfa.o)
    0x08002118   0x00000028   Code   RO         3584    i.__0sprintf        mc_w.l(printfa.o)
    0x08002140   0x00000020   Code   RO         2930    i.__NVIC_SetPriority  stm32f4xx_hal_cortex.o
    0x08002160   0x0000000e   Code   RO         3660    i.__scatterload_copy  mc_w.l(handlers.o)
    0x0800216e   0x00000002   Code   RO         3661    i.__scatterload_null  mc_w.l(handlers.o)
    0x08002170   0x0000000e   Code   RO         3662    i.__scatterload_zeroinit  mc_w.l(handlers.o)
    0x0800217e   0x00000002   PAD
    0x08002180   0x00000184   Code   RO         3589    i._fp_digits        mc_w.l(printfa.o)
    0x08002304   0x000006dc   Code   RO         3590    i._printf_core      mc_w.l(printfa.o)
    0x080029e0   0x00000024   Code   RO         3591    i._printf_post_padding  mc_w.l(printfa.o)
    0x08002a04   0x0000002e   Code   RO         3592    i._printf_pre_padding  mc_w.l(printfa.o)
    0x08002a32   0x0000000a   Code   RO         3594    i._sputc            mc_w.l(printfa.o)
    0x08002a3c   0x00000050   Code   RO          809    i.ct_iic_ack        ctiic.o
    0x08002a8c   0x00000004   Code   RO          810    i.ct_iic_init       ctiic.o
    0x08002a90   0x0000003c   Code   RO          811    i.ct_iic_nack       ctiic.o
    0x08002acc   0x00000060   Code   RO          812    i.ct_iic_read_byte  ctiic.o
    0x08002b2c   0x00000060   Code   RO          813    i.ct_iic_send_byte  ctiic.o
    0x08002b8c   0x00000048   Code   RO          814    i.ct_iic_start      ctiic.o
    0x08002bd4   0x00000040   Code   RO          815    i.ct_iic_stop       ctiic.o
    0x08002c14   0x00000064   Code   RO          816    i.ct_iic_wait_ack   ctiic.o
    0x08002c78   0x000000f8   Code   RO          419    i.ctp_test          main.o
    0x08002d70   0x0000000c   Code   RO          368    i.delay_init        delay.o
    0x08002d7c   0x0000000a   Code   RO          369    i.delay_ms          delay.o
    0x08002d86   0x00000002   PAD
    0x08002d88   0x00000034   Code   RO          370    i.delay_us          delay.o
    0x08002dbc   0x00000014   Code   RO          650    i.fputc             usart.o
    0x08002dd0   0x00000138   Code   RO          878    i.ft5206_init       ft5206.o
    0x08002f08   0x00000056   Code   RO          879    i.ft5206_rd_reg     ft5206.o
    0x08002f5e   0x00000002   PAD
    0x08002f60   0x00000148   Code   RO          880    i.ft5206_scan       ft5206.o
    0x080030a8   0x00000048   Code   RO          881    i.ft5206_wr_reg     ft5206.o
    0x080030f0   0x0000011c   Code   RO          937    i.gt9xxx_init       gt9xxx.o
    0x0800320c   0x00000060   Code   RO          938    i.gt9xxx_rd_reg     gt9xxx.o
    0x0800326c   0x000001e4   Code   RO          939    i.gt9xxx_scan       gt9xxx.o
    0x08003450   0x00000052   Code   RO          940    i.gt9xxx_wr_reg     gt9xxx.o
    0x080034a2   0x00000002   PAD
    0x080034a4   0x0000009c   Code   RO          420    i.key_scan          main.o
    0x08003540   0x00000030   Code   RO           13    i.lcd_clear         lcd.o
    0x08003570   0x000000ec   Code   RO           15    i.lcd_display_dir   lcd.o
    0x0800365c   0x000000b6   Code   RO          421    i.lcd_draw_bline    main.o
    0x08003712   0x000000c4   Code   RO           18    i.lcd_draw_circle   lcd.o
    0x080037d6   0x00000002   PAD
    0x080037d8   0x00000028   Code   RO           19    i.lcd_draw_hline    lcd.o
    0x08003800   0x0000009c   Code   RO           20    i.lcd_draw_line     lcd.o
    0x0800389c   0x00000018   Code   RO           21    i.lcd_draw_point    lcd.o
    0x080038b4   0x0000022e   Code   RO           23    i.lcd_ex_ili9341_reginit  lcd.o
    0x08003ae2   0x00000342   Code   RO           24    i.lcd_ex_ili9806_reginit  lcd.o
    0x08003e24   0x00000ef4   Code   RO           25    i.lcd_ex_nt35310_reginit  lcd.o
    0x08004d18   0x00000efa   Code   RO           26    i.lcd_ex_nt35510_reginit  lcd.o
    0x08005c12   0x00000170   Code   RO           27    i.lcd_ex_ssd1963_reginit  lcd.o
    0x08005d82   0x000001aa   Code   RO           28    i.lcd_ex_st7789_reginit  lcd.o
    0x08005f2c   0x000001c8   Code   RO           29    i.lcd_ex_st7796_reginit  lcd.o
    0x080060f4   0x00000048   Code   RO           30    i.lcd_fill          lcd.o
    0x0800613c   0x000000b6   Code   RO           31    i.lcd_fill_circle   lcd.o
    0x080061f2   0x00000002   PAD
    0x080061f4   0x000002ac   Code   RO           32    i.lcd_init          lcd.o
    0x080064a0   0x0000001c   Code   RO           34    i.lcd_rd_data       lcd.o
    0x080064bc   0x00000184   Code   RO           36    i.lcd_scan_dir      lcd.o
    0x08006640   0x000000f4   Code   RO           37    i.lcd_set_cursor    lcd.o
    0x08006734   0x000000dc   Code   RO           39    i.lcd_show_char     lcd.o
    0x08006810   0x00000056   Code   RO           41    i.lcd_show_string   lcd.o
    0x08006866   0x00000002   PAD
    0x08006868   0x00000050   Code   RO           43    i.lcd_ssd_backlight_set  lcd.o
    0x080068b8   0x00000018   Code   RO           44    i.lcd_wr_data       lcd.o
    0x080068d0   0x00000018   Code   RO           45    i.lcd_wr_regno      lcd.o
    0x080068e8   0x00000014   Code   RO           46    i.lcd_write_ram_prepare  lcd.o
    0x080068fc   0x00000010   Code   RO           47    i.lcd_write_reg     lcd.o
    0x0800690c   0x00000030   Code   RO          422    i.load_draw_dialog  main.o
    0x0800693c   0x000001a8   Code   RO          423    i.main              main.o
    0x08006ae4   0x00000094   Code   RO          424    i.rtp_test          main.o
    0x08006b78   0x0000035c   Code   RO          989    i.tp_adjust         touch.o
    0x08006ed4   0x0000012c   Code   RO          990    i.tp_adjust_info_show  touch.o
    0x08007000   0x00000034   Code   RO          991    i.tp_draw_big_point  touch.o
    0x08007034   0x0000007e   Code   RO          992    i.tp_draw_touch_point  touch.o
    0x080070b2   0x00000002   PAD
    0x080070b4   0x00000014   Code   RO          993    i.tp_get_adjust_data  touch.o
    0x080070c8   0x000002d4   Code   RO          994    i.tp_init           touch.o
    0x0800739c   0x00000100   Code   RO          995    i.tp_read_ad        touch.o
    0x0800749c   0x00000064   Code   RO          996    i.tp_read_xoy       touch.o
    0x08007500   0x00000034   Code   RO          997    i.tp_read_xy        touch.o
    0x08007534   0x00000072   Code   RO          998    i.tp_read_xy2       touch.o
    0x080075a6   0x00000002   PAD
    0x080075a8   0x00000010   Code   RO          999    i.tp_save_adjust_data  touch.o
    0x080075b8   0x000000d4   Code   RO         1000    i.tp_scan           touch.o
    0x0800768c   0x00002f80   Data   RO           49    .constdata          lcd.o
    0x0800a60c   0x00000014   Data   RO          426    .constdata          main.o
    0x0800a620   0x0000000a   Data   RO          882    .constdata          ft5206.o
    0x0800a62a   0x00000014   Data   RO          941    .constdata          gt9xxx.o
    0x0800a63e   0x00000002   PAD
    0x0800a640   0x00000004   Data   RO         1001    .constdata          touch.o
    0x0800a644   0x00000010   Data   RO         3307    .constdata          system_stm32f4xx.o
    0x0800a654   0x00000008   Data   RO         3308    .constdata          system_stm32f4xx.o
    0x0800a65c   0x00000079   Data   RO         1002    .conststring        touch.o
    0x0800a6d5   0x00000003   PAD
    0x0800a6d8   0x00000020   Data   RO         3658    Region$$Table       anon$$obj.o


    Execution Region RW_IRAM1 (Base: 0x20000000, Size: 0x000005a8, Max: 0x00020000, ABSOLUTE)

    Base Addr    Size         Type   Attr      Idx    E Section Name        Object

    0x20000000   0x00000004   Data   RW           51    .data               lcd.o
    0x20000004   0x00000004   Data   RW          371    .data               delay.o
    0x20000008   0x00000019   Data   RW          429    .data               main.o
    0x20000021   0x00000003   PAD
    0x20000024   0x00000008   Data   RW          550    .data               fsmc.o
    0x2000002c   0x00000001   Data   RW          883    .data               ft5206.o
    0x2000002d   0x00000002   Data   RW          942    .data               gt9xxx.o
    0x2000002f   0x00000001   PAD
    0x20000030   0x00000048   Data   RW         1003    .data               touch.o
    0x20000078   0x0000000c   Data   RW         3074    .data               stm32f4xx_hal.o
    0x20000084   0x00000004   Data   RW         3309    .data               system_stm32f4xx.o
    0x20000088   0x00000004   Data   RW         3640    .data               mc_w.l(stdout.o)
    0x2000008c   0x0000000e   Zero   RW           48    .bss                lcd.o
    0x2000009a   0x00000024   Zero   RW          425    .bss                main.o
    0x200000be   0x00000002   PAD
    0x200000c0   0x00000050   Zero   RW          549    .bss                fsmc.o
    0x20000110   0x00000054   Zero   RW          598    .bss                i2c.o
    0x20000164   0x00000044   Zero   RW          651    .bss                usart.o
    0x200001a8   0x00000400   Zero   RW            1    STACK               startup_stm32f407xx.o


==============================================================================

Image component sizes


      Code (inc. data)   RO Data    RW Data    ZI Data      Debug   Object Name

       572         30          0          0          0       5518   ctiic.o
        80         10          0          4          0       2679   delay.o
       304         28          0          8         80       2411   fsmc.o
       798         80         10          1          0       4045   ft5206.o
       376         22          0          0          0       1179   gpio.o
       946         86         20          2          0       4147   gt9xxx.o
       272         38          0          0         84       3138   i2c.o
     13072        138      12160          4         14     706260   lcd.o
      1344        254         20         25         36       8193   main.o
        36          8        392          0       1024        872   startup_stm32f407xx.o
       144         24          0         12          0       9009   stm32f4xx_hal.o
       198         14          0          0          0      34151   stm32f4xx_hal_cortex.o
       554         50          0          0          0       4920   stm32f4xx_hal_gpio.o
      2174         52          0          0          0      13358   stm32f4xx_hal_i2c.o
        52          4          0          0          0        906   stm32f4xx_hal_msp.o
      1344         72          0          0          0       5448   stm32f4xx_hal_rcc.o
        86          0          0          0          0       1284   stm32f4xx_hal_sram.o
       366         10          0          0          0       2092   stm32f4xx_hal_uart.o
        38          0          0          0          0       5879   stm32f4xx_it.o
       216         12          0          0          0       2847   stm32f4xx_ll_fsmc.o
        16          4         24          4          0       1211   system_stm32f4xx.o
      2832        446        125         72          0      12002   touch.o
       180         26          0          0         68       2362   usart.o

    ----------------------------------------------------------------------
     26028       1408      12788        136       1308     833911   Object Totals
         0          0         32          0          0          0   (incl. Generated)
        28          0          5          4          2          0   (incl. Padding)

    ----------------------------------------------------------------------

      Code (inc. data)   RO Data    RW Data    ZI Data      Debug   Library Member Name

         0          0          0          0          0          0   entry.o
         0          0          0          0          0          0   entry10a.o
         0          0          0          0          0          0   entry11a.o
         8          4          0          0          0          0   entry2.o
         4          0          0          0          0          0   entry5.o
         0          0          0          0          0          0   entry7b.o
         0          0          0          0          0          0   entry8b.o
         8          4          0          0          0          0   entry9a.o
        30          0          0          0          0          0   handlers.o
        36          8          0          0          0         68   init.o
         0          0          0          0          0          0   iusefp.o
        30          0          0          0          0         68   llshl.o
        36          0          0          0          0         68   llsshr.o
        32          0          0          0          0         68   llushr.o
        36          0          0          0          0        108   memseta.o
      2308         96          0          0          0        604   printfa.o
         0          0          0          4          0          0   stdout.o
        28          0          0          0          0         76   strcmp.o
        44          0          0          0          0         80   uidiv.o
        98          0          0          0          0         92   uldiv.o
        48          0          0          0          0         68   cdcmple.o
        48          0          0          0          0         68   cdrcmple.o
       334          0          0          0          0        148   dadd.o
       222          0          0          0          0        100   ddiv.o
       186          0          0          0          0        176   depilogue.o
        50          0          0          0          0         76   dfixui.o
        48          0          0          0          0         68   dfixul.o
        34          0          0          0          0         76   dflti.o
        26          0          0          0          0         76   dfltui.o
       228          0          0          0          0         96   dmul.o

    ----------------------------------------------------------------------
      3928        112          0          4          0       2184   Library Totals
         6          0          0          0          0          0   (incl. Padding)

    ----------------------------------------------------------------------

      Code (inc. data)   RO Data    RW Data    ZI Data      Debug   Library Name

      2698        112          0          4          0       1232   mc_w.l
      1224          0          0          0          0        952   mf_w.l

    ----------------------------------------------------------------------
      3928        112          0          4          0       2184   Library Totals

    ----------------------------------------------------------------------

==============================================================================


      Code (inc. data)   RO Data    RW Data    ZI Data      Debug   

     29956       1520      12788        140       1308     823003   Grand Totals
     29956       1520      12788        140       1308     823003   ELF Image Totals
     29956       1520      12788        140          0          0   ROM Totals

==============================================================================

    Total RO  Size (Code + RO Data)                42744 (  41.74kB)
    Total RW  Size (RW Data + ZI Data)              1448 (   1.41kB)
    Total ROM Size (Code + RO Data + RW Data)      42884 (  41.88kB)

==============================================================================

