<html>
<body>
<pre>
<h1>µVision Build Log</h1>
<h2>Tool Versions:</h2>
IDE-Version: ¦ÌVision V5.23.0.0
Copyright (C) 2017 ARM Ltd and ARM Germany GmbH. All rights reserved.
License Information: yang yuan, duobao, LIC=8VRJ7-EW0AZ-FW62N-YBJTM-X8RHG-DJF7M
 
Tool Versions:
Toolchain:       MDK-ARM Plus  Version: 5.23
Toolchain Path:  C:\Keil_v5\ARM\ARMCC\Bin
C Compiler:      Armcc.exe V5.06 update 4 (build 422)
Assembler:       Armasm.exe V5.06 update 4 (build 422)
Linker/Locator:  ArmLink.exe V5.06 update 4 (build 422)
Library Manager: ArmAr.exe V5.06 update 4 (build 422)
Hex Converter:   FromElf.exe V5.06 update 4 (build 422)
CPU DLL:         SARMCM3.DLL V5.23
Dialog DLL:      DCM.DLL V1.15.0.0
Target DLL:      STLink\ST-LINKIII-KEIL_SWO.dll V2.0.18.0
Dialog DLL:      TCM.DLL V1.27.0.0
 
<h2>Project:</h2>
C:\Users\Administrator\Desktop\SmartOffice_repo\SmartOffice\SmartOffice\MDK-ARM\SmartOffice.uvprojx
Project File Date:  07/23/2024

<h2>Output:</h2>
*** Using Compiler 'V5.06 update 4 (build 422)', folder: 'C:\Keil_v5\ARM\ARMCC\Bin'
Rebuild target 'SmartOffice'
assembling startup_stm32f407xx.s...
compiling gpio.c...
compiling stm32f4xx_it.c...
compiling fsmc.c...
compiling stm32f4xx_hal_msp.c...
compiling gt9xxx.c...
compiling ft5206.c...
compiling usart.c...
compiling ctiic.c...
compiling i2c.c...
compiling touch.c...
compiling lcd.c...
compiling lwip.c...
compiling delay.c...
compiling ethernetif.c...
compiling main.c...
compiling stm32f4xx_hal_rcc_ex.c...
compiling stm32f4xx_hal_sram.c...
compiling stm32f4xx_hal_tim_ex.c...
compiling stm32f4xx_hal_flash_ex.c...
compiling stm32f4xx_hal_tim.c...
compiling stm32f4xx_hal_flash.c...
compiling stm32f4xx_hal_i2c_ex.c...
compiling stm32f4xx_ll_fsmc.c...
compiling stm32f4xx_hal_flash_ramfunc.c...
compiling stm32f4xx_hal_rcc.c...
compiling stm32f4xx_hal_eth.c...
compiling stm32f4xx_hal_uart.c...
compiling stm32f4xx_hal_gpio.c...
compiling stm32f4xx_hal_dma_ex.c...
compiling stm32f4xx_hal_i2c.c...
compiling stm32f4xx_hal_exti.c...
compiling stm32f4xx_hal_pwr.c...
compiling stm32f4xx_hal_cortex.c...
compiling stm32f4xx_hal.c...
compiling chap_ms.c...
compiling stm32f4xx_hal_pwr_ex.c...
compiling stm32f4xx_hal_dma.c...
compiling eui64.c...
compiling system_stm32f4xx.c...
compiling chap-new.c...
compiling auth.c...
compiling chap-md5.c...
compiling ccp.c...
compiling eap.c...
compiling demand.c...
compiling fsm.c...
compiling magic.c...
compiling ppp.c...
compiling lcp.c...
compiling pppapi.c...
compiling pppcrypt.c...
compiling mppe.c...
compiling multilink.c...
compiling pppol2tp.c...
compiling upap.c...
compiling ipcp.c...
compiling pppos.c...
compiling ipv6cp.c...
compiling utils.c...
compiling pppoe.c...
compiling netbuf.c...
compiling vj.c...
compiling sockets.c...
compiling netifapi.c...
compiling ecp.c...
compiling api_msg.c...
compiling lowpan6.c...
compiling if_api.c...
compiling tcpip.c...
compiling altcp.c...
compiling slipif.c...
compiling err.c...
compiling netdb.c...
compiling ethernet.c...
compiling api_lib.c...
compiling altcp_tcp.c...
compiling altcp_alloc.c...
compiling dns.c...
compiling raw.c...
compiling stats.c...
compiling sys.c...
compiling def.c...
compiling mem.c...
compiling pbuf.c...
compiling ip.c...
compiling init.c...
compiling memp.c...
compiling inet_chksum.c...
compiling netif.c...
compiling tcp.c...
compiling autoip.c...
compiling ip4_frag.c...
compiling ip4_addr.c...
compiling dhcp.c...
compiling tcp_out.c...
compiling ethip6.c...
compiling dhcp6.c...
compiling igmp.c...
compiling icmp6.c...
compiling icmp.c...
compiling udp.c...
compiling etharp.c...
compiling timeouts.c...
compiling ip4.c...
compiling tcp_in.c...
compiling ip6.c...
compiling inet6.c...
compiling nd6.c...
compiling ip6_addr.c...
compiling mld6.c...
compiling ip6_frag.c...
compiling mqtt.c...
linking...
Program Size: Code=60932 RO-data=992 RW-data=224 ZI-data=36368  
FromELF: creating hex file...
"SmartOffice\SmartOffice.axf" - 0 Error(s), 0 Warning(s).

<h2>Collection of Component include folders:</h2>
  .\RTE\_SmartOffice
  C:\Keil_v5\ARM\PACK\Keil\STM32F4xx_DFP\2.12.0\Drivers\CMSIS\Device\ST\STM32F4xx\Include

<h2>Collection of Component Files used:</h2>
Build Time Elapsed:  00:00:38
</pre>
</body>
</html>
