Component: ARM Compiler 5.06 update 4 (build 422) Tool: armlink [4d35d2]

==============================================================================

Section Cross References

    startup_stm32f407xx.o(RESET) refers to startup_stm32f407xx.o(STACK) for __initial_sp
    startup_stm32f407xx.o(RESET) refers to startup_stm32f407xx.o(.text) for Reset_Handler
    startup_stm32f407xx.o(RESET) refers to stm32f4xx_it.o(i.NMI_Handler) for NMI_Handler
    startup_stm32f407xx.o(RESET) refers to stm32f4xx_it.o(i.HardFault_Handler) for HardFault_Handler
    startup_stm32f407xx.o(RESET) refers to stm32f4xx_it.o(i.MemManage_Handler) for MemManage_Handler
    startup_stm32f407xx.o(RESET) refers to stm32f4xx_it.o(i.BusFault_Handler) for BusFault_Handler
    startup_stm32f407xx.o(RESET) refers to stm32f4xx_it.o(i.UsageFault_Handler) for UsageFault_Handler
    startup_stm32f407xx.o(RESET) refers to stm32f4xx_it.o(i.SVC_Handler) for SVC_Handler
    startup_stm32f407xx.o(RESET) refers to stm32f4xx_it.o(i.DebugMon_Handler) for DebugMon_Handler
    startup_stm32f407xx.o(RESET) refers to stm32f4xx_it.o(i.PendSV_Handler) for PendSV_Handler
    startup_stm32f407xx.o(RESET) refers to stm32f4xx_it.o(i.SysTick_Handler) for SysTick_Handler
    startup_stm32f407xx.o(RESET) refers to stm32f4xx_it.o(i.EXTI0_IRQHandler) for EXTI0_IRQHandler
    startup_stm32f407xx.o(RESET) refers to stm32f4xx_it.o(i.EXTI2_IRQHandler) for EXTI2_IRQHandler
    startup_stm32f407xx.o(RESET) refers to stm32f4xx_it.o(i.EXTI3_IRQHandler) for EXTI3_IRQHandler
    startup_stm32f407xx.o(RESET) refers to stm32f4xx_it.o(i.EXTI4_IRQHandler) for EXTI4_IRQHandler
    startup_stm32f407xx.o(RESET) refers to stm32f4xx_it.o(i.SDIO_IRQHandler) for SDIO_IRQHandler
    startup_stm32f407xx.o(RESET) refers to stm32f4xx_it.o(i.DMA2_Stream3_IRQHandler) for DMA2_Stream3_IRQHandler
    startup_stm32f407xx.o(RESET) refers to stm32f4xx_it.o(i.DMA2_Stream6_IRQHandler) for DMA2_Stream6_IRQHandler
    startup_stm32f407xx.o(.text) refers to system_stm32f4xx.o(i.SystemInit) for SystemInit
    startup_stm32f407xx.o(.text) refers to entry.o(.ARM.Collect$$$$00000000) for __main
    delay.o(i.HAL_Delay) refers to delay.o(i.delay_ms) for delay_ms
    delay.o(i.delay_init) refers to delay.o(.data) for .data
    delay.o(i.delay_ms) refers to delay.o(i.delay_us) for delay_us
    delay.o(i.delay_us) refers to delay.o(.data) for .data
    lcd.o(i.lcd_clear) refers to lcd.o(i.lcd_set_cursor) for lcd_set_cursor
    lcd.o(i.lcd_clear) refers to lcd.o(i.lcd_write_ram_prepare) for lcd_write_ram_prepare
    lcd.o(i.lcd_clear) refers to lcd.o(.bss) for .bss
    lcd.o(i.lcd_color_fill) refers to lcd.o(i.lcd_set_cursor) for lcd_set_cursor
    lcd.o(i.lcd_color_fill) refers to lcd.o(i.lcd_write_ram_prepare) for lcd_write_ram_prepare
    lcd.o(i.lcd_display_dir) refers to lcd.o(i.lcd_scan_dir) for lcd_scan_dir
    lcd.o(i.lcd_display_dir) refers to lcd.o(.bss) for .bss
    lcd.o(i.lcd_display_off) refers to lcd.o(i.lcd_wr_regno) for lcd_wr_regno
    lcd.o(i.lcd_display_off) refers to lcd.o(.bss) for .bss
    lcd.o(i.lcd_display_on) refers to lcd.o(i.lcd_wr_regno) for lcd_wr_regno
    lcd.o(i.lcd_display_on) refers to lcd.o(.bss) for .bss
    lcd.o(i.lcd_draw_circle) refers to lcd.o(i.lcd_draw_point) for lcd_draw_point
    lcd.o(i.lcd_draw_hline) refers to lcd.o(i.lcd_fill) for lcd_fill
    lcd.o(i.lcd_draw_hline) refers to lcd.o(.bss) for .bss
    lcd.o(i.lcd_draw_line) refers to lcd.o(i.lcd_draw_point) for lcd_draw_point
    lcd.o(i.lcd_draw_point) refers to lcd.o(i.lcd_set_cursor) for lcd_set_cursor
    lcd.o(i.lcd_draw_point) refers to lcd.o(i.lcd_write_ram_prepare) for lcd_write_ram_prepare
    lcd.o(i.lcd_draw_rectangle) refers to lcd.o(i.lcd_draw_line) for lcd_draw_line
    lcd.o(i.lcd_ex_ili9341_reginit) refers to lcd.o(i.lcd_wr_regno) for lcd_wr_regno
    lcd.o(i.lcd_ex_ili9341_reginit) refers to lcd.o(i.lcd_wr_data) for lcd_wr_data
    lcd.o(i.lcd_ex_ili9341_reginit) refers to delay.o(i.delay_ms) for delay_ms
    lcd.o(i.lcd_ex_ili9806_reginit) refers to lcd.o(i.lcd_wr_regno) for lcd_wr_regno
    lcd.o(i.lcd_ex_ili9806_reginit) refers to lcd.o(i.lcd_wr_data) for lcd_wr_data
    lcd.o(i.lcd_ex_ili9806_reginit) refers to delay.o(i.delay_ms) for delay_ms
    lcd.o(i.lcd_ex_nt35310_reginit) refers to lcd.o(i.lcd_wr_regno) for lcd_wr_regno
    lcd.o(i.lcd_ex_nt35310_reginit) refers to lcd.o(i.lcd_wr_data) for lcd_wr_data
    lcd.o(i.lcd_ex_nt35310_reginit) refers to delay.o(i.delay_ms) for delay_ms
    lcd.o(i.lcd_ex_nt35510_reginit) refers to lcd.o(i.lcd_write_reg) for lcd_write_reg
    lcd.o(i.lcd_ex_nt35510_reginit) refers to lcd.o(i.lcd_wr_regno) for lcd_wr_regno
    lcd.o(i.lcd_ex_nt35510_reginit) refers to delay.o(i.delay_ms) for delay_ms
    lcd.o(i.lcd_ex_ssd1963_reginit) refers to lcd.o(i.lcd_wr_regno) for lcd_wr_regno
    lcd.o(i.lcd_ex_ssd1963_reginit) refers to lcd.o(i.lcd_wr_data) for lcd_wr_data
[...]
    i.norflash_read                          0x0800b6d8   Section        0  norflash.o(i.norflash_read)
    i.norflash_read_id                       0x0800b728   Section        0  norflash.o(i.norflash_read_id)
    i.norflash_read_sr                       0x0800b774   Section        0  norflash.o(i.norflash_read_sr)
    i.norflash_send_address                  0x0800b7bc   Section        0  norflash.o(i.norflash_send_address)
    norflash_send_address                    0x0800b7bd   Thumb Code    48  norflash.o(i.norflash_send_address)
    i.norflash_wait_busy                     0x0800b7f0   Section        0  norflash.o(i.norflash_wait_busy)
    norflash_wait_busy                       0x0800b7f1   Thumb Code    14  norflash.o(i.norflash_wait_busy)
    i.norflash_write                         0x0800b800   Section        0  norflash.o(i.norflash_write)
    i.norflash_write_enable                  0x0800b89c   Section        0  norflash.o(i.norflash_write_enable)
    i.norflash_write_nocheck                 0x0800b8c8   Section        0  norflash.o(i.norflash_write_nocheck)
    norflash_write_nocheck                   0x0800b8c9   Thumb Code   124  norflash.o(i.norflash_write_nocheck)
    i.norflash_write_sr                      0x0800b948   Section        0  norflash.o(i.norflash_write_sr)
    i.pick_lfn                               0x0800b994   Section        0  ff.o(i.pick_lfn)
    pick_lfn                                 0x0800b995   Thumb Code   112  ff.o(i.pick_lfn)
    i.put_fat                                0x0800ba08   Section        0  ff.o(i.put_fat)
    put_fat                                  0x0800ba09   Thumb Code   246  ff.o(i.put_fat)
    i.remove_chain                           0x0800bafe   Section        0  ff.o(i.remove_chain)
    remove_chain                             0x0800baff   Thumb Code   262  ff.o(i.remove_chain)
    i.sd_init                                0x0800bc04   Section        0  sdio_sdcard.o(i.sd_init)
    i.sd_read_disk                           0x0800bc84   Section        0  sdio_sdcard.o(i.sd_read_disk)
    i.sd_write_disk                          0x0800bcb8   Section        0  sdio_sdcard.o(i.sd_write_disk)
    i.spi1_read_write_byte                   0x0800bcec   Section        0  spi.o(i.spi1_read_write_byte)
    i.spi1_set_speed                         0x0800bd0c   Section        0  spi.o(i.spi1_set_speed)
    i.sram_init                              0x0800bd40   Section        0  sram.o(i.sram_init)
    i.st_clust                               0x0800bea4   Section        0  ff.o(i.st_clust)
    st_clust                                 0x0800bea5   Thumb Code    40  ff.o(i.st_clust)
    i.st_dword                               0x0800becc   Section        0  ff.o(i.st_dword)
    st_dword                                 0x0800becd   Thumb Code    16  ff.o(i.st_dword)
    i.st_qword                               0x0800bedc   Section        0  ff.o(i.st_qword)
    st_qword                                 0x0800bedd   Thumb Code    74  ff.o(i.st_qword)
    i.st_word                                0x0800bf26   Section        0  ff.o(i.st_word)
    st_word                                  0x0800bf27   Thumb Code     8  ff.o(i.st_word)
    i.store_xdir                             0x0800bf2e   Section        0  ff.o(i.store_xdir)
    store_xdir                               0x0800bf2f   Thumb Code   106  ff.o(i.store_xdir)
    i.sum_sfn                                0x0800bf98   Section        0  ff.o(i.sum_sfn)
    sum_sfn                                  0x0800bf99   Thumb Code    26  ff.o(i.sum_sfn)
    i.sync_fs                                0x0800bfb4   Section        0  ff.o(i.sync_fs)
    sync_fs                                  0x0800bfb5   Thumb Code   124  ff.o(i.sync_fs)
    i.sync_window                            0x0800c038   Section        0  ff.o(i.sync_window)
    sync_window                              0x0800c039   Thumb Code    70  ff.o(i.sync_window)
    i.tchar2uni                              0x0800c07e   Section        0  ff.o(i.tchar2uni)
    tchar2uni                                0x0800c07f   Thumb Code    78  ff.o(i.tchar2uni)
    i.validate                               0x0800c0cc   Section        0  ff.o(i.validate)
    validate                                 0x0800c0cd   Thumb Code    52  ff.o(i.validate)
    i.xdir_sum                               0x0800c100   Section        0  ff.o(i.xdir_sum)
    xdir_sum                                 0x0800c101   Thumb Code    52  ff.o(i.xdir_sum)
    i.xname_sum                              0x0800c134   Section        0  ff.o(i.xname_sum)
    xname_sum                                0x0800c135   Thumb Code    62  ff.o(i.xname_sum)
    i.xsum32                                 0x0800c172   Section        0  ff.o(i.xsum32)
    xsum32                                   0x0800c173   Thumb Code    16  ff.o(i.xsum32)
    .constdata                               0x0800c182   Section    12160  lcd.o(.constdata)
    .constdata                               0x0800f104   Section       36  mymalloc.o(.constdata)
    .constdata                               0x0800f128   Section       64  fonts.o(.constdata)
    .constdata                               0x0800f168   Section       16  main.o(.constdata)
    .constdata                               0x0800f178   Section       72  icon.o(.constdata)
    .constdata                               0x0800f1c0   Section        8  stm32f4xx_hal_dma.o(.constdata)
    flagBitshiftOffset                       0x0800f1c0   Data           8  stm32f4xx_hal_dma.o(.constdata)
    .constdata                               0x0800f1c8   Section       16  system_stm32f4xx.o(.constdata)
    .constdata                               0x0800f1d8   Section        8  system_stm32f4xx.o(.constdata)
    .constdata                               0x0800f1e0   Section       76  ff.o(.constdata)
    LfnOfs                                   0x0800f1e0   Data          13  ff.o(.constdata)
    badchr                                   0x0800f1ed   Data          18  ff.o(.constdata)
    cst                                      0x0800f200   Data          14  ff.o(.constdata)
    cst32                                    0x0800f20e   Data          14  ff.o(.constdata)
    defopt                                   0x0800f21c   Data          16  ff.o(.constdata)
    .constdata                               0x0800f22c   Section      686  ffunicode.o(.constdata)
    cvt1                                     0x0800f22c   Data         498  ffunicode.o(.constdata)
    cvt2                                     0x0800f41e   Data         188  ffunicode.o(.constdata)
    .conststring                             0x0800f4dc   Section      270  fonts.o(.conststring)
    .conststring                             0x0800f5ec   Section      321  icon.o(.conststring)
    .ARM.__AT_0x10000000                     0x10000000   Section    61440  mymalloc.o(.ARM.__AT_0x10000000)
    mem2base                                 0x10000000   Data       61440  mymalloc.o(.ARM.__AT_0x10000000)
    .ARM.__AT_0x1000F000                     0x1000f000   Section     3840  mymalloc.o(.ARM.__AT_0x1000F000)
    mem2mapbase                              0x1000f000   Data        3840  mymalloc.o(.ARM.__AT_0x1000F000)
    .data                                    0x20000000   Section        4  delay.o(.data)
    g_fac_us                                 0x20000000   Data           4  delay.o(.data)
    .data                                    0x20000004   Section        4  lcd.o(.data)
    .data                                    0x20000008   Section        4  lcd.o(.data)
    .data                                    0x2000000c   Section        2  norflash.o(.data)
    .data                                    0x20000010   Section       36  mymalloc.o(.data)
    .data                                    0x20000034   Section        4  fonts.o(.data)
    .data                                    0x20000038   Section      576  main.o(.data)
    .data                                    0x20000278   Section        8  fsmc.o(.data)
    FSMC_Initialized                         0x20000278   Data           4  fsmc.o(.data)
    FSMC_DeInitialized                       0x2000027c   Data           4  fsmc.o(.data)
    .data                                    0x20000280   Section        8  icon.o(.data)
    .data                                    0x20000288   Section       12  stm32f4xx_hal.o(.data)
    .data                                    0x20000294   Section        4  system_stm32f4xx.o(.data)
    .data                                    0x20000298   Section       12  ff.o(.data)
    Fsid                                     0x20000298   Data           2  ff.o(.data)
    FatFs                                    0x2000029c   Data           8  ff.o(.data)
    .data                                    0x200002a4   Section        8  exfuns.o(.data)
    .data                                    0x200002ac   Section        4  stdout.o(.data)
    .bss                                     0x200002b0   Section       14  lcd.o(.bss)
    .bss                                     0x200002be   Section     4096  norflash.o(.bss)
    .bss                                     0x200012c0   Section    102400  mymalloc.o(.bss)
    mem1base                                 0x200012c0   Data       102400  mymalloc.o(.bss)
    .bss                                     0x2001a2c0   Section     6400  mymalloc.o(.bss)
    mem1mapbase                              0x2001a2c0   Data        6400  mymalloc.o(.bss)
    .bss                                     0x2001bbc0   Section      652  main.o(.bss)
    .bss                                     0x2001be4c   Section       32  main.o(.bss)
    .bss                                     0x2001be6c   Section      160  fsmc.o(.bss)
    .bss                                     0x2001bf0c   Section      324  sdio.o(.bss)
    .bss                                     0x2001c050   Section       88  spi.o(.bss)
    .bss                                     0x2001c0a8   Section       68  usart.o(.bss)
    .bss                                     0x2001c0f0   Section      384  fattester.o(.bss)
    STACK                                    0x2001c270   Section     1024  startup_stm32f407xx.o(STACK)
    .ARM.__AT_0x68000000                     0x68000000   Section    986112  mymalloc.o(.ARM.__AT_0x68000000)
    mem3base                                 0x68000000   Data       986112  mymalloc.o(.ARM.__AT_0x68000000)
    .ARM.__AT_0x680F0C00                     0x680f0c00   Section    61632  mymalloc.o(.ARM.__AT_0x680F0C00)
    mem3mapbase                              0x680f0c00   Data       61632  mymalloc.o(.ARM.__AT_0x680F0C00)

    Global Symbols

    Symbol Name                              Value     Ov Type        Size  Object(Section)

    BuildAttributes$$THM_ISAv4$E$P$D$K$B$S$7EM$VFPi3$EXTD16$VFPS$VFMA$PE$A:L22UL41UL21$X:L11$S22US41US21$IEEE1$IW$USESV6$~STKCKD$USESV7$~SHL$OSPACE$ROPI$EBA8$MICROLIB$REQ8$PRES8$EABIv2 0x00000000   Number         0  anon$$obj.o ABSOLUTE
    __ARM_use_no_argv                        0x00000000   Number         0  main.o ABSOLUTE
    _printf_a                                0x00000000   Number         0  stubs.o ABSOLUTE
    _printf_c                                0x00000000   Number         0  stubs.o ABSOLUTE
    _printf_charcount                        0x00000000   Number         0  stubs.o ABSOLUTE
    _printf_d                                0x00000000   Number         0  stubs.o ABSOLUTE
    _printf_e                                0x00000000   Number         0  stubs.o ABSOLUTE
    _printf_f                                0x00000000   Number         0  stubs.o ABSOLUTE
    _printf_flags                            0x00000000   Number         0  stubs.o ABSOLUTE
    _printf_fp_dec                           0x00000000   Number         0  stubs.o ABSOLUTE
    _printf_fp_hex                           0x00000000   Number         0  stubs.o ABSOLUTE
    _printf_g                                0x00000000   Number         0  stubs.o ABSOLUTE
    _printf_i                                0x00000000   Number         0  stubs.o ABSOLUTE
    _printf_int_dec                          0x00000000   Number         0  stubs.o ABSOLUTE
    _printf_l                                0x00000000   Number         0  stubs.o ABSOLUTE
    _printf_lc                               0x00000000   Number         0  stubs.o ABSOLUTE
    _printf_ll                               0x00000000   Number         0  stubs.o ABSOLUTE
    _printf_lld                              0x00000000   Number         0  stubs.o ABSOLUTE
    _printf_lli                              0x00000000   Number         0  stubs.o ABSOLUTE
    _printf_llo                              0x00000000   Number         0  stubs.o ABSOLUTE
    _printf_llu                              0x00000000   Number         0  stubs.o ABSOLUTE
    _printf_llx                              0x00000000   Number         0  stubs.o ABSOLUTE
    _printf_longlong_dec                     0x00000000   Number         0  stubs.o ABSOLUTE
    _printf_longlong_hex                     0x00000000   Number         0  stubs.o ABSOLUTE
    _printf_longlong_oct                     0x00000000   Number         0  stubs.o ABSOLUTE
    _printf_ls                               0x00000000   Number         0  stubs.o ABSOLUTE
    _printf_mbtowc                           0x00000000   Number         0  stubs.o ABSOLUTE
    _printf_n                                0x00000000   Number         0  stubs.o ABSOLUTE
    _printf_o                                0x00000000   Number         0  stubs.o ABSOLUTE
    _printf_p                                0x00000000   Number         0  stubs.o ABSOLUTE
    _printf_percent                          0x00000000   Number         0  stubs.o ABSOLUTE
    _printf_pre_padding                      0x00000000   Number         0  stubs.o ABSOLUTE
    _printf_return_value                     0x00000000   Number         0  stubs.o ABSOLUTE
    _printf_s                                0x00000000   Number         0  stubs.o ABSOLUTE
    _printf_sizespec                         0x00000000   Number         0  stubs.o ABSOLUTE
    _printf_str                              0x00000000   Number         0  stubs.o ABSOLUTE
    _printf_truncate_signed                  0x00000000   Number         0  stubs.o ABSOLUTE
    _printf_truncate_unsigned                0x00000000   Number         0  stubs.o ABSOLUTE
    _printf_u                                0x00000000   Number         0  stubs.o ABSOLUTE
    _printf_wc                               0x00000000   Number         0  stubs.o ABSOLUTE
    _printf_wctomb                           0x00000000   Number         0  stubs.o ABSOLUTE
    _printf_widthprec                        0x00000000   Number         0  stubs.o ABSOLUTE
    _printf_x                                0x00000000   Number         0  stubs.o ABSOLUTE
    __cpp_initialize__aeabi_                  - Undefined Weak Reference
    __cxa_finalize                            - Undefined Weak Reference
    _clock_init                               - Undefined Weak Reference
    _microlib_exit                            - Undefined Weak Reference
    __Vectors_Size                           0x00000188   Number         0  startup_stm32f407xx.o ABSOLUTE
    __Vectors                                0x08000000   Data           4  startup_stm32f407xx.o(RESET)
    __Vectors_End                            0x08000188   Data           0  startup_stm32f407xx.o(RESET)
    __main                                   0x08000189   Thumb Code     0  entry.o(.ARM.Collect$$$$00000000)
    _main_stk                                0x08000189   Thumb Code     0  entry2.o(.ARM.Collect$$$$00000001)
    _main_scatterload                        0x0800018d   Thumb Code     0  entry5.o(.ARM.Collect$$$$00000004)
    __main_after_scatterload                 0x08000191   Thumb Code     0  entry5.o(.ARM.Collect$$$$00000004)
    _main_clock                              0x08000191   Thumb Code     0  entry7b.o(.ARM.Collect$$$$00000008)
    _main_cpp_init                           0x08000191   Thumb Code     0  entry8b.o(.ARM.Collect$$$$0000000A)
    _main_init                               0x08000191   Thumb Code     0  entry9a.o(.ARM.Collect$$$$0000000B)
    __rt_final_cpp                           0x08000199   Thumb Code     0  entry10a.o(.ARM.Collect$$$$0000000D)
    __rt_final_exit                          0x08000199   Thumb Code     0  entry11a.o(.ARM.Collect$$$$0000000F)
    Reset_Handler                            0x0800019d   Thumb Code     8  startup_stm32f407xx.o(.text)
    ADC_IRQHandler                           0x080001b7   Thumb Code     0  startup_stm32f407xx.o(.text)
    CAN1_RX0_IRQHandler                      0x080001b7   Thumb Code     0  startup_stm32f407xx.o(.text)
    CAN1_RX1_IRQHandler                      0x080001b7   Thumb Code     0  startup_stm32f407xx.o(.text)
    CAN1_SCE_IRQHandler                      0x080001b7   Thumb Code     0  startup_stm32f407xx.o(.text)
    CAN1_TX_IRQHandler                       0x080001b7   Thumb Code     0  startup_stm32f407xx.o(.text)
    CAN2_RX0_IRQHandler                      0x080001b7   Thumb Code     0  startup_stm32f407xx.o(.text)
    CAN2_RX1_IRQHandler                      0x080001b7   Thumb Code     0  startup_stm32f407xx.o(.text)
    CAN2_SCE_IRQHandler                      0x080001b7   Thumb Code     0  startup_stm32f407xx.o(.text)
    CAN2_TX_IRQHandler                       0x080001b7   Thumb Code     0  startup_stm32f407xx.o(.text)
    DCMI_IRQHandler                          0x080001b7   Thumb Code     0  startup_stm32f407xx.o(.text)
    DMA1_Stream0_IRQHandler                  0x080001b7   Thumb Code     0  startup_stm32f407xx.o(.text)
    DMA1_Stream1_IRQHandler                  0x080001b7   Thumb Code     0  startup_stm32f407xx.o(.text)
    DMA1_Stream2_IRQHandler                  0x080001b7   Thumb Code     0  startup_stm32f407xx.o(.text)
    DMA1_Stream3_IRQHandler                  0x080001b7   Thumb Code     0  startup_stm32f407xx.o(.text)
    DMA1_Stream4_IRQHandler                  0x080001b7   Thumb Code     0  startup_stm32f407xx.o(.text)
    DMA1_Stream5_IRQHandler                  0x080001b7   Thumb Code     0  startup_stm32f407xx.o(.text)
    DMA1_Stream6_IRQHandler                  0x080001b7   Thumb Code     0  startup_stm32f407xx.o(.text)
    DMA1_Stream7_IRQHandler                  0x080001b7   Thumb Code     0  startup_stm32f407xx.o(.text)
    DMA2_Stream0_IRQHandler                  0x080001b7   Thumb Code     0  startup_stm32f407xx.o(.text)
    DMA2_Stream1_IRQHandler                  0x080001b7   Thumb Code     0  startup_stm32f407xx.o(.text)
    DMA2_Stream2_IRQHandler                  0x080001b7   Thumb Code     0  startup_stm32f407xx.o(.text)
    DMA2_Stream4_IRQHandler                  0x080001b7   Thumb Code     0  startup_stm32f407xx.o(.text)
    DMA2_Stream5_IRQHandler                  0x080001b7   Thumb Code     0  startup_stm32f407xx.o(.text)
    DMA2_Stream7_IRQHandler                  0x080001b7   Thumb Code     0  startup_stm32f407xx.o(.text)
    ETH_IRQHandler                           0x080001b7   Thumb Code     0  startup_stm32f407xx.o(.text)
    ETH_WKUP_IRQHandler                      0x080001b7   Thumb Code     0  startup_stm32f407xx.o(.text)
    EXTI15_10_IRQHandler                     0x080001b7   Thumb Code     0  startup_stm32f407xx.o(.text)
    EXTI1_IRQHandler                         0x080001b7   Thumb Code     0  startup_stm32f407xx.o(.text)
    EXTI9_5_IRQHandler                       0x080001b7   Thumb Code     0  startup_stm32f407xx.o(.text)
    FLASH_IRQHandler                         0x080001b7   Thumb Code     0  startup_stm32f407xx.o(.text)
    FMC_IRQHandler                           0x080001b7   Thumb Code     0  startup_stm32f407xx.o(.text)
    FPU_IRQHandler                           0x080001b7   Thumb Code     0  startup_stm32f407xx.o(.text)
    HASH_RNG_IRQHandler                      0x080001b7   Thumb Code     0  startup_stm32f407xx.o(.text)
    I2C1_ER_IRQHandler                       0x080001b7   Thumb Code     0  startup_stm32f407xx.o(.text)
    I2C1_EV_IRQHandler                       0x080001b7   Thumb Code     0  startup_stm32f407xx.o(.text)
    I2C2_ER_IRQHandler                       0x080001b7   Thumb Code     0  startup_stm32f407xx.o(.text)
    I2C2_EV_IRQHandler                       0x080001b7   Thumb Code     0  startup_stm32f407xx.o(.text)
    I2C3_ER_IRQHandler                       0x080001b7   Thumb Code     0  startup_stm32f407xx.o(.text)
    I2C3_EV_IRQHandler                       0x080001b7   Thumb Code     0  startup_stm32f407xx.o(.text)
    OTG_FS_IRQHandler                        0x080001b7   Thumb Code     0  startup_stm32f407xx.o(.text)
    OTG_FS_WKUP_IRQHandler                   0x080001b7   Thumb Code     0  startup_stm32f407xx.o(.text)
    OTG_HS_EP1_IN_IRQHandler                 0x080001b7   Thumb Code     0  startup_stm32f407xx.o(.text)
    OTG_HS_EP1_OUT_IRQHandler                0x080001b7   Thumb Code     0  startup_stm32f407xx.o(.text)
    OTG_HS_IRQHandler                        0x080001b7   Thumb Code     0  startup_stm32f407xx.o(.text)
    OTG_HS_WKUP_IRQHandler                   0x080001b7   Thumb Code     0  startup_stm32f407xx.o(.text)
    PVD_IRQHandler                           0x080001b7   Thumb Code     0  startup_stm32f407xx.o(.text)
    RCC_IRQHandler                           0x080001b7   Thumb Code     0  startup_stm32f407xx.o(.text)
    RTC_Alarm_IRQHandler                     0x080001b7   Thumb Code     0  startup_stm32f407xx.o(.text)
    RTC_WKUP_IRQHandler                      0x080001b7   Thumb Code     0  startup_stm32f407xx.o(.text)
    SPI1_IRQHandler                          0x080001b7   Thumb Code     0  startup_stm32f407xx.o(.text)
    SPI2_IRQHandler                          0x080001b7   Thumb Code     0  startup_stm32f407xx.o(.text)
    SPI3_IRQHandler                          0x080001b7   Thumb Code     0  startup_stm32f407xx.o(.text)
    TAMP_STAMP_IRQHandler                    0x080001b7   Thumb Code     0  startup_stm32f407xx.o(.text)
    TIM1_BRK_TIM9_IRQHandler                 0x080001b7   Thumb Code     0  startup_stm32f407xx.o(.text)
    TIM1_CC_IRQHandler                       0x080001b7   Thumb Code     0  startup_stm32f407xx.o(.text)
    TIM1_TRG_COM_TIM11_IRQHandler            0x080001b7   Thumb Code     0  startup_stm32f407xx.o(.text)
    TIM1_UP_TIM10_IRQHandler                 0x080001b7   Thumb Code     0  startup_stm32f407xx.o(.text)
    TIM2_IRQHandler                          0x080001b7   Thumb Code     0  startup_stm32f407xx.o(.text)
    TIM3_IRQHandler                          0x080001b7   Thumb Code     0  startup_stm32f407xx.o(.text)
    TIM4_IRQHandler                          0x080001b7   Thumb Code     0  startup_stm32f407xx.o(.text)
    TIM5_IRQHandler                          0x080001b7   Thumb Code     0  startup_stm32f407xx.o(.text)
    TIM6_DAC_IRQHandler                      0x080001b7   Thumb Code     0  startup_stm32f407xx.o(.text)
    TIM7_IRQHandler                          0x080001b7   Thumb Code     0  startup_stm32f407xx.o(.text)
    TIM8_BRK_TIM12_IRQHandler                0x080001b7   Thumb Code     0  startup_stm32f407xx.o(.text)
    TIM8_CC_IRQHandler                       0x080001b7   Thumb Code     0  startup_stm32f407xx.o(.text)
    TIM8_TRG_COM_TIM14_IRQHandler            0x080001b7   Thumb Code     0  startup_stm32f407xx.o(.text)
    TIM8_UP_TIM13_IRQHandler                 0x080001b7   Thumb Code     0  startup_stm32f407xx.o(.text)
    UART4_IRQHandler                         0x080001b7   Thumb Code     0  startup_stm32f407xx.o(.text)
    UART5_IRQHandler                         0x080001b7   Thumb Code     0  startup_stm32f407xx.o(.text)
    USART1_IRQHandler                        0x080001b7   Thumb Code     0  startup_stm32f407xx.o(.text)
    USART2_IRQHandler                        0x080001b7   Thumb Code     0  startup_stm32f407xx.o(.text)
    USART3_IRQHandler                        0x080001b7   Thumb Code     0  startup_stm32f407xx.o(.text)
    USART6_IRQHandler                        0x080001b7   Thumb Code     0  startup_stm32f407xx.o(.text)
    WWDG_IRQHandler                          0x080001b7   Thumb Code     0  startup_stm32f407xx.o(.text)
    __aeabi_uldivmod                         0x080001c1   Thumb Code    98  uldiv.o(.text)
    __aeabi_memcpy                           0x08000223   Thumb Code    36  memcpya.o(.text)
    __aeabi_memcpy4                          0x08000223   Thumb Code     0  memcpya.o(.text)
    __aeabi_memcpy8                          0x08000223   Thumb Code     0  memcpya.o(.text)
    __aeabi_memset                           0x08000247   Thumb Code    14  memseta.o(.text)
    __aeabi_memset4                          0x08000247   Thumb Code     0  memseta.o(.text)
    __aeabi_memset8                          0x08000247   Thumb Code     0  memseta.o(.text)
    __aeabi_memclr                           0x08000255   Thumb Code     4  memseta.o(.text)
    __aeabi_memclr4                          0x08000255   Thumb Code     0  memseta.o(.text)
    __aeabi_memclr8                          0x08000255   Thumb Code     0  memseta.o(.text)
    _memset$wrapper                          0x08000259   Thumb Code    18  memseta.o(.text)
    strcat                                   0x0800026b   Thumb Code    24  strcat.o(.text)
    strchr                                   0x08000283   Thumb Code    20  strchr.o(.text)
    memcmp                                   0x08000297   Thumb Code    26  memcmp.o(.text)
    strcpy                                   0x080002b1   Thumb Code    18  strcpy.o(.text)
    __aeabi_dmul                             0x080002c3   Thumb Code   228  dmul.o(.text)
    __aeabi_ui2d                             0x080003a7   Thumb Code    26  dfltui.o(.text)
    __aeabi_d2uiz                            0x080003c1   Thumb Code    50  dfixui.o(.text)
    __aeabi_llsl                             0x080003f3   Thumb Code    30  llshl.o(.text)
    _ll_shift_l                              0x080003f3   Thumb Code     0  llshl.o(.text)
    __aeabi_llsr                             0x08000411   Thumb Code    32  llushr.o(.text)
    _ll_ushift_r                             0x08000411   Thumb Code     0  llushr.o(.text)
    __I$use$fp                               0x08000431   Thumb Code     0  iusefp.o(.text)
    _double_round                            0x08000431   Thumb Code    30  depilogue.o(.text)
    _double_epilogue                         0x0800044f   Thumb Code   156  depilogue.o(.text)
    __scatterload                            0x080004ed   Thumb Code    28  init.o(.text)
    __scatterload_rt2                        0x080004ed   Thumb Code     0  init.o(.text)
    __decompress                             0x08000511   Thumb Code     0  __dczerorl2.o(.text)
    __decompress1                            0x08000511   Thumb Code    86  __dczerorl2.o(.text)
    BusFault_Handler                         0x08000567   Thumb Code     2  stm32f4xx_it.o(i.BusFault_Handler)
    DMA2_Stream3_IRQHandler                  0x08000569   Thumb Code     6  stm32f4xx_it.o(i.DMA2_Stream3_IRQHandler)
    DMA2_Stream6_IRQHandler                  0x08000575   Thumb Code     6  stm32f4xx_it.o(i.DMA2_Stream6_IRQHandler)
    DebugMon_Handler                         0x08000625   Thumb Code     2  stm32f4xx_it.o(i.DebugMon_Handler)
    EXTI0_IRQHandler                         0x08000627   Thumb Code     6  stm32f4xx_it.o(i.EXTI0_IRQHandler)
    EXTI2_IRQHandler                         0x0800062d   Thumb Code     6  stm32f4xx_it.o(i.EXTI2_IRQHandler)
    EXTI3_IRQHandler                         0x08000633   Thumb Code     6  stm32f4xx_it.o(i.EXTI3_IRQHandler)
    EXTI4_IRQHandler                         0x08000639   Thumb Code     6  stm32f4xx_it.o(i.EXTI4_IRQHandler)
    Error_Handler                            0x0800063f   Thumb Code     2  main.o(i.Error_Handler)
    FSMC_NORSRAM_Extended_Timing_Init        0x08000641   Thumb Code    60  stm32f4xx_ll_fsmc.o(i.FSMC_NORSRAM_Extended_Timing_Init)
    FSMC_NORSRAM_Init                        0x08000681   Thumb Code    80  stm32f4xx_ll_fsmc.o(i.FSMC_NORSRAM_Init)
    FSMC_NORSRAM_Timing_Init                 0x080006d5   Thumb Code    64  stm32f4xx_ll_fsmc.o(i.FSMC_NORSRAM_Timing_Init)
    HAL_DMA_Abort_IT                         0x08000719   Thumb Code    36  stm32f4xx_hal_dma.o(i.HAL_DMA_Abort_IT)
    HAL_DMA_GetError                         0x0800073d   Thumb Code     4  stm32f4xx_hal_dma.o(i.HAL_DMA_GetError)
    HAL_DMA_IRQHandler                       0x08000741   Thumb Code   412  stm32f4xx_hal_dma.o(i.HAL_DMA_IRQHandler)
    HAL_DMA_Init                             0x080008e1   Thumb Code   206  stm32f4xx_hal_dma.o(i.HAL_DMA_Init)
    HAL_DMA_Start_IT                         0x080009b5   Thumb Code   110  stm32f4xx_hal_dma.o(i.HAL_DMA_Start_IT)
    HAL_Delay                                0x08000a23   Thumb Code     6  delay.o(i.HAL_Delay)
    HAL_GPIO_EXTI_Callback                   0x08000acd   Thumb Code  2120  main.o(i.HAL_GPIO_EXTI_Callback)
    HAL_GPIO_EXTI_IRQHandler                 0x0800137d   Thumb Code    18  stm32f4xx_hal_gpio.o(i.HAL_GPIO_EXTI_IRQHandler)
    HAL_GPIO_Init                            0x08001395   Thumb Code   448  stm32f4xx_hal_gpio.o(i.HAL_GPIO_Init)
    HAL_GPIO_TogglePin                       0x08001581   Thumb Code    16  stm32f4xx_hal_gpio.o(i.HAL_GPIO_TogglePin)
    HAL_GPIO_WritePin                        0x08001591   Thumb Code    10  stm32f4xx_hal_gpio.o(i.HAL_GPIO_WritePin)
    HAL_GetTick                              0x0800159d   Thumb Code     6  stm32f4xx_hal.o(i.HAL_GetTick)
    HAL_IncTick                              0x080015a9   Thumb Code    12  stm32f4xx_hal.o(i.HAL_IncTick)
    HAL_Init                                 0x080015b9   Thumb Code    48  stm32f4xx_hal.o(i.HAL_Init)
    HAL_InitTick                             0x080015ed   Thumb Code    54  stm32f4xx_hal.o(i.HAL_InitTick)
    HAL_MspInit                              0x0800162d   Thumb Code    48  stm32f4xx_hal_msp.o(i.HAL_MspInit)
    HAL_NVIC_EnableIRQ                       0x08001661   Thumb Code    26  stm32f4xx_hal_cortex.o(i.HAL_NVIC_EnableIRQ)
    HAL_NVIC_SetPriority                     0x0800167d   Thumb Code    60  stm32f4xx_hal_cortex.o(i.HAL_NVIC_SetPriority)
    HAL_NVIC_SetPriorityGrouping             0x080016bd   Thumb Code    26  stm32f4xx_hal_cortex.o(i.HAL_NVIC_SetPriorityGrouping)
    HAL_RCC_ClockConfig                      0x080016e1   Thumb Code   288  stm32f4xx_hal_rcc.o(i.HAL_RCC_ClockConfig)
    HAL_RCC_GetPCLK1Freq                     0x08001815   Thumb Code    20  stm32f4xx_hal_rcc.o(i.HAL_RCC_GetPCLK1Freq)
    HAL_RCC_GetPCLK2Freq                     0x08001835   Thumb Code    20  stm32f4xx_hal_rcc.o(i.HAL_RCC_GetPCLK2Freq)
    HAL_RCC_GetSysClockFreq                  0x08001855   Thumb Code    88  stm32f4xx_hal_rcc.o(i.HAL_RCC_GetSysClockFreq)
    HAL_RCC_OscConfig                        0x080018b5   Thumb Code   856  stm32f4xx_hal_rcc.o(i.HAL_RCC_OscConfig)
    HAL_SD_AbortCallback                     0x08001c21   Thumb Code     2  stm32f4xx_hal_sd.o(i.HAL_SD_AbortCallback)
    HAL_SD_ConfigWideBusOperation            0x08001c25   Thumb Code   276  stm32f4xx_hal_sd.o(i.HAL_SD_ConfigWideBusOperation)
    HAL_SD_ErrorCallback                     0x08001d3d   Thumb Code     2  stm32f4xx_hal_sd.o(i.HAL_SD_ErrorCallback)
    HAL_SD_GetCardCSD                        0x08001d41   Thumb Code   402  stm32f4xx_hal_sd.o(i.HAL_SD_GetCardCSD)
    HAL_SD_GetCardInfo                       0x08001ed9   Thumb Code    36  stm32f4xx_hal_sd.o(i.HAL_SD_GetCardInfo)
    HAL_SD_GetCardState                      0x08001efd   Thumb Code    44  stm32f4xx_hal_sd.o(i.HAL_SD_GetCardState)
    HAL_SD_IRQHandler                        0x08001f29   Thumb Code   512  stm32f4xx_hal_sd.o(i.HAL_SD_IRQHandler)
    HAL_SD_Init                              0x08002131   Thumb Code    54  stm32f4xx_hal_sd.o(i.HAL_SD_Init)
    HAL_SD_InitCard                          0x08002169   Thumb Code   108  stm32f4xx_hal_sd.o(i.HAL_SD_InitCard)
    HAL_SD_MspInit                           0x080021dd   Thumb Code   298  sdio.o(i.HAL_SD_MspInit)
    HAL_SD_ReadBlocks                        0x08002321   Thumb Code   468  stm32f4xx_hal_sd.o(i.HAL_SD_ReadBlocks)
    HAL_SD_ReadBlocks_DMA                    0x080024f9   Thumb Code   276  stm32f4xx_hal_sd.o(i.HAL_SD_ReadBlocks_DMA)
    HAL_SD_RxCpltCallback                    0x0800261d   Thumb Code     8  dma.o(i.HAL_SD_RxCpltCallback)
    HAL_SD_TxCpltCallback                    0x08002629   Thumb Code     8  dma.o(i.HAL_SD_TxCpltCallback)
    HAL_SD_WriteBlocks                       0x08002635   Thumb Code   422  stm32f4xx_hal_sd.o(i.HAL_SD_WriteBlocks)
    HAL_SD_WriteBlocks_DMA                   0x080027e1   Thumb Code   270  stm32f4xx_hal_sd.o(i.HAL_SD_WriteBlocks_DMA)
    HAL_SPI_Init                             0x08002901   Thumb Code   188  stm32f4xx_hal_spi.o(i.HAL_SPI_Init)
    HAL_SPI_MspInit                          0x080029bd   Thumb Code    92  spi.o(i.HAL_SPI_MspInit)
    HAL_SPI_TransmitReceive                  0x08002a25   Thumb Code   482  stm32f4xx_hal_spi.o(i.HAL_SPI_TransmitReceive)
    HAL_SRAM_Init                            0x08002c07   Thumb Code    86  stm32f4xx_hal_sram.o(i.HAL_SRAM_Init)
    HAL_SRAM_MspInit                         0x08002c5d   Thumb Code     4  fsmc.o(i.HAL_SRAM_MspInit)
    HAL_SYSTICK_Config                       0x08002c61   Thumb Code    40  stm32f4xx_hal_cortex.o(i.HAL_SYSTICK_Config)
    HAL_UART_Init                            0x08002c89   Thumb Code    98  stm32f4xx_hal_uart.o(i.HAL_UART_Init)
    HAL_UART_MspInit                         0x08002ced   Thumb Code    94  usart.o(i.HAL_UART_MspInit)
    HardFault_Handler                        0x08002d59   Thumb Code     2  stm32f4xx_it.o(i.HardFault_Handler)
    MX_DMA_Init                              0x08002d5d   Thumb Code    56  dma.o(i.MX_DMA_Init)
    MX_FSMC_Init                             0x08002d99   Thumb Code   214  fsmc.o(i.MX_FSMC_Init)
    MX_GPIO_Init                             0x08002e79   Thumb Code   334  gpio.o(i.MX_GPIO_Init)
    MX_SDIO_SD_Init                          0x08002fe5   Thumb Code    56  sdio.o(i.MX_SDIO_SD_Init)
    MX_SPI1_Init                             0x08003025   Thumb Code    64  spi.o(i.MX_SPI1_Init)
    MX_USART1_UART_Init                      0x0800306d   Thumb Code    48  usart.o(i.MX_USART1_UART_Init)
    MemManage_Handler                        0x080030a5   Thumb Code     2  stm32f4xx_it.o(i.MemManage_Handler)
    NMI_Handler                              0x080030a7   Thumb Code     2  stm32f4xx_it.o(i.NMI_Handler)
    PendSV_Handler                           0x080030a9   Thumb Code     2  stm32f4xx_it.o(i.PendSV_Handler)
    SDIO_ConfigData                          0x080030ab   Thumb Code    36  stm32f4xx_ll_sdmmc.o(i.SDIO_ConfigData)
    SDIO_GetPowerState                       0x080030cf   Thumb Code     8  stm32f4xx_ll_sdmmc.o(i.SDIO_GetPowerState)
    SDIO_GetResponse                         0x080030d7   Thumb Code     6  stm32f4xx_ll_sdmmc.o(i.SDIO_GetResponse)
    SDIO_IRQHandler                          0x080030dd   Thumb Code     6  stm32f4xx_it.o(i.SDIO_IRQHandler)
    SDIO_Init                                0x080030e9   Thumb Code    36  stm32f4xx_ll_sdmmc.o(i.SDIO_Init)
    SDIO_PowerState_ON                       0x0800310d   Thumb Code    16  stm32f4xx_ll_sdmmc.o(i.SDIO_PowerState_ON)
    SDIO_ReadFIFO                            0x0800311d   Thumb Code     6  stm32f4xx_ll_sdmmc.o(i.SDIO_ReadFIFO)
    SDIO_SendCommand                         0x08003123   Thumb Code    32  stm32f4xx_ll_sdmmc.o(i.SDIO_SendCommand)
    SDIO_WriteFIFO                           0x08003143   Thumb Code    10  stm32f4xx_ll_sdmmc.o(i.SDIO_WriteFIFO)
    SDMMC_CmdAppCommand                      0x0800314d   Thumb Code    50  stm32f4xx_ll_sdmmc.o(i.SDMMC_CmdAppCommand)
    SDMMC_CmdAppOperCommand                  0x08003181   Thumb Code    48  stm32f4xx_ll_sdmmc.o(i.SDMMC_CmdAppOperCommand)
    SDMMC_CmdBlockLength                     0x080031b5   Thumb Code    50  stm32f4xx_ll_sdmmc.o(i.SDMMC_CmdBlockLength)
    SDMMC_CmdBusWidth                        0x080031e7   Thumb Code    50  stm32f4xx_ll_sdmmc.o(i.SDMMC_CmdBusWidth)
    SDMMC_CmdGoIdleState                     0x08003219   Thumb Code    74  stm32f4xx_ll_sdmmc.o(i.SDMMC_CmdGoIdleState)
    SDMMC_CmdOperCond                        0x08003269   Thumb Code   112  stm32f4xx_ll_sdmmc.o(i.SDMMC_CmdOperCond)
    SDMMC_CmdReadMultiBlock                  0x080032dd   Thumb Code    50  stm32f4xx_ll_sdmmc.o(i.SDMMC_CmdReadMultiBlock)
    SDMMC_CmdReadSingleBlock                 0x0800330f   Thumb Code    50  stm32f4xx_ll_sdmmc.o(i.SDMMC_CmdReadSingleBlock)
    SDMMC_CmdSelDesel                        0x08003341   Thumb Code    50  stm32f4xx_ll_sdmmc.o(i.SDMMC_CmdSelDesel)
    SDMMC_CmdSendCID                         0x08003373   Thumb Code    44  stm32f4xx_ll_sdmmc.o(i.SDMMC_CmdSendCID)
    SDMMC_CmdSendCSD                         0x0800339f   Thumb Code    44  stm32f4xx_ll_sdmmc.o(i.SDMMC_CmdSendCSD)
    SDMMC_CmdSendSCR                         0x080033cb   Thumb Code    48  stm32f4xx_ll_sdmmc.o(i.SDMMC_CmdSendSCR)
    SDMMC_CmdSendStatus                      0x080033fb   Thumb Code    50  stm32f4xx_ll_sdmmc.o(i.SDMMC_CmdSendStatus)
    SDMMC_CmdSetRelAdd                       0x0800342d   Thumb Code    48  stm32f4xx_ll_sdmmc.o(i.SDMMC_CmdSetRelAdd)
    SDMMC_CmdStopTransfer                    0x0800345d   Thumb Code    46  stm32f4xx_ll_sdmmc.o(i.SDMMC_CmdStopTransfer)
    SDMMC_CmdWriteMultiBlock                 0x08003491   Thumb Code    50  stm32f4xx_ll_sdmmc.o(i.SDMMC_CmdWriteMultiBlock)
    SDMMC_CmdWriteSingleBlock                0x080034c3   Thumb Code    50  stm32f4xx_ll_sdmmc.o(i.SDMMC_CmdWriteSingleBlock)
    SVC_Handler                              0x08003bf9   Thumb Code     2  stm32f4xx_it.o(i.SVC_Handler)
    SysTick_Handler                          0x08003bfb   Thumb Code     4  stm32f4xx_it.o(i.SysTick_Handler)
    SystemClock_Config                       0x08003c01   Thumb Code   126  main.o(i.SystemClock_Config)
    SystemInit                               0x08003c89   Thumb Code    12  system_stm32f4xx.o(i.SystemInit)
    UsageFault_Handler                       0x08003da5   Thumb Code     2  stm32f4xx_it.o(i.UsageFault_Handler)
    __0printf$8                              0x08003da9   Thumb Code    22  printf8.o(i.__0printf$8)
    __1printf$8                              0x08003da9   Thumb Code     0  printf8.o(i.__0printf$8)
    __2printf                                0x08003da9   Thumb Code     0  printf8.o(i.__0printf$8)
    __0sprintf$8                             0x08003dc9   Thumb Code    34  printf8.o(i.__0sprintf$8)
    __1sprintf$8                             0x08003dc9   Thumb Code     0  printf8.o(i.__0sprintf$8)
    __2sprintf                               0x08003dc9   Thumb Code     0  printf8.o(i.__0sprintf$8)
    __scatterload_copy                       0x08003e11   Thumb Code    14  handlers.o(i.__scatterload_copy)
    __scatterload_null                       0x08003e1f   Thumb Code     2  handlers.o(i.__scatterload_null)
    __scatterload_zeroinit                   0x08003e21   Thumb Code    14  handlers.o(i.__scatterload_zeroinit)
    delay_init                               0x08004a3d   Thumb Code     6  delay.o(i.delay_init)
    delay_ms                                 0x08004a49   Thumb Code    10  delay.o(i.delay_ms)
    delay_us                                 0x08004a55   Thumb Code    48  delay.o(i.delay_us)
    disk_initialize                          0x0800515f   Thumb Code    26  diskio.o(i.disk_initialize)
    disk_ioctl                               0x08005179   Thumb Code    86  diskio.o(i.disk_ioctl)
    disk_read                                0x080051d5   Thumb Code    82  diskio.o(i.disk_read)
    disk_status                              0x08005227   Thumb Code     4  diskio.o(i.disk_status)
    disk_write                               0x0800522b   Thumb Code    82  diskio.o(i.disk_write)
    erase_icon_sector                        0x0800527d   Thumb Code    88  icon.o(i.erase_icon_sector)
    exfuns_get_free                          0x080052d5   Thumb Code    46  exfuns.o(i.exfuns_get_free)
    exfuns_init                              0x08005305   Thumb Code    48  exfuns.o(i.exfuns_init)
    f_close                                  0x08005339   Thumb Code    30  ff.o(i.f_close)
    f_getfree                                0x08005357   Thumb Code   278  ff.o(i.f_getfree)
    f_mkfs                                   0x0800546d   Thumb Code  2844  ff.o(i.f_mkfs)
    f_mount                                  0x08005fbd   Thumb Code    72  ff.o(i.f_mount)
    f_open                                   0x08006009   Thumb Code   672  ff.o(i.f_open)
    f_read                                   0x080062ad   Thumb Code   390  ff.o(i.f_read)
    f_setlabel                               0x08006435   Thumb Code   384  ff.o(i.f_setlabel)
    f_sync                                   0x080065b9   Thumb Code   354  ff.o(i.f_sync)
    ff_memalloc                              0x08006721   Thumb Code     8  ffsystem.o(i.ff_memalloc)
    ff_memfree                               0x08006729   Thumb Code     8  ffsystem.o(i.ff_memfree)
    ff_oem2uni                               0x08006731   Thumb Code   114  ffunicode.o(i.ff_oem2uni)
    ff_uni2oem                               0x080067a9   Thumb Code   114  ffunicode.o(i.ff_uni2oem)
    ff_wtoupper                              0x08006821   Thumb Code   128  ffunicode.o(i.ff_wtoupper)
    fonts_init                               0x08006a35   Thumb Code    58  fonts.o(i.fonts_init)
    fonts_update_font                        0x08006afd   Thumb Code   598  fonts.o(i.fonts_update_font)
    fputc                                    0x08006f1d   Thumb Code    14  usart.o(i.fputc)
    get_sd_card_state                        0x08007139   Thumb Code    20  sdio_sdcard.o(i.get_sd_card_state)
    icons_init                               0x08007151   Thumb Code    58  icon.o(i.icons_init)
    icons_update_icon                        0x08007191   Thumb Code   464  icon.o(i.icons_update_icon)
    lcd_clear                                0x08007551   Thumb Code    44  lcd.o(i.lcd_clear)
    lcd_display_dir                          0x08007581   Thumb Code   230  lcd.o(i.lcd_display_dir)
    lcd_draw_point                           0x0800766d   Thumb Code    22  lcd.o(i.lcd_draw_point)
    lcd_ex_ili9341_reginit                   0x08007683   Thumb Code   558  lcd.o(i.lcd_ex_ili9341_reginit)
    lcd_ex_ili9806_reginit                   0x080078b1   Thumb Code   834  lcd.o(i.lcd_ex_ili9806_reginit)
    lcd_ex_nt35310_reginit                   0x08007bf3   Thumb Code  3828  lcd.o(i.lcd_ex_nt35310_reginit)
    lcd_ex_nt35510_reginit                   0x08008ae7   Thumb Code  3834  lcd.o(i.lcd_ex_nt35510_reginit)
    lcd_ex_ssd1963_reginit                   0x080099e1   Thumb Code   368  lcd.o(i.lcd_ex_ssd1963_reginit)
    lcd_ex_st7789_reginit                    0x08009b51   Thumb Code   426  lcd.o(i.lcd_ex_st7789_reginit)
    lcd_ex_st7796_reginit                    0x08009cfb   Thumb Code   456  lcd.o(i.lcd_ex_st7796_reginit)
    lcd_fill                                 0x08009ec5   Thumb Code    72  lcd.o(i.lcd_fill)
    lcd_get_backlight_by_pwm                 0x08009f0d   Thumb Code    20  lcd.o(i.lcd_get_backlight_by_pwm)
    lcd_init                                 0x08009f21   Thumb Code   668  lcd.o(i.lcd_init)
    lcd_scan_dir                             0x0800a1fd   Thumb Code   384  lcd.o(i.lcd_scan_dir)
    lcd_set_backlight_by_pwm                 0x0800a381   Thumb Code    58  lcd.o(i.lcd_set_backlight_by_pwm)
    lcd_set_cursor                           0x0800a3bd   Thumb Code   238  lcd.o(i.lcd_set_cursor)
    lcd_show_char                            0x0800a4b1   Thumb Code   196  lcd.o(i.lcd_show_char)
    lcd_show_num                             0x0800a58d   Thumb Code   114  lcd.o(i.lcd_show_num)
    lcd_show_string                          0x0800a5ff   Thumb Code    86  lcd.o(i.lcd_show_string)
    lcd_ssd_backlight_set                    0x0800a655   Thumb Code    72  lcd.o(i.lcd_ssd_backlight_set)
    lcd_wr_data                              0x0800a6a5   Thumb Code    24  lcd.o(i.lcd_wr_data)
    lcd_wr_regno                             0x0800a6bd   Thumb Code    24  lcd.o(i.lcd_wr_regno)
    lcd_write_ram_prepare                    0x0800a6d5   Thumb Code    14  lcd.o(i.lcd_write_ram_prepare)
    lcd_write_reg                            0x0800a6e9   Thumb Code    12  lcd.o(i.lcd_write_reg)
    main                                     0x0800a89d   Thumb Code   446  main.o(i.main)
    mf_free                                  0x0800ab49   Thumb Code    26  fattester.o(i.mf_free)
    mf_init                                  0x0800ab69   Thumb Code    48  fattester.o(i.mf_init)
    mount_disks                              0x0800ab9d   Thumb Code   766  main.o(i.mount_disks)
    my_mem_init                              0x0800b4ad   Thumb Code    36  mymalloc.o(i.my_mem_init)
    my_mem_perused                           0x0800b569   Thumb Code    50  mymalloc.o(i.my_mem_perused)
    my_mem_set                               0x0800b5a5   Thumb Code    14  mymalloc.o(i.my_mem_set)
    myfree                                   0x0800b5b5   Thumb Code    82  mymalloc.o(i.myfree)
    mymalloc                                 0x0800b611   Thumb Code    28  mymalloc.o(i.mymalloc)
    norflash_erase_sector                    0x0800b631   Thumb Code    58  norflash.o(i.norflash_erase_sector)
    norflash_init                            0x0800b671   Thumb Code    96  norflash.o(i.norflash_init)
    norflash_read                            0x0800b6d9   Thumb Code    74  norflash.o(i.norflash_read)
    norflash_read_id                         0x0800b729   Thumb Code    72  norflash.o(i.norflash_read_id)
    norflash_read_sr                         0x0800b775   Thumb Code    68  norflash.o(i.norflash_read_sr)
    norflash_write                           0x0800b801   Thumb Code   152  norflash.o(i.norflash_write)
    norflash_write_enable                    0x0800b89d   Thumb Code    38  norflash.o(i.norflash_write_enable)
    norflash_write_sr                        0x0800b949   Thumb Code    70  norflash.o(i.norflash_write_sr)
    sd_init                                  0x0800bc05   Thumb Code    58  sdio_sdcard.o(i.sd_init)
    sd_read_disk                             0x0800bc85   Thumb Code    44  sdio_sdcard.o(i.sd_read_disk)
    sd_write_disk                            0x0800bcb9   Thumb Code    44  sdio_sdcard.o(i.sd_write_disk)
    spi1_read_write_byte                     0x0800bced   Thumb Code    28  spi.o(i.spi1_read_write_byte)
    spi1_set_speed                           0x0800bd0d   Thumb Code    48  spi.o(i.spi1_set_speed)
    sram_init                                0x0800bd41   Thumb Code   326  sram.o(i.sram_init)
    asc2_1206                                0x0800c182   Data        1140  lcd.o(.constdata)
    asc2_1608                                0x0800c5f6   Data        1520  lcd.o(.constdata)
    asc2_2412                                0x0800cbe6   Data        3420  lcd.o(.constdata)
    asc2_3216                                0x0800d942   Data        6080  lcd.o(.constdata)
    memtblsize                               0x0800f104   Data          12  mymalloc.o(.constdata)
    memblksize                               0x0800f110   Data          12  mymalloc.o(.constdata)
    memsize                                  0x0800f11c   Data          12  mymalloc.o(.constdata)
    FONT_GBK_PATH                            0x0800f128   Data          32  fonts.o(.constdata)
    FONT_UPDATE_REMIND_TBL                   0x0800f148   Data          32  fonts.o(.constdata)
    g_text_buf                               0x0800f168   Data          16  main.o(.constdata)
    ICON_BIN_PATH                            0x0800f178   Data          72  icon.o(.constdata)
    AHBPrescTable                            0x0800f1c8   Data          16  system_stm32f4xx.o(.constdata)
    APBPrescTable                            0x0800f1d8   Data           8  system_stm32f4xx.o(.constdata)
    Region$$Table$$Base                      0x0800f730   Number         0  anon$$obj.o(Region$$Table)
    Region$$Table$$Limit                     0x0800f750   Number         0  anon$$obj.o(Region$$Table)
    g_point_color                            0x20000004   Data           4  lcd.o(.data)
    g_back_color                             0x20000008   Data           4  lcd.o(.data)
    g_norflash_type                          0x2000000c   Data           2  norflash.o(.data)
    mallco_dev                               0x20000010   Data          36  mymalloc.o(.data)
    path                                     0x20000034   Data           4  fonts.o(.data)
    sramx                                    0x20000038   Data           1  main.o(.data)
    block_size                               0x20000039   Data           1  main.o(.data)
    color_index                              0x2000003a   Data           1  main.o(.data)
    sd_mount_status                          0x2000003b   Data           1  main.o(.data)
    flash_mount_status                       0x2000003c   Data           1  main.o(.data)
    fonts_update_res                         0x2000003d   Data           1  main.o(.data)
    icons_update_res                         0x2000003e   Data           1  main.o(.data)
    i                                        0x2000003f   Data           1  main.o(.data)
    DMA_SEND_OK                              0x20000040   Data           1  main.o(.data)
    DMA_RCV_OK                               0x20000041   Data           1  main.o(.data)
    cur_brightness                           0x20000042   Data           1  main.o(.data)
    memused                                  0x20000044   Data           2  main.o(.data)
    flashsize                                0x20000048   Data           4  main.o(.data)
    p                                        0x2000004c   Data           4  main.o(.data)
    total_space                              0x20000050   Data           4  main.o(.data)
    free_space                               0x20000054   Data           4  main.o(.data)
    ftinfo                                   0x20000058   Data           4  main.o(.data)
    iconftinfo                               0x2000005c   Data           4  main.o(.data)
    w_buffer                                 0x20000060   Data         512  main.o(.data)
    colors                                   0x20000260   Data          24  main.o(.data)
    icon_main_path                           0x20000280   Data           4  icon.o(.data)
    icon_sub_path                            0x20000284   Data           4  icon.o(.data)
    uwTickFreq                               0x20000288   Data           1  stm32f4xx_hal.o(.data)
    uwTickPrio                               0x2000028c   Data           4  stm32f4xx_hal.o(.data)
    uwTick                                   0x20000290   Data           4  stm32f4xx_hal.o(.data)
    SystemCoreClock                          0x20000294   Data           4  system_stm32f4xx.o(.data)
    fs                                       0x200002a4   Data           8  exfuns.o(.data)
    __stdout                                 0x200002ac   Data           4  stdout.o(.data)
    lcddev                                   0x200002b0   Data          14  lcd.o(.bss)
    g_norflash_buf                           0x200002be   Data        4096  norflash.o(.bss)
    datatemp                                 0x2001bbc0   Data          16  main.o(.bss)
    r_buffer                                 0x2001bbd0   Data         512  main.o(.bss)
    paddr                                    0x2001bdd0   Data          20  main.o(.bss)
    lcd_id                                   0x2001bde4   Data          12  main.o(.bss)
    str                                      0x2001bdf0   Data          92  main.o(.bss)
    g_sd_card_info_handle                    0x2001be4c   Data          32  main.o(.bss)
    hsram1                                   0x2001be6c   Data          80  fsmc.o(.bss)
    hsram2                                   0x2001bebc   Data          80  fsmc.o(.bss)
    hsd                                      0x2001bf0c   Data         132  sdio.o(.bss)
    hdma_sdio_rx                             0x2001bf90   Data          96  sdio.o(.bss)
    hdma_sdio_tx                             0x2001bff0   Data          96  sdio.o(.bss)
    hspi1                                    0x2001c050   Data          88  spi.o(.bss)
    huart1                                   0x2001c0a8   Data          68  usart.o(.bss)
    fattester                                0x2001c0f0   Data         384  fattester.o(.bss)
    __initial_sp                             0x2001c670   Data           0  startup_stm32f407xx.o(STACK)



==============================================================================

Memory Map of the image

  Image Entry point : 0x08000189

  Load Region LR_IROM1 (Base: 0x08000000, Size: 0x0000fa00, Max: 0x00100000, ABSOLUTE, COMPRESSED[0x0000f7c0])

    Execution Region ER_IROM1 (Base: 0x08000000, Size: 0x0000f750, Max: 0x00100000, ABSOLUTE)

    Base Addr    Size         Type   Attr      Idx    E Section Name        Object

    0x08000000   0x00000188   Data   RO            3    RESET               startup_stm32f407xx.o
    0x08000188   0x00000000   Code   RO         4928  * .ARM.Collect$$$$00000000  mc_w.l(entry.o)
    0x08000188   0x00000004   Code   RO         5218    .ARM.Collect$$$$00000001  mc_w.l(entry2.o)
    0x0800018c   0x00000004   Code   RO         5221    .ARM.Collect$$$$00000004  mc_w.l(entry5.o)
    0x08000190   0x00000000   Code   RO         5223    .ARM.Collect$$$$00000008  mc_w.l(entry7b.o)
    0x08000190   0x00000000   Code   RO         5225    .ARM.Collect$$$$0000000A  mc_w.l(entry8b.o)
    0x08000190   0x00000008   Code   RO         5226    .ARM.Collect$$$$0000000B  mc_w.l(entry9a.o)
    0x08000198   0x00000000   Code   RO         5228    .ARM.Collect$$$$0000000D  mc_w.l(entry10a.o)
    0x08000198   0x00000000   Code   RO         5230    .ARM.Collect$$$$0000000F  mc_w.l(entry11a.o)
    0x08000198   0x00000004   Code   RO         5219    .ARM.Collect$$$$00002712  mc_w.l(entry2.o)
    0x0800019c   0x00000024   Code   RO            4    .text               startup_stm32f407xx.o
    0x080001c0   0x00000062   Code   RO         4931    .text               mc_w.l(uldiv.o)
    0x08000222   0x00000024   Code   RO         4933    .text               mc_w.l(memcpya.o)
    0x08000246   0x00000024   Code   RO         4935    .text               mc_w.l(memseta.o)
    0x0800026a   0x00000018   Code   RO         4937    .text               mc_w.l(strcat.o)
    0x08000282   0x00000014   Code   RO         4939    .text               mc_w.l(strchr.o)
    0x08000296   0x0000001a   Code   RO         4945    .text               mc_w.l(memcmp.o)
    0x080002b0   0x00000012   Code   RO         4947    .text               mc_w.l(strcpy.o)
    0x080002c2   0x000000e4   Code   RO         5212    .text               mf_w.l(dmul.o)
    0x080003a6   0x0000001a   Code   RO         5214    .text               mf_w.l(dfltui.o)
    0x080003c0   0x00000032   Code   RO         5216    .text               mf_w.l(dfixui.o)
    0x080003f2   0x0000001e   Code   RO         5235    .text               mc_w.l(llshl.o)
    0x08000410   0x00000020   Code   RO         5237    .text               mc_w.l(llushr.o)
    0x08000430   0x00000000   Code   RO         5239    .text               mc_w.l(iusefp.o)
    0x08000430   0x000000ba   Code   RO         5240    .text               mf_w.l(depilogue.o)
    0x080004ea   0x00000002   PAD
    0x080004ec   0x00000024   Code   RO         5250    .text               mc_w.l(init.o)
    0x08000510   0x00000056   Code   RO         5262    .text               mc_w.l(__dczerorl2.o)
    0x08000566   0x00000002   Code   RO         1305    i.BusFault_Handler  stm32f4xx_it.o
    0x08000568   0x0000000c   Code   RO         1306    i.DMA2_Stream3_IRQHandler  stm32f4xx_it.o
    0x08000574   0x0000000c   Code   RO         1307    i.DMA2_Stream6_IRQHandler  stm32f4xx_it.o
    0x08000580   0x00000028   Code   RO         3412    i.DMA_CalcBaseAndBitshift  stm32f4xx_hal_dma.o
    0x080005a8   0x00000054   Code   RO         3413    i.DMA_CheckFifoParam  stm32f4xx_hal_dma.o
    0x080005fc   0x00000028   Code   RO         3414    i.DMA_SetConfig     stm32f4xx_hal_dma.o
    0x08000624   0x00000002   Code   RO         1308    i.DebugMon_Handler  stm32f4xx_it.o
    0x08000626   0x00000006   Code   RO         1309    i.EXTI0_IRQHandler  stm32f4xx_it.o
    0x0800062c   0x00000006   Code   RO         1310    i.EXTI2_IRQHandler  stm32f4xx_it.o
    0x08000632   0x00000006   Code   RO         1311    i.EXTI3_IRQHandler  stm32f4xx_it.o
    0x08000638   0x00000006   Code   RO         1312    i.EXTI4_IRQHandler  stm32f4xx_it.o
    0x0800063e   0x00000002   Code   RO          964    i.Error_Handler     main.o
    0x08000640   0x00000040   Code   RO         1505    i.FSMC_NORSRAM_Extended_Timing_Init  stm32f4xx_ll_fsmc.o
    0x08000680   0x00000054   Code   RO         1506    i.FSMC_NORSRAM_Init  stm32f4xx_ll_fsmc.o
    0x080006d4   0x00000044   Code   RO         1507    i.FSMC_NORSRAM_Timing_Init  stm32f4xx_ll_fsmc.o
    0x08000718   0x00000024   Code   RO         3416    i.HAL_DMA_Abort_IT  stm32f4xx_hal_dma.o
    0x0800073c   0x00000004   Code   RO         3418    i.HAL_DMA_GetError  stm32f4xx_hal_dma.o
    0x08000740   0x000001a0   Code   RO         3420    i.HAL_DMA_IRQHandler  stm32f4xx_hal_dma.o
    0x080008e0   0x000000d4   Code   RO         3421    i.HAL_DMA_Init      stm32f4xx_hal_dma.o
    0x080009b4   0x0000006e   Code   RO         3425    i.HAL_DMA_Start_IT  stm32f4xx_hal_dma.o
    0x08000a22   0x00000006   Code   RO           13    i.HAL_Delay         delay.o
    0x08000a28   0x000000a4   Code   RO         1113    i.HAL_FSMC_MspInit  fsmc.o
    0x08000acc   0x000008b0   Code   RO          965    i.HAL_GPIO_EXTI_Callback  main.o
    0x0800137c   0x00000018   Code   RO         3307    i.HAL_GPIO_EXTI_IRQHandler  stm32f4xx_hal_gpio.o
    0x08001394   0x000001ec   Code   RO         3308    i.HAL_GPIO_Init     stm32f4xx_hal_gpio.o
    0x08001580   0x00000010   Code   RO         3311    i.HAL_GPIO_TogglePin  stm32f4xx_hal_gpio.o
    0x08001590   0x0000000a   Code   RO         3312    i.HAL_GPIO_WritePin  stm32f4xx_hal_gpio.o
    0x0800159a   0x00000002   PAD
    0x0800159c   0x0000000c   Code   RO         3840    i.HAL_GetTick       stm32f4xx_hal.o
    0x080015a8   0x00000010   Code   RO         3846    i.HAL_IncTick       stm32f4xx_hal.o
    0x080015b8   0x00000034   Code   RO         3847    i.HAL_Init          stm32f4xx_hal.o
    0x080015ec   0x00000040   Code   RO         3848    i.HAL_InitTick      stm32f4xx_hal.o
    0x0800162c   0x00000034   Code   RO         1423    i.HAL_MspInit       stm32f4xx_hal_msp.o
    0x08001660   0x0000001a   Code   RO         3697    i.HAL_NVIC_EnableIRQ  stm32f4xx_hal_cortex.o
    0x0800167a   0x00000002   PAD
    0x0800167c   0x00000040   Code   RO         3703    i.HAL_NVIC_SetPriority  stm32f4xx_hal_cortex.o
    0x080016bc   0x00000024   Code   RO         3704    i.HAL_NVIC_SetPriorityGrouping  stm32f4xx_hal_cortex.o
    0x080016e0   0x00000134   Code   RO         2954    i.HAL_RCC_ClockConfig  stm32f4xx_hal_rcc.o
    0x08001814   0x00000020   Code   RO         2961    i.HAL_RCC_GetPCLK1Freq  stm32f4xx_hal_rcc.o
    0x08001834   0x00000020   Code   RO         2962    i.HAL_RCC_GetPCLK2Freq  stm32f4xx_hal_rcc.o
    0x08001854   0x00000060   Code   RO         2963    i.HAL_RCC_GetSysClockFreq  stm32f4xx_hal_rcc.o
    0x080018b4   0x0000036c   Code   RO         2966    i.HAL_RCC_OscConfig  stm32f4xx_hal_rcc.o
    0x08001c20   0x00000002   Code   RO         2014    i.HAL_SD_AbortCallback  stm32f4xx_hal_sd.o
    0x08001c22   0x00000002   PAD
    0x08001c24   0x00000118   Code   RO         2016    i.HAL_SD_ConfigWideBusOperation  stm32f4xx_hal_sd.o
    0x08001d3c   0x00000002   Code   RO         2019    i.HAL_SD_ErrorCallback  stm32f4xx_hal_sd.o
    0x08001d3e   0x00000002   PAD
    0x08001d40   0x00000198   Code   RO         2021    i.HAL_SD_GetCardCSD  stm32f4xx_hal_sd.o
    0x08001ed8   0x00000024   Code   RO         2022    i.HAL_SD_GetCardInfo  stm32f4xx_hal_sd.o
    0x08001efc   0x0000002c   Code   RO         2023    i.HAL_SD_GetCardState  stm32f4xx_hal_sd.o
    0x08001f28   0x00000208   Code   RO         2027    i.HAL_SD_IRQHandler  stm32f4xx_hal_sd.o
    0x08002130   0x00000036   Code   RO         2028    i.HAL_SD_Init       stm32f4xx_hal_sd.o
    0x08002166   0x00000002   PAD
    0x08002168   0x00000074   Code   RO         2029    i.HAL_SD_InitCard   stm32f4xx_hal_sd.o
    0x080021dc   0x00000144   Code   RO         1162    i.HAL_SD_MspInit    sdio.o
    0x08002320   0x000001d8   Code   RO         2032    i.HAL_SD_ReadBlocks  stm32f4xx_hal_sd.o
    0x080024f8   0x00000124   Code   RO         2033    i.HAL_SD_ReadBlocks_DMA  stm32f4xx_hal_sd.o
    0x0800261c   0x0000000c   Code   RO         1076    i.HAL_SD_RxCpltCallback  dma.o
    0x08002628   0x0000000c   Code   RO         1077    i.HAL_SD_TxCpltCallback  dma.o
    0x08002634   0x000001ac   Code   RO         2037    i.HAL_SD_WriteBlocks  stm32f4xx_hal_sd.o
    0x080027e0   0x00000120   Code   RO         2038    i.HAL_SD_WriteBlocks_DMA  stm32f4xx_hal_sd.o
    0x08002900   0x000000bc   Code   RO         2249    i.HAL_SPI_Init      stm32f4xx_hal_spi.o
    0x080029bc   0x00000068   Code   RO         1204    i.HAL_SPI_MspInit   spi.o
    0x08002a24   0x000001e2   Code   RO         2258    i.HAL_SPI_TransmitReceive  stm32f4xx_hal_spi.o
    0x08002c06   0x00000056   Code   RO         1627    i.HAL_SRAM_Init     stm32f4xx_hal_sram.o
    0x08002c5c   0x00000004   Code   RO         1115    i.HAL_SRAM_MspInit  fsmc.o
    0x08002c60   0x00000028   Code   RO         3708    i.HAL_SYSTICK_Config  stm32f4xx_hal_cortex.o
    0x08002c88   0x00000062   Code   RO         2625    i.HAL_UART_Init     stm32f4xx_hal_uart.o
    0x08002cea   0x00000002   PAD
    0x08002cec   0x0000006c   Code   RO         1258    i.HAL_UART_MspInit  usart.o
    0x08002d58   0x00000002   Code   RO         1313    i.HardFault_Handler  stm32f4xx_it.o
    0x08002d5a   0x00000002   PAD
    0x08002d5c   0x0000003c   Code   RO         1078    i.MX_DMA_Init       dma.o
    0x08002d98   0x000000e0   Code   RO         1116    i.MX_FSMC_Init      fsmc.o
    0x08002e78   0x0000016c   Code   RO         1052    i.MX_GPIO_Init      gpio.o
    0x08002fe4   0x00000040   Code   RO         1163    i.MX_SDIO_SD_Init   sdio.o
    0x08003024   0x00000048   Code   RO         1205    i.MX_SPI1_Init      spi.o
    0x0800306c   0x00000038   Code   RO         1259    i.MX_USART1_UART_Init  usart.o
    0x080030a4   0x00000002   Code   RO         1314    i.MemManage_Handler  stm32f4xx_it.o
    0x080030a6   0x00000002   Code   RO         1315    i.NMI_Handler       stm32f4xx_it.o
    0x080030a8   0x00000002   Code   RO         1316    i.PendSV_Handler    stm32f4xx_it.o
    0x080030aa   0x00000024   Code   RO         1743    i.SDIO_ConfigData   stm32f4xx_ll_sdmmc.o
    0x080030ce   0x00000008   Code   RO         1747    i.SDIO_GetPowerState  stm32f4xx_ll_sdmmc.o
    0x080030d6   0x00000006   Code   RO         1748    i.SDIO_GetResponse  stm32f4xx_ll_sdmmc.o
    0x080030dc   0x0000000c   Code   RO         1317    i.SDIO_IRQHandler   stm32f4xx_it.o
    0x080030e8   0x00000024   Code   RO         1749    i.SDIO_Init         stm32f4xx_ll_sdmmc.o
    0x0800310c   0x00000010   Code   RO         1751    i.SDIO_PowerState_ON  stm32f4xx_ll_sdmmc.o
    0x0800311c   0x00000006   Code   RO         1752    i.SDIO_ReadFIFO     stm32f4xx_ll_sdmmc.o
    0x08003122   0x00000020   Code   RO         1753    i.SDIO_SendCommand  stm32f4xx_ll_sdmmc.o
    0x08003142   0x0000000a   Code   RO         1755    i.SDIO_WriteFIFO    stm32f4xx_ll_sdmmc.o
    0x0800314c   0x00000032   Code   RO         1756    i.SDMMC_CmdAppCommand  stm32f4xx_ll_sdmmc.o
    0x0800317e   0x00000002   PAD
    0x08003180   0x00000034   Code   RO         1757    i.SDMMC_CmdAppOperCommand  stm32f4xx_ll_sdmmc.o
    0x080031b4   0x00000032   Code   RO         1758    i.SDMMC_CmdBlockLength  stm32f4xx_ll_sdmmc.o
    0x080031e6   0x00000032   Code   RO         1759    i.SDMMC_CmdBusWidth  stm32f4xx_ll_sdmmc.o
    0x08003218   0x00000050   Code   RO         1763    i.SDMMC_CmdGoIdleState  stm32f4xx_ll_sdmmc.o
    0x08003268   0x00000074   Code   RO         1765    i.SDMMC_CmdOperCond  stm32f4xx_ll_sdmmc.o
    0x080032dc   0x00000032   Code   RO         1766    i.SDMMC_CmdReadMultiBlock  stm32f4xx_ll_sdmmc.o
    0x0800330e   0x00000032   Code   RO         1767    i.SDMMC_CmdReadSingleBlock  stm32f4xx_ll_sdmmc.o
    0x08003340   0x00000032   Code   RO         1770    i.SDMMC_CmdSelDesel  stm32f4xx_ll_sdmmc.o
    0x08003372   0x0000002c   Code   RO         1771    i.SDMMC_CmdSendCID  stm32f4xx_ll_sdmmc.o
    0x0800339e   0x0000002c   Code   RO         1772    i.SDMMC_CmdSendCSD  stm32f4xx_ll_sdmmc.o
    0x080033ca   0x00000030   Code   RO         1774    i.SDMMC_CmdSendSCR  stm32f4xx_ll_sdmmc.o
    0x080033fa   0x00000032   Code   RO         1775    i.SDMMC_CmdSendStatus  stm32f4xx_ll_sdmmc.o
    0x0800342c   0x00000030   Code   RO         1776    i.SDMMC_CmdSetRelAdd  stm32f4xx_ll_sdmmc.o
    0x0800345c   0x00000034   Code   RO         1778    i.SDMMC_CmdStopTransfer  stm32f4xx_ll_sdmmc.o
    0x08003490   0x00000032   Code   RO         1780    i.SDMMC_CmdWriteMultiBlock  stm32f4xx_ll_sdmmc.o
    0x080034c2   0x00000032   Code   RO         1781    i.SDMMC_CmdWriteSingleBlock  stm32f4xx_ll_sdmmc.o
    0x080034f4   0x00000120   Code   RO         1782    i.SDMMC_GetCmdResp1  stm32f4xx_ll_sdmmc.o
    0x08003614   0x00000050   Code   RO         1783    i.SDMMC_GetCmdResp2  stm32f4xx_ll_sdmmc.o
    0x08003664   0x00000044   Code   RO         1784    i.SDMMC_GetCmdResp3  stm32f4xx_ll_sdmmc.o
    0x080036a8   0x00000088   Code   RO         1785    i.SDMMC_GetCmdResp6  stm32f4xx_ll_sdmmc.o
    0x08003730   0x00000064   Code   RO         2040    i.SD_DMAError       stm32f4xx_hal_sd.o
    0x08003794   0x00000042   Code   RO         2041    i.SD_DMAReceiveCplt  stm32f4xx_hal_sd.o
    0x080037d6   0x00000044   Code   RO         2042    i.SD_DMARxAbort     stm32f4xx_hal_sd.o
    0x0800381a   0x0000000e   Code   RO         2043    i.SD_DMATransmitCplt  stm32f4xx_hal_sd.o
    0x08003828   0x00000044   Code   RO         2044    i.SD_DMATxAbort     stm32f4xx_hal_sd.o
    0x0800386c   0x000000da   Code   RO         2045    i.SD_FindSCR        stm32f4xx_hal_sd.o
    0x08003946   0x000000ee   Code   RO         2046    i.SD_InitCard       stm32f4xx_hal_sd.o
    0x08003a34   0x000000b4   Code   RO         2047    i.SD_PowerON        stm32f4xx_hal_sd.o
    0x08003ae8   0x00000058   Code   RO         2287    i.SPI_EndRxTxTransaction  stm32f4xx_hal_spi.o
    0x08003b40   0x000000b8   Code   RO         2292    i.SPI_WaitFlagStateUntilTimeout  stm32f4xx_hal_spi.o
    0x08003bf8   0x00000002   Code   RO         1318    i.SVC_Handler       stm32f4xx_it.o
    0x08003bfa   0x00000004   Code   RO         1319    i.SysTick_Handler   stm32f4xx_it.o
    0x08003bfe   0x00000002   PAD
    0x08003c00   0x00000088   Code   RO          966    i.SystemClock_Config  main.o
    0x08003c88   0x00000010   Code   RO         4086    i.SystemInit        system_stm32f4xx.o
    0x08003c98   0x0000010c   Code   RO         2651    i.UART_SetConfig    stm32f4xx_hal_uart.o
    0x08003da4   0x00000002   Code   RO         1320    i.UsageFault_Handler  stm32f4xx_it.o
    0x08003da6   0x00000002   PAD
    0x08003da8   0x00000020   Code   RO         5158    i.__0printf$8       mc_w.l(printf8.o)
    0x08003dc8   0x00000028   Code   RO         5160    i.__0sprintf$8      mc_w.l(printf8.o)
    0x08003df0   0x00000020   Code   RO         3710    i.__NVIC_SetPriority  stm32f4xx_hal_cortex.o
    0x08003e10   0x0000000e   Code   RO         5256    i.__scatterload_copy  mc_w.l(handlers.o)
    0x08003e1e   0x00000002   Code   RO         5257    i.__scatterload_null  mc_w.l(handlers.o)
    0x08003e20   0x0000000e   Code   RO         5258    i.__scatterload_zeroinit  mc_w.l(handlers.o)
    0x08003e2e   0x00000002   PAD
    0x08003e30   0x00000410   Code   RO         5165    i._printf_core      mc_w.l(printf8.o)
    0x08004240   0x00000024   Code   RO         5166    i._printf_post_padding  mc_w.l(printf8.o)
    0x08004264   0x0000002e   Code   RO         5167    i._printf_pre_padding  mc_w.l(printf8.o)
    0x08004292   0x0000000a   Code   RO         5169    i._sputc            mc_w.l(printf8.o)
    0x0800429c   0x0000007c   Code   RO         4168    i.change_bitmap     ff.o
    0x08004318   0x000000f4   Code   RO         4169    i.check_fs          ff.o
    0x0800440c   0x00000032   Code   RO         4170    i.clmt_clust        ff.o
    0x0800443e   0x00000018   Code   RO         4171    i.clst2sect         ff.o
    0x08004456   0x00000002   PAD
    0x08004458   0x00000080   Code   RO         4172    i.cmp_lfn           ff.o
    0x080044d8   0x0000016a   Code   RO         4173    i.create_chain      ff.o
    0x08004642   0x00000002   PAD
    0x08004644   0x00000230   Code   RO         4174    i.create_name       ff.o
    0x08004874   0x00000138   Code   RO         4175    i.create_partition  ff.o
    0x080049ac   0x0000007e   Code   RO         4176    i.create_xdir       ff.o
    0x08004a2a   0x00000010   Code   RO         4177    i.dbc_1st           ff.o
    0x08004a3a   0x00000002   PAD
    0x08004a3c   0x0000000c   Code   RO           14    i.delay_init        delay.o
    0x08004a48   0x0000000a   Code   RO           15    i.delay_ms          delay.o
    0x08004a52   0x00000002   PAD
    0x08004a54   0x00000034   Code   RO           16    i.delay_us          delay.o
    0x08004a88   0x00000058   Code   RO         4178    i.dir_alloc         ff.o
    0x08004ae0   0x000000aa   Code   RO         4179    i.dir_clear         ff.o
    0x08004b8a   0x00000146   Code   RO         4180    i.dir_find          ff.o
    0x08004cd0   0x000000c4   Code   RO         4181    i.dir_next          ff.o
    0x08004d94   0x000000e4   Code   RO         4182    i.dir_read          ff.o
    0x08004e78   0x00000250   Code   RO         4183    i.dir_register      ff.o
    0x080050c8   0x00000096   Code   RO         4185    i.dir_sdi           ff.o
    0x0800515e   0x0000001a   Code   RO         4123    i.disk_initialize   diskio.o
    0x08005178   0x0000005c   Code   RO         4124    i.disk_ioctl        diskio.o
    0x080051d4   0x00000052   Code   RO         4125    i.disk_read         diskio.o
    0x08005226   0x00000004   Code   RO         4126    i.disk_status       diskio.o
    0x0800522a   0x00000052   Code   RO         4127    i.disk_write        diskio.o
    0x0800527c   0x00000058   Code   RO         1447    i.erase_icon_sector  icon.o
    0x080052d4   0x0000002e   Code   RO         4688    i.exfuns_get_free   exfuns.o
    0x08005302   0x00000002   PAD
    0x08005304   0x00000034   Code   RO         4690    i.exfuns_init       exfuns.o
    0x08005338   0x0000001e   Code   RO         4186    i.f_close           ff.o
    0x08005356   0x00000116   Code   RO         4188    i.f_getfree         ff.o
    0x0800546c   0x00000b50   Code   RO         4193    i.f_mkfs            ff.o
    0x08005fbc   0x0000004c   Code   RO         4194    i.f_mount           ff.o
    0x08006008   0x000002a4   Code   RO         4195    i.f_open            ff.o
    0x080062ac   0x00000186   Code   RO         4200    i.f_read            ff.o
    0x08006432   0x00000002   PAD
    0x08006434   0x00000184   Code   RO         4203    i.f_setlabel        ff.o
    0x080065b8   0x00000168   Code   RO         4205    i.f_sync            ff.o
    0x08006720   0x00000008   Code   RO         4606    i.ff_memalloc       ffsystem.o
    0x08006728   0x00000008   Code   RO         4607    i.ff_memfree        ffsystem.o
    0x08006730   0x00000078   Code   RO         4646    i.ff_oem2uni        ffunicode.o
    0x080067a8   0x00000078   Code   RO         4647    i.ff_uni2oem        ffunicode.o
    0x08006820   0x00000088   Code   RO         4648    i.ff_wtoupper       ffunicode.o
    0x080068a8   0x0000002e   Code   RO         4209    i.fill_first_frag   ff.o
    0x080068d6   0x00000032   Code   RO         4210    i.fill_last_frag    ff.o
    0x08006908   0x00000090   Code   RO         4211    i.find_bitmap       ff.o
    0x08006998   0x0000009c   Code   RO         4212    i.follow_path       ff.o
    0x08006a34   0x00000040   Code   RO          842    i.fonts_init        fonts.o
    0x08006a74   0x00000088   Code   RO          843    i.fonts_progress_show  fonts.o
    0x08006afc   0x00000300   Code   RO          844    i.fonts_update_font  fonts.o
    0x08006dfc   0x00000120   Code   RO          845    i.fonts_update_fontx  fonts.o
    0x08006f1c   0x00000014   Code   RO         1260    i.fputc             usart.o
    0x08006f30   0x0000009c   Code   RO         4213    i.gen_numname       ff.o
    0x08006fcc   0x00000134   Code   RO         4214    i.get_fat           ff.o
    0x08007100   0x00000038   Code   RO         4216    i.get_ldnumber      ff.o
    0x08007138   0x00000018   Code   RO          635    i.get_sd_card_state  sdio_sdcard.o
    0x08007150   0x00000040   Code   RO         1448    i.icons_init        icon.o
    0x08007190   0x00000234   Code   RO         1449    i.icons_update_icon  icon.o
    0x080073c4   0x0000015c   Code   RO         1450    i.icons_update_iconx  icon.o
    0x08007520   0x0000002e   Code   RO         4217    i.init_alloc_info   ff.o
    0x0800754e   0x00000002   PAD
    0x08007550   0x00000030   Code   RO          163    i.lcd_clear         lcd.o
    0x08007580   0x000000ec   Code   RO          165    i.lcd_display_dir   lcd.o
    0x0800766c   0x00000016   Code   RO          171    i.lcd_draw_point    lcd.o
    0x08007682   0x0000022e   Code   RO          173    i.lcd_ex_ili9341_reginit  lcd.o
    0x080078b0   0x00000342   Code   RO          174    i.lcd_ex_ili9806_reginit  lcd.o
    0x08007bf2   0x00000ef4   Code   RO          175    i.lcd_ex_nt35310_reginit  lcd.o
    0x08008ae6   0x00000efa   Code   RO          176    i.lcd_ex_nt35510_reginit  lcd.o
    0x080099e0   0x00000170   Code   RO          177    i.lcd_ex_ssd1963_reginit  lcd.o
    0x08009b50   0x000001aa   Code   RO          178    i.lcd_ex_st7789_reginit  lcd.o
    0x08009cfa   0x000001c8   Code   RO          179    i.lcd_ex_st7796_reginit  lcd.o
    0x08009ec2   0x00000002   PAD
    0x08009ec4   0x00000048   Code   RO          180    i.lcd_fill          lcd.o
    0x08009f0c   0x00000014   Code   RO          182    i.lcd_get_backlight_by_pwm  lcd.o
    0x08009f20   0x000002b0   Code   RO          183    i.lcd_init          lcd.o
    0x0800a1d0   0x00000010   Code   RO          184    i.lcd_pow           lcd.o
    0x0800a1e0   0x0000001a   Code   RO          185    i.lcd_rd_data       lcd.o
    0x0800a1fa   0x00000002   PAD
    0x0800a1fc   0x00000184   Code   RO          187    i.lcd_scan_dir      lcd.o
    0x0800a380   0x0000003a   Code   RO          188    i.lcd_set_backlight_by_pwm  lcd.o
    0x0800a3ba   0x00000002   PAD
    0x0800a3bc   0x000000f4   Code   RO          189    i.lcd_set_cursor    lcd.o
    0x0800a4b0   0x000000dc   Code   RO          191    i.lcd_show_char     lcd.o
    0x0800a58c   0x00000072   Code   RO          192    i.lcd_show_num      lcd.o
    0x0800a5fe   0x00000056   Code   RO          193    i.lcd_show_string   lcd.o
    0x0800a654   0x00000050   Code   RO          195    i.lcd_ssd_backlight_set  lcd.o
    0x0800a6a4   0x00000018   Code   RO          196    i.lcd_wr_data       lcd.o
    0x0800a6bc   0x00000018   Code   RO          197    i.lcd_wr_regno      lcd.o
    0x0800a6d4   0x00000014   Code   RO          198    i.lcd_write_ram_prepare  lcd.o
    0x0800a6e8   0x0000000c   Code   RO          199    i.lcd_write_reg     lcd.o
    0x0800a6f4   0x00000026   Code   RO         4218    i.ld_clust          ff.o
    0x0800a71a   0x00000016   Code   RO         4219    i.ld_dword          ff.o
    0x0800a730   0x00000056   Code   RO         4220    i.ld_qword          ff.o
    0x0800a786   0x0000000a   Code   RO         4221    i.ld_word           ff.o
    0x0800a790   0x0000003a   Code   RO         4222    i.load_obj_xdir     ff.o
    0x0800a7ca   0x000000d0   Code   RO         4223    i.load_xdir         ff.o
    0x0800a89a   0x00000002   PAD
    0x0800a89c   0x000002ac   Code   RO          967    i.main              main.o
    0x0800ab48   0x00000020   Code   RO         4765    i.mf_free           fattester.o
    0x0800ab68   0x00000034   Code   RO         4768    i.mf_init           fattester.o
    0x0800ab9c   0x0000053c   Code   RO          968    i.mount_disks       main.o
    0x0800b0d8   0x000003a0   Code   RO         4224    i.mount_volume      ff.o
    0x0800b478   0x00000032   Code   RO         4225    i.move_window       ff.o
    0x0800b4aa   0x00000002   PAD
    0x0800b4ac   0x0000002c   Code   RO          701    i.my_mem_init       mymalloc.o
    0x0800b4d8   0x00000090   Code   RO          702    i.my_mem_malloc     mymalloc.o
    0x0800b568   0x0000003c   Code   RO          703    i.my_mem_perused    mymalloc.o
    0x0800b5a4   0x0000000e   Code   RO          704    i.my_mem_set        mymalloc.o
    0x0800b5b2   0x00000002   PAD
    0x0800b5b4   0x0000005c   Code   RO          705    i.myfree            mymalloc.o
    0x0800b610   0x00000020   Code   RO          706    i.mymalloc          mymalloc.o
    0x0800b630   0x00000040   Code   RO          532    i.norflash_erase_sector  norflash.o
    0x0800b670   0x00000068   Code   RO          533    i.norflash_init     norflash.o
    0x0800b6d8   0x00000050   Code   RO          534    i.norflash_read     norflash.o
    0x0800b728   0x0000004c   Code   RO          535    i.norflash_read_id  norflash.o
    0x0800b774   0x00000048   Code   RO          536    i.norflash_read_sr  norflash.o
    0x0800b7bc   0x00000034   Code   RO          537    i.norflash_send_address  norflash.o
    0x0800b7f0   0x0000000e   Code   RO          538    i.norflash_wait_busy  norflash.o
    0x0800b7fe   0x00000002   PAD
    0x0800b800   0x0000009c   Code   RO          539    i.norflash_write    norflash.o
    0x0800b89c   0x0000002c   Code   RO          540    i.norflash_write_enable  norflash.o
    0x0800b8c8   0x00000080   Code   RO          541    i.norflash_write_nocheck  norflash.o
    0x0800b948   0x0000004c   Code   RO          542    i.norflash_write_sr  norflash.o
    0x0800b994   0x00000074   Code   RO         4226    i.pick_lfn          ff.o
    0x0800ba08   0x000000f6   Code   RO         4227    i.put_fat           ff.o
    0x0800bafe   0x00000106   Code   RO         4232    i.remove_chain      ff.o
    0x0800bc04   0x00000080   Code   RO          636    i.sd_init           sdio_sdcard.o
    0x0800bc84   0x00000034   Code   RO          637    i.sd_read_disk      sdio_sdcard.o
    0x0800bcb8   0x00000034   Code   RO          638    i.sd_write_disk     sdio_sdcard.o
    0x0800bcec   0x00000020   Code   RO         1206    i.spi1_read_write_byte  spi.o
    0x0800bd0c   0x00000034   Code   RO         1207    i.spi1_set_speed    spi.o
    0x0800bd40   0x00000164   Code   RO          778    i.sram_init         sram.o
    0x0800bea4   0x00000028   Code   RO         4233    i.st_clust          ff.o
    0x0800becc   0x00000010   Code   RO         4234    i.st_dword          ff.o
    0x0800bedc   0x0000004a   Code   RO         4235    i.st_qword          ff.o
    0x0800bf26   0x00000008   Code   RO         4236    i.st_word           ff.o
    0x0800bf2e   0x0000006a   Code   RO         4237    i.store_xdir        ff.o
    0x0800bf98   0x0000001a   Code   RO         4238    i.sum_sfn           ff.o
    0x0800bfb2   0x00000002   PAD
    0x0800bfb4   0x00000084   Code   RO         4239    i.sync_fs           ff.o
    0x0800c038   0x00000046   Code   RO         4240    i.sync_window       ff.o
    0x0800c07e   0x0000004e   Code   RO         4241    i.tchar2uni         ff.o
    0x0800c0cc   0x00000034   Code   RO         4242    i.validate          ff.o
    0x0800c100   0x00000034   Code   RO         4243    i.xdir_sum          ff.o
    0x0800c134   0x0000003e   Code   RO         4244    i.xname_sum         ff.o
    0x0800c172   0x00000010   Code   RO         4245    i.xsum32            ff.o
    0x0800c182   0x00002f80   Data   RO          201    .constdata          lcd.o
    0x0800f102   0x00000002   PAD
    0x0800f104   0x00000024   Data   RO          714    .constdata          mymalloc.o
    0x0800f128   0x00000040   Data   RO          846    .constdata          fonts.o
    0x0800f168   0x00000010   Data   RO          971    .constdata          main.o
    0x0800f178   0x00000048   Data   RO         1451    .constdata          icon.o
    0x0800f1c0   0x00000008   Data   RO         3427    .constdata          stm32f4xx_hal_dma.o
    0x0800f1c8   0x00000010   Data   RO         4087    .constdata          system_stm32f4xx.o
    0x0800f1d8   0x00000008   Data   RO         4088    .constdata          system_stm32f4xx.o
    0x0800f1e0   0x0000004c   Data   RO         4246    .constdata          ff.o
    0x0800f22c   0x000002ae   Data   RO         4649    .constdata          ffunicode.o
    0x0800f4da   0x00000002   PAD
    0x0800f4dc   0x0000010e   Data   RO          847    .conststring        fonts.o
    0x0800f5ea   0x00000002   PAD
    0x0800f5ec   0x00000141   Data   RO         1452    .conststring        icon.o
    0x0800f72d   0x00000003   PAD
    0x0800f730   0x00000020   Data   RO         5254    Region$$Table       anon$$obj.o


    Execution Region RW_IRAM1 (Base: 0x20000000, Size: 0x0001c670, Max: 0x00020000, ABSOLUTE, COMPRESSED[0x00000070])

    Base Addr    Size         Type   Attr      Idx    E Section Name        Object

    0x20000000   0x00000004   Data   RW           17    .data               delay.o
    0x20000004   0x00000004   Data   RW          202    .data               lcd.o
    0x20000008   0x00000004   Data   RW          203    .data               lcd.o
    0x2000000c   0x00000002   Data   RW          544    .data               norflash.o
    0x2000000e   0x00000002   PAD
    0x20000010   0x00000024   Data   RW          715    .data               mymalloc.o
    0x20000034   0x00000004   Data   RW          848    .data               fonts.o
    0x20000038   0x00000240   Data   RW          972    .data               main.o
    0x20000278   0x00000008   Data   RW         1118    .data               fsmc.o
    0x20000280   0x00000008   Data   RW         1453    .data               icon.o
    0x20000288   0x0000000c   Data   RW         3854    .data               stm32f4xx_hal.o
    0x20000294   0x00000004   Data   RW         4089    .data               system_stm32f4xx.o
    0x20000298   0x0000000c   Data   RW         4248    .data               ff.o
    0x200002a4   0x00000008   Data   RW         4693    .data               exfuns.o
    0x200002ac   0x00000004   Data   RW         5232    .data               mc_w.l(stdout.o)
    0x200002b0   0x0000000e   Zero   RW          200    .bss                lcd.o
    0x200002be   0x00001000   Zero   RW          543    .bss                norflash.o
    0x200012be   0x00000002   PAD
    0x200012c0   0x00019000   Zero   RW          712    .bss                mymalloc.o
    0x2001a2c0   0x00001900   Zero   RW          713    .bss                mymalloc.o
    0x2001bbc0   0x0000028c   Zero   RW          969    .bss                main.o
    0x2001be4c   0x00000020   Zero   RW          970    .bss                main.o
    0x2001be6c   0x000000a0   Zero   RW         1117    .bss                fsmc.o
    0x2001bf0c   0x00000144   Zero   RW         1164    .bss                sdio.o
    0x2001c050   0x00000058   Zero   RW         1208    .bss                spi.o
    0x2001c0a8   0x00000044   Zero   RW         1261    .bss                usart.o
    0x2001c0ec   0x00000004   PAD
    0x2001c0f0   0x00000180   Zero   RW         4786    .bss                fattester.o
    0x2001c270   0x00000400   Zero   RW            1    STACK               startup_stm32f407xx.o



  Load Region LR$$.ARM.__AT_0x10000000 (Base: 0x10000000, Size: 0x00000000, Max: 0x0000f000, ABSOLUTE)

    Execution Region ER$$.ARM.__AT_0x10000000 (Base: 0x10000000, Size: 0x0000f000, Max: 0x0000f000, ABSOLUTE, UNINIT)

    Base Addr    Size         Type   Attr      Idx    E Section Name        Object

    0x10000000   0x0000f000   Zero   RW          708    .ARM.__AT_0x10000000  mymalloc.o



  Load Region LR$$.ARM.__AT_0x1000F000 (Base: 0x1000f000, Size: 0x00000000, Max: 0x00000f00, ABSOLUTE)

    Execution Region ER$$.ARM.__AT_0x1000F000 (Base: 0x1000f000, Size: 0x00000f00, Max: 0x00000f00, ABSOLUTE, UNINIT)

    Base Addr    Size         Type   Attr      Idx    E Section Name        Object

    0x1000f000   0x00000f00   Zero   RW          709    .ARM.__AT_0x1000F000  mymalloc.o



  Load Region LR$$.ARM.__AT_0x68000000 (Base: 0x68000000, Size: 0x00000000, Max: 0x000f0c00, ABSOLUTE)

    Execution Region ER$$.ARM.__AT_0x68000000 (Base: 0x68000000, Size: 0x000f0c00, Max: 0x000f0c00, ABSOLUTE, UNINIT)

    Base Addr    Size         Type   Attr      Idx    E Section Name        Object

    0x68000000   0x000f0c00   Zero   RW          710    .ARM.__AT_0x68000000  mymalloc.o



  Load Region LR$$.ARM.__AT_0x680F0C00 (Base: 0x680f0c00, Size: 0x00000000, Max: 0x0000f0c0, ABSOLUTE)

    Execution Region ER$$.ARM.__AT_0x680F0C00 (Base: 0x680f0c00, Size: 0x0000f0c0, Max: 0x0000f0c0, ABSOLUTE, UNINIT)

    Base Addr    Size         Type   Attr      Idx    E Section Name        Object

    0x680f0c00   0x0000f0c0   Zero   RW          711    .ARM.__AT_0x680F0C00  mymalloc.o


==============================================================================

Image component sizes


      Code (inc. data)   RO Data    RW Data    ZI Data      Debug   Object Name

        80         10          0          4          0     701819   delay.o
       286          6          0          0          0       4214   diskio.o
        84         12          0          0          0       1835   dma.o
        98          4          0          8          0       2499   exfuns.o
        84         10          0          0        384       2512   fattester.o
     12508        208         76         12          0      77753   ff.o
        16          0          0          0          0       1095   ffsystem.o
       376         30        686          0          0       3348   ffunicode.o
      1256        206        334          4          0       7809   fonts.o
       392         34          0          8        160       2390   fsmc.o
       364         30          0          0          0       1179   gpio.o
      1064        134        393          8          0       4646   icon.o
     12702         94      12160          8         14     719169   lcd.o
      4386       1810         16        576        684       9652   main.o
       386         40         36         36    1221824       6323   mymalloc.o
       866         52          0          2       4096       9060   norflash.o
       388         34          0          0        324       1963   sdio.o
       256         90          0          0          0       2997   sdio_sdcard.o
       260         28          0          0         88       2813   spi.o
       356         30          0          0          0       1435   sram.o
        36          8        392          0       1024        848   startup_stm32f407xx.o
       144         24          0         12          0       8877   stm32f4xx_hal.o
       198         14          0          0          0      34043   stm32f4xx_hal_cortex.o
       942         16          8          0          0       7189   stm32f4xx_hal_dma.o
       542         50          0          0          0       3540   stm32f4xx_hal_gpio.o
        52          4          0          0          0        866   stm32f4xx_hal_msp.o
      1344         72          0          0          0       5336   stm32f4xx_hal_rcc.o
      3894         80          0          0          0      21015   stm32f4xx_hal_sd.o
       942         12          0          0          0       4993   stm32f4xx_hal_spi.o
        86          0          0          0          0       1248   stm32f4xx_hal_sram.o
       366         10          0          0          0       2036   stm32f4xx_hal_uart.o
        80         18          0          0          0       7552   stm32f4xx_it.o
       216         12          0          0          0       2767   stm32f4xx_ll_fsmc.o
      1656         46          0          0          0      23495   stm32f4xx_ll_sdmmc.o
        16          4         24          4          0       1155   system_stm32f4xx.o
       184         28          0          0         68       2262   usart.o

    ----------------------------------------------------------------------
     46956       3260      14166        684    1228672    1691733   Object Totals
         0          0         32          0          0          0   (incl. Generated)
        50          0          9          2          6          0   (incl. Padding)

    ----------------------------------------------------------------------

      Code (inc. data)   RO Data    RW Data    ZI Data      Debug   Library Member Name

        86          0          0          0          0          0   __dczerorl2.o
         0          0          0          0          0          0   entry.o
         0          0          0          0          0          0   entry10a.o
         0          0          0          0          0          0   entry11a.o
         8          4          0          0          0          0   entry2.o
         4          0          0          0          0          0   entry5.o
         0          0          0          0          0          0   entry7b.o
         0          0          0          0          0          0   entry8b.o
         8          4          0          0          0          0   entry9a.o
        30          0          0          0          0          0   handlers.o
        36          8          0          0          0         68   init.o
         0          0          0          0          0          0   iusefp.o
        30          0          0          0          0         68   llshl.o
        32          0          0          0          0         68   llushr.o
        26          0          0          0          0         80   memcmp.o
        36          0          0          0          0         68   memcpya.o
        36          0          0          0          0        108   memseta.o
      1204         60          0          0          0        504   printf8.o
         0          0          0          4          0          0   stdout.o
        24          0          0          0          0         68   strcat.o
        20          0          0          0          0         68   strchr.o
        18          0          0          0          0         68   strcpy.o
        98          0          0          0          0         92   uldiv.o
       186          0          0          0          0        176   depilogue.o
        50          0          0          0          0         76   dfixui.o
        26          0          0          0          0         76   dfltui.o
       228          0          0          0          0         96   dmul.o

    ----------------------------------------------------------------------
      2190         76          0          4          0       1684   Library Totals
         4          0          0          0          0          0   (incl. Padding)

    ----------------------------------------------------------------------

      Code (inc. data)   RO Data    RW Data    ZI Data      Debug   Library Name

      1696         76          0          4          0       1260   mc_w.l
       490          0          0          0          0        424   mf_w.l

    ----------------------------------------------------------------------
      2190         76          0          4          0       1684   Library Totals

    ----------------------------------------------------------------------

==============================================================================


      Code (inc. data)   RO Data    RW Data    ZI Data      Debug   

     49146       3336      14166        688    1228672    1668017   Grand Totals
     49146       3336      14166        112    1228672    1668017   ELF Image Totals (compressed)
     49146       3336      14166        112          0          0   ROM Totals

==============================================================================

    Total RO  Size (Code + RO Data)                63312 (  61.83kB)
    Total RW  Size (RW Data + ZI Data)           1229360 (1200.55kB)
    Total ROM Size (Code + RO Data + RW Data)      63424 (  61.94kB)

==============================================================================

